172.16.1.103 - synthetic.customer.0008 [22/Apr/2026:08:00:11 +0000] "GET /home HTTP/1.1" 200 10711 "-" "Mozilla/5.0 (X11; Linux x86_64) AppleWebKit/537.36 (KHTML, like Gecko) Chrome/124.0 Safari/537.36" "session_id=004deabc-b2d2-4589-9913-86794d64796a event_type=home_view"
172.16.1.101 - synthetic.customer.0074 [22/Apr/2026:08:00:14 +0000] "GET /home HTTP/1.1" 200 6357 "https://bookstore.example.com/home" "Mozilla/5.0 (Macintosh; Intel Mac OS X 10_15_7) AppleWebKit/537.36 (KHTML, like Gecko) Chrome/124.0 Safari/537.36" "session_id=cbc8bec7-dd38-4e90-a87b-b1b303c9f132 event_type=home_view"
190.144.10.25 - synthetic.customer.0002 [22/Apr/2026:08:00:58 +0000] "GET /home HTTP/1.1" 200 14151 "-" "Mozilla/5.0 (Android 14; Mobile) AppleWebKit/537.36 (KHTML, like Gecko) Chrome/124.0 Mobile Safari/537.36" "session_id=b14e4211-a832-4f60-bd6d-4f02c7671b28 event_type=home_view"
172.16.1.101 - synthetic.customer.0074 [22/Apr/2026:08:01:53 +0000] "GET /search?q=clean+code HTTP/1.1" 200 8028 "https://bookstore.example.com/home" "Mozilla/5.0 (Macintosh; Intel Mac OS X 10_15_7) AppleWebKit/537.36 (KHTML, like Gecko) Chrome/124.0 Safari/537.36" "session_id=cbc8bec7-dd38-4e90-a87b-b1b303c9f132 event_type=search"
172.16.1.103 - synthetic.customer.0008 [22/Apr/2026:08:02:23 +0000] "GET /search?q=mlops HTTP/1.1" 200 1874 "https://bookstore.example.com/home" "Mozilla/5.0 (X11; Linux x86_64) AppleWebKit/537.36 (KHTML, like Gecko) Chrome/124.0 Safari/537.36" "session_id=004deabc-b2d2-4589-9913-86794d64796a event_type=search"
190.144.10.25 - synthetic.customer.0029 [22/Apr/2026:08:02:36 +0000] "GET /home HTTP/1.1" 404 - "-" "Mozilla/5.0 (iPhone; CPU iPhone OS 17_4 like Mac OS X) AppleWebKit/605.1.15 (KHTML, like Gecko) Version/17.4 Mobile/15E148 Safari/604.1" "session_id=eb6b3c96-1221-4073-a868-80171f36b956 event_type=home_view"
190.144.10.25 - synthetic.customer.0002 [22/Apr/2026:08:03:04 +0000] "GET /books HTTP/1.1" 200 10679 "https://bookstore.example.com/home" "Mozilla/5.0 (Android 14; Mobile) AppleWebKit/537.36 (KHTML, like Gecko) Chrome/124.0 Mobile Safari/537.36" "session_id=b14e4211-a832-4f60-bd6d-4f02c7671b28 event_type=book_list_view"
190.144.10.25 - synthetic.customer.0029 [22/Apr/2026:08:03:39 +0000] "GET /search?q=distributed+systems HTTP/1.1" 200 15653 "https://bookstore.example.com/home" "Mozilla/5.0 (iPhone; CPU iPhone OS 17_4 like Mac OS X) AppleWebKit/605.1.15 (KHTML, like Gecko) Version/17.4 Mobile/15E148 Safari/604.1" "session_id=eb6b3c96-1221-4073-a868-80171f36b956 event_type=search"
190.144.10.25 - synthetic.customer.0002 [22/Apr/2026:08:04:22 +0000] "GET /books/9780132350884 HTTP/1.1" 200 4378 "https://bookstore.example.com/books" "Mozilla/5.0 (Android 14; Mobile) AppleWebKit/537.36 (KHTML, like Gecko) Chrome/124.0 Mobile Safari/537.36" "session_id=b14e4211-a832-4f60-bd6d-4f02c7671b28 event_type=book_view"
152.200.45.18 - synthetic.customer.0038 [22/Apr/2026:08:04:47 +0000] "GET /home HTTP/1.1" 200 7764 "https://www.google.com/" "Mozilla/5.0 (Windows NT 10.0; Win64; x64) AppleWebKit/537.36 (KHTML, like Gecko) Chrome/124.0 Safari/537.36" "session_id=fe2689c0-60dd-49fd-809b-d5bd353235fd event_type=home_view"
172.16.1.101 - synthetic.customer.0074 [22/Apr/2026:08:05:27 +0000] "GET /books HTTP/1.1" 200 8351 "https://bookstore.example.com/search?q=clean+code" "Mozilla/5.0 (Macintosh; Intel Mac OS X 10_15_7) AppleWebKit/537.36 (KHTML, like Gecko) Chrome/124.0 Safari/537.36" "session_id=cbc8bec7-dd38-4e90-a87b-b1b303c9f132 event_type=book_list_view"
172.16.1.101 - synthetic.customer.0074 [22/Apr/2026:08:05:54 +0000] "GET /books/9781491950357 HTTP/1.1" 200 13327 "https://bookstore.example.com/books" "Mozilla/5.0 (Macintosh; Intel Mac OS X 10_15_7) AppleWebKit/537.36 (KHTML, like Gecko) Chrome/124.0 Safari/537.36" "session_id=cbc8bec7-dd38-4e90-a87b-b1b303c9f132 event_type=book_view"
172.16.1.103 - synthetic.customer.0008 [22/Apr/2026:08:05:57 +0000] "GET /books HTTP/1.1" 200 10717 "https://bookstore.example.com/search?q=mlops" "Mozilla/5.0 (X11; Linux x86_64) AppleWebKit/537.36 (KHTML, like Gecko) Chrome/124.0 Safari/537.36" "session_id=004deabc-b2d2-4589-9913-86794d64796a event_type=book_list_view"
190.144.10.25 - synthetic.customer.0029 [22/Apr/2026:08:06:20 +0000] "GET /books HTTP/1.1" 200 14482 "https://bookstore.example.com/search?q=distributed+systems" "Mozilla/5.0 (iPhone; CPU iPhone OS 17_4 like Mac OS X) AppleWebKit/605.1.15 (KHTML, like Gecko) Version/17.4 Mobile/15E148 Safari/604.1" "session_id=eb6b3c96-1221-4073-a868-80171f36b956 event_type=book_list_view"
152.200.45.18 - synthetic.customer.0038 [22/Apr/2026:08:06:49 +0000] "GET /books HTTP/1.1" 200 8380 "https://bookstore.example.com/home" "Mozilla/5.0 (Windows NT 10.0; Win64; x64) AppleWebKit/537.36 (KHTML, like Gecko) Chrome/124.0 Safari/537.36" "session_id=fe2689c0-60dd-49fd-809b-d5bd353235fd event_type=book_list_view"
172.16.1.103 - synthetic.customer.0012 [22/Apr/2026:08:06:54 +0000] "GET /home HTTP/1.1" 200 1035 "https://bookstore.example.com/home" "Mozilla/5.0 (iPhone; CPU iPhone OS 17_4 like Mac OS X) AppleWebKit/605.1.15 (KHTML, like Gecko) Version/17.4 Mobile/15E148 Safari/604.1" "session_id=126c9e4c-b0af-4815-8fd4-7270050b33c2 event_type=home_view"
172.16.1.103 - synthetic.customer.0012 [22/Apr/2026:08:07:08 +0000] "GET /search?q=data+engineering HTTP/1.1" 200 15761 "https://bookstore.example.com/home" "Mozilla/5.0 (iPhone; CPU iPhone OS 17_4 like Mac OS X) AppleWebKit/605.1.15 (KHTML, like Gecko) Version/17.4 Mobile/15E148 Safari/604.1" "session_id=126c9e4c-b0af-4815-8fd4-7270050b33c2 event_type=search"
190.144.10.25 - synthetic.customer.0002 [22/Apr/2026:08:07:30 +0000] "GET /books/9780131103627 HTTP/1.1" 200 7631 "https://bookstore.example.com/books/9780132350884" "Mozilla/5.0 (Android 14; Mobile) AppleWebKit/537.36 (KHTML, like Gecko) Chrome/124.0 Mobile Safari/537.36" "session_id=b14e4211-a832-4f60-bd6d-4f02c7671b28 event_type=book_view"
172.16.1.103 - synthetic.customer.0008 [22/Apr/2026:08:07:41 +0000] "GET /books/9781789801817 HTTP/1.1" 404 - "https://bookstore.example.com/books" "Mozilla/5.0 (X11; Linux x86_64) AppleWebKit/537.36 (KHTML, like Gecko) Chrome/124.0 Safari/537.36" "session_id=004deabc-b2d2-4589-9913-86794d64796a event_type=book_view"
172.16.1.101 - anonymous [22/Apr/2026:08:08:21 +0000] "GET /home HTTP/1.1" 200 8148 "https://www.google.com/" "Mozilla/5.0 (Android 14; Mobile) AppleWebKit/537.36 (KHTML, like Gecko) Chrome/124.0 Mobile Safari/537.36" "session_id=ae3b04bd-b351-451b-8960-c23b78d971ff event_type=home_view"
172.16.1.101 - synthetic.customer.0074 [22/Apr/2026:08:08:30 +0000] "GET /books/9781789801817 HTTP/1.1" 200 13267 "https://bookstore.example.com/books/9781491950357" "Mozilla/5.0 (Macintosh; Intel Mac OS X 10_15_7) AppleWebKit/537.36 (KHTML, like Gecko) Chrome/124.0 Safari/537.36" "session_id=cbc8bec7-dd38-4e90-a87b-b1b303c9f132 event_type=book_view"
190.144.10.25 - synthetic.customer.0002 [22/Apr/2026:08:09:07 +0000] "GET /books/9780131103627 HTTP/1.1" 200 1323 "https://bookstore.example.com/books/9780131103627" "Mozilla/5.0 (Android 14; Mobile) AppleWebKit/537.36 (KHTML, like Gecko) Chrome/124.0 Mobile Safari/537.36" "session_id=b14e4211-a832-4f60-bd6d-4f02c7671b28 event_type=book_view"
172.16.1.104 - synthetic.customer.0006 [22/Apr/2026:08:09:10 +0000] "GET /home HTTP/1.1" 200 9761 "https://www.google.com/" "Mozilla/5.0 (Windows NT 10.0; Win64; x64) AppleWebKit/537.36 (KHTML, like Gecko) Chrome/124.0 Safari/537.36" "session_id=6e4baae1-7855-4227-a1b5-364ed3de9338 event_type=home_view"
172.16.1.101 - anonymous [22/Apr/2026:08:09:15 +0000] "GET /search?q=data+engineering HTTP/1.1" 301 643 "https://bookstore.example.com/home" "Mozilla/5.0 (Android 14; Mobile) AppleWebKit/537.36 (KHTML, like Gecko) Chrome/124.0 Mobile Safari/537.36" "session_id=ae3b04bd-b351-451b-8960-c23b78d971ff event_type=search"
172.16.1.103 - synthetic.customer.0008 [22/Apr/2026:08:10:15 +0000] "GET /books/9781617294433 HTTP/1.1" 200 1753 "https://bookstore.example.com/books/9781789801817" "Mozilla/5.0 (X11; Linux x86_64) AppleWebKit/537.36 (KHTML, like Gecko) Chrome/124.0 Safari/537.36" "session_id=004deabc-b2d2-4589-9913-86794d64796a event_type=book_view"
152.200.45.18 - synthetic.customer.0038 [22/Apr/2026:08:10:16 +0000] "GET /books/9781491950357 HTTP/1.1" 200 3897 "https://bookstore.example.com/books" "Mozilla/5.0 (Windows NT 10.0; Win64; x64) AppleWebKit/537.36 (KHTML, like Gecko) Chrome/124.0 Safari/537.36" "session_id=fe2689c0-60dd-49fd-809b-d5bd353235fd event_type=book_view"
190.144.10.25 - synthetic.customer.0029 [22/Apr/2026:08:10:23 +0000] "GET /books/9781617294433 HTTP/1.1" 200 8331 "https://bookstore.example.com/books" "Mozilla/5.0 (iPhone; CPU iPhone OS 17_4 like Mac OS X) AppleWebKit/605.1.15 (KHTML, like Gecko) Version/17.4 Mobile/15E148 Safari/604.1" "session_id=eb6b3c96-1221-4073-a868-80171f36b956 event_type=book_view"
172.16.1.101 - anonymous [22/Apr/2026:08:10:28 +0000] "GET /books HTTP/1.1" 200 13397 "https://bookstore.example.com/search?q=data+engineering" "Mozilla/5.0 (Android 14; Mobile) AppleWebKit/537.36 (KHTML, like Gecko) Chrome/124.0 Mobile Safari/537.36" "session_id=ae3b04bd-b351-451b-8960-c23b78d971ff event_type=book_list_view"
172.16.1.103 - synthetic.customer.0012 [22/Apr/2026:08:10:48 +0000] "GET /books HTTP/1.1" 200 9542 "https://bookstore.example.com/search?q=data+engineering" "Mozilla/5.0 (iPhone; CPU iPhone OS 17_4 like Mac OS X) AppleWebKit/605.1.15 (KHTML, like Gecko) Version/17.4 Mobile/15E148 Safari/604.1" "session_id=126c9e4c-b0af-4815-8fd4-7270050b33c2 event_type=book_list_view"
172.16.1.104 - synthetic.customer.0006 [22/Apr/2026:08:11:06 +0000] "GET /books HTTP/1.1" 200 10197 "https://bookstore.example.com/home" "Mozilla/5.0 (Windows NT 10.0; Win64; x64) AppleWebKit/537.36 (KHTML, like Gecko) Chrome/124.0 Safari/537.36" "session_id=6e4baae1-7855-4227-a1b5-364ed3de9338 event_type=book_list_view"
172.16.1.101 - synthetic.customer.0074 [22/Apr/2026:08:11:09 +0000] "GET /books/9781789801817 HTTP/1.1" 200 2526 "https://bookstore.example.com/books/9781789801817" "Mozilla/5.0 (Macintosh; Intel Mac OS X 10_15_7) AppleWebKit/537.36 (KHTML, like Gecko) Chrome/124.0 Safari/537.36" "session_id=cbc8bec7-dd38-4e90-a87b-b1b303c9f132 event_type=book_view"
172.16.1.101 - anonymous [22/Apr/2026:08:11:15 +0000] "GET /books/9781789801817 HTTP/1.1" 200 7262 "https://bookstore.example.com/books" "Mozilla/5.0 (Android 14; Mobile) AppleWebKit/537.36 (KHTML, like Gecko) Chrome/124.0 Mobile Safari/537.36" "session_id=ae3b04bd-b351-451b-8960-c23b78d971ff event_type=book_view"
172.16.1.103 - synthetic.customer.0012 [22/Apr/2026:08:12:03 +0000] "GET /books/9780262046305 HTTP/1.1" 404 - "https://bookstore.example.com/books" "Mozilla/5.0 (iPhone; CPU iPhone OS 17_4 like Mac OS X) AppleWebKit/605.1.15 (KHTML, like Gecko) Version/17.4 Mobile/15E148 Safari/604.1" "session_id=126c9e4c-b0af-4815-8fd4-7270050b33c2 event_type=book_view"
172.16.1.103 - synthetic.customer.0008 [22/Apr/2026:08:13:28 +0000] "GET /books/9781789801817 HTTP/1.1" 200 11443 "https://bookstore.example.com/books/9781617294433" "Mozilla/5.0 (X11; Linux x86_64) AppleWebKit/537.36 (KHTML, like Gecko) Chrome/124.0 Safari/537.36" "session_id=004deabc-b2d2-4589-9913-86794d64796a event_type=book_view"
190.144.10.25 - synthetic.customer.0029 [22/Apr/2026:08:13:49 +0000] "GET /books/9780262046305 HTTP/1.1" 200 3013 "https://bookstore.example.com/books/9781617294433" "Mozilla/5.0 (iPhone; CPU iPhone OS 17_4 like Mac OS X) AppleWebKit/605.1.15 (KHTML, like Gecko) Version/17.4 Mobile/15E148 Safari/604.1" "session_id=eb6b3c96-1221-4073-a868-80171f36b956 event_type=book_view"
172.16.1.104 - synthetic.customer.0006 [22/Apr/2026:08:13:51 +0000] "GET /books/9781789801817 HTTP/1.1" 200 1333 "https://bookstore.example.com/books" "Mozilla/5.0 (Windows NT 10.0; Win64; x64) AppleWebKit/537.36 (KHTML, like Gecko) Chrome/124.0 Safari/537.36" "session_id=6e4baae1-7855-4227-a1b5-364ed3de9338 event_type=book_view"
172.16.1.103 - synthetic.customer.0008 [22/Apr/2026:08:14:03 +0000] "POST /cart/add?book_id=9781789801817 HTTP/1.1" 404 3101 "https://bookstore.example.com/books/9781789801817" "Mozilla/5.0 (X11; Linux x86_64) AppleWebKit/537.36 (KHTML, like Gecko) Chrome/124.0 Safari/537.36" "session_id=004deabc-b2d2-4589-9913-86794d64796a event_type=add_to_cart"
172.16.1.103 - synthetic.customer.0012 [22/Apr/2026:08:14:16 +0000] "GET /books/9780262046305 HTTP/1.1" 200 4960 "https://bookstore.example.com/books/9780262046305" "Mozilla/5.0 (iPhone; CPU iPhone OS 17_4 like Mac OS X) AppleWebKit/605.1.15 (KHTML, like Gecko) Version/17.4 Mobile/15E148 Safari/604.1" "session_id=126c9e4c-b0af-4815-8fd4-7270050b33c2 event_type=book_view"
172.16.1.101 - anonymous [22/Apr/2026:08:14:42 +0000] "GET /books/9781789801817 HTTP/1.1" 200 11808 "https://bookstore.example.com/books/9781789801817" "Mozilla/5.0 (Android 14; Mobile) AppleWebKit/537.36 (KHTML, like Gecko) Chrome/124.0 Mobile Safari/537.36" "session_id=ae3b04bd-b351-451b-8960-c23b78d971ff event_type=book_view"
190.144.10.25 - synthetic.customer.0029 [22/Apr/2026:08:16:07 +0000] "GET /books/9781617294433 HTTP/1.1" 200 4342 "https://bookstore.example.com/books/9780262046305" "Mozilla/5.0 (iPhone; CPU iPhone OS 17_4 like Mac OS X) AppleWebKit/605.1.15 (KHTML, like Gecko) Version/17.4 Mobile/15E148 Safari/604.1" "session_id=eb6b3c96-1221-4073-a868-80171f36b956 event_type=book_view"
172.16.1.103 - synthetic.customer.0008 [22/Apr/2026:08:16:10 +0000] "GET /cart HTTP/1.1" 200 7294 "https://bookstore.example.com/cart/add?book_id=9781789801817" "Mozilla/5.0 (X11; Linux x86_64) AppleWebKit/537.36 (KHTML, like Gecko) Chrome/124.0 Safari/537.36" "session_id=004deabc-b2d2-4589-9913-86794d64796a event_type=cart_view"
190.144.10.25 - synthetic.customer.0029 [22/Apr/2026:08:16:27 +0000] "POST /cart/add?book_id=9780262046305 HTTP/1.1" 200 1632 "https://bookstore.example.com/books/9781617294433" "Mozilla/5.0 (iPhone; CPU iPhone OS 17_4 like Mac OS X) AppleWebKit/605.1.15 (KHTML, like Gecko) Version/17.4 Mobile/15E148 Safari/604.1" "session_id=eb6b3c96-1221-4073-a868-80171f36b956 event_type=add_to_cart"
172.16.1.101 - anonymous [22/Apr/2026:08:16:55 +0000] "GET /books/9781098104030 HTTP/1.1" 200 1503 "https://bookstore.example.com/books/9781789801817" "Mozilla/5.0 (Android 14; Mobile) AppleWebKit/537.36 (KHTML, like Gecko) Chrome/124.0 Mobile Safari/537.36" "session_id=ae3b04bd-b351-451b-8960-c23b78d971ff event_type=book_view"
172.16.1.104 - synthetic.customer.0006 [22/Apr/2026:08:17:18 +0000] "GET /books/9781789801817 HTTP/1.1" 200 7966 "https://bookstore.example.com/books/9781789801817" "Mozilla/5.0 (Windows NT 10.0; Win64; x64) AppleWebKit/537.36 (KHTML, like Gecko) Chrome/124.0 Safari/537.36" "session_id=6e4baae1-7855-4227-a1b5-364ed3de9338 event_type=book_view"
190.144.10.25 - synthetic.customer.0029 [22/Apr/2026:08:17:27 +0000] "GET /cart HTTP/1.1" 200 9593 "https://bookstore.example.com/cart/add?book_id=9780262046305" "Mozilla/5.0 (iPhone; CPU iPhone OS 17_4 like Mac OS X) AppleWebKit/605.1.15 (KHTML, like Gecko) Version/17.4 Mobile/15E148 Safari/604.1" "session_id=eb6b3c96-1221-4073-a868-80171f36b956 event_type=cart_view"
172.16.1.103 - synthetic.customer.0012 [22/Apr/2026:08:17:29 +0000] "POST /cart/add?book_id=9780262046305 HTTP/1.1" 200 5270 "https://bookstore.example.com/books/9780262046305" "Mozilla/5.0 (iPhone; CPU iPhone OS 17_4 like Mac OS X) AppleWebKit/605.1.15 (KHTML, like Gecko) Version/17.4 Mobile/15E148 Safari/604.1" "session_id=126c9e4c-b0af-4815-8fd4-7270050b33c2 event_type=add_to_cart"
172.16.1.103 - synthetic.customer.0012 [22/Apr/2026:08:18:11 +0000] "GET /cart HTTP/1.1" 200 8257 "https://bookstore.example.com/cart/add?book_id=9780262046305" "Mozilla/5.0 (iPhone; CPU iPhone OS 17_4 like Mac OS X) AppleWebKit/605.1.15 (KHTML, like Gecko) Version/17.4 Mobile/15E148 Safari/604.1" "session_id=126c9e4c-b0af-4815-8fd4-7270050b33c2 event_type=cart_view"
172.16.1.104 - synthetic.customer.0006 [22/Apr/2026:08:18:23 +0000] "GET /books/9781789801817 HTTP/1.1" 200 10246 "https://bookstore.example.com/books/9781789801817" "Mozilla/5.0 (Windows NT 10.0; Win64; x64) AppleWebKit/537.36 (KHTML, like Gecko) Chrome/124.0 Safari/537.36" "session_id=6e4baae1-7855-4227-a1b5-364ed3de9338 event_type=book_view"
172.16.1.103 - synthetic.customer.0045 [22/Apr/2026:08:22:00 +0000] "GET /home HTTP/1.1" 200 12558 "https://bookstore.example.com/home" "Mozilla/5.0 (X11; Linux x86_64) AppleWebKit/537.36 (KHTML, like Gecko) Chrome/124.0 Safari/537.36" "session_id=dfb475d4-fc7d-44fd-9d5c-35eb4c76ebc2 event_type=home_view"
181.57.90.44 - synthetic.customer.0017 [22/Apr/2026:08:22:21 +0000] "GET /home HTTP/1.1" 200 7102 "https://www.google.com/" "Mozilla/5.0 (X11; Linux x86_64) AppleWebKit/537.36 (KHTML, like Gecko) Chrome/124.0 Safari/537.36" "session_id=6cdfdefd-e52b-4ea8-a2b0-f7d699c26e9e event_type=home_view"
172.16.1.103 - synthetic.customer.0045 [22/Apr/2026:08:22:51 +0000] "GET /books HTTP/1.1" 200 9944 "https://bookstore.example.com/home" "Mozilla/5.0 (X11; Linux x86_64) AppleWebKit/537.36 (KHTML, like Gecko) Chrome/124.0 Safari/537.36" "session_id=dfb475d4-fc7d-44fd-9d5c-35eb4c76ebc2 event_type=book_list_view"
172.16.1.103 - synthetic.customer.0045 [22/Apr/2026:08:24:51 +0000] "GET /books/9780262046305 HTTP/1.1" 200 12748 "https://bookstore.example.com/books" "Mozilla/5.0 (X11; Linux x86_64) AppleWebKit/537.36 (KHTML, like Gecko) Chrome/124.0 Safari/537.36" "session_id=dfb475d4-fc7d-44fd-9d5c-35eb4c76ebc2 event_type=book_view"
181.57.90.44 - synthetic.customer.0017 [22/Apr/2026:08:25:18 +0000] "GET /search?q=distributed+systems HTTP/1.1" 200 12880 "https://bookstore.example.com/home" "Mozilla/5.0 (X11; Linux x86_64) AppleWebKit/537.36 (KHTML, like Gecko) Chrome/124.0 Safari/537.36" "session_id=6cdfdefd-e52b-4ea8-a2b0-f7d699c26e9e event_type=search"
172.16.1.103 - synthetic.customer.0061 [22/Apr/2026:08:26:04 +0000] "GET /home HTTP/1.1" 200 2612 "-" "Mozilla/5.0 (Macintosh; Intel Mac OS X 10_15_7) AppleWebKit/537.36 (KHTML, like Gecko) Chrome/124.0 Safari/537.36" "session_id=e421435e-a8be-49f3-8809-72a33e0ad633 event_type=home_view"
186.84.32.10 - synthetic.customer.0018 [22/Apr/2026:08:26:47 +0000] "GET /home HTTP/1.1" 200 5702 "https://bookstore.example.com/home" "Mozilla/5.0 (Windows NT 10.0; Win64; x64) AppleWebKit/537.36 (KHTML, like Gecko) Chrome/124.0 Safari/537.36" "session_id=400af0de-cc42-4aeb-b676-5437db7060ef event_type=home_view"
181.57.90.44 - synthetic.customer.0017 [22/Apr/2026:08:28:30 +0000] "GET /books HTTP/1.1" 301 5208 "https://bookstore.example.com/search?q=distributed+systems" "Mozilla/5.0 (X11; Linux x86_64) AppleWebKit/537.36 (KHTML, like Gecko) Chrome/124.0 Safari/537.36" "session_id=6cdfdefd-e52b-4ea8-a2b0-f7d699c26e9e event_type=book_list_view"
172.16.1.103 - synthetic.customer.0045 [22/Apr/2026:08:28:49 +0000] "GET /books/9780262046305 HTTP/1.1" 200 14148 "https://bookstore.example.com/books/9780262046305" "Mozilla/5.0 (X11; Linux x86_64) AppleWebKit/537.36 (KHTML, like Gecko) Chrome/124.0 Safari/537.36" "session_id=dfb475d4-fc7d-44fd-9d5c-35eb4c76ebc2 event_type=book_view"
172.16.1.103 - synthetic.customer.0061 [22/Apr/2026:08:29:33 +0000] "GET /search?q=clean+code HTTP/1.1" 404 13317 "https://bookstore.example.com/home" "Mozilla/5.0 (Macintosh; Intel Mac OS X 10_15_7) AppleWebKit/537.36 (KHTML, like Gecko) Chrome/124.0 Safari/537.36" "session_id=e421435e-a8be-49f3-8809-72a33e0ad633 event_type=search"
181.143.56.11 - synthetic.customer.0034 [22/Apr/2026:08:29:45 +0000] "GET /home HTTP/1.1" 200 6662 "-" "Mozilla/5.0 (Macintosh; Intel Mac OS X 10_15_7) AppleWebKit/537.36 (KHTML, like Gecko) Chrome/124.0 Safari/537.36" "session_id=ca228319-3194-4471-ac84-8256018381ad event_type=home_view"
181.143.56.11 - synthetic.customer.0034 [22/Apr/2026:08:30:10 +0000] "GET /books HTTP/1.1" 200 9096 "https://bookstore.example.com/home" "Mozilla/5.0 (Macintosh; Intel Mac OS X 10_15_7) AppleWebKit/537.36 (KHTML, like Gecko) Chrome/124.0 Safari/537.36" "session_id=ca228319-3194-4471-ac84-8256018381ad event_type=book_list_view"
172.16.1.103 - synthetic.customer.0075 [22/Apr/2026:08:30:26 +0000] "GET /home HTTP/1.1" 200 9902 "https://www.linkedin.com/" "Mozilla/5.0 (Android 14; Mobile) AppleWebKit/537.36 (KHTML, like Gecko) Chrome/124.0 Mobile Safari/537.36" "session_id=884258b0-ab74-4d01-9f20-6e888abd00a1 event_type=home_view"
186.84.32.10 - synthetic.customer.0018 [22/Apr/2026:08:31:01 +0000] "GET /books HTTP/1.1" 200 14019 "https://bookstore.example.com/home" "Mozilla/5.0 (Windows NT 10.0; Win64; x64) AppleWebKit/537.36 (KHTML, like Gecko) Chrome/124.0 Safari/537.36" "session_id=400af0de-cc42-4aeb-b676-5437db7060ef event_type=book_list_view"
181.57.90.44 - synthetic.customer.0017 [22/Apr/2026:08:31:16 +0000] "GET /books/9780132350884 HTTP/1.1" 200 6055 "https://bookstore.example.com/books" "Mozilla/5.0 (X11; Linux x86_64) AppleWebKit/537.36 (KHTML, like Gecko) Chrome/124.0 Safari/537.36" "session_id=6cdfdefd-e52b-4ea8-a2b0-f7d699c26e9e event_type=book_view"
172.16.1.102 - synthetic.customer.0006 [22/Apr/2026:08:31:54 +0000] "GET /home HTTP/1.1" 200 5806 "https://bookstore.example.com/books" "Mozilla/5.0 (X11; Linux x86_64) AppleWebKit/537.36 (KHTML, like Gecko) Chrome/124.0 Safari/537.36" "session_id=d3afbb96-5609-4838-9a38-72ba586b4cd6 event_type=home_view"
172.16.1.103 - synthetic.customer.0061 [22/Apr/2026:08:32:09 +0000] "GET /books HTTP/1.1" 200 2200 "https://bookstore.example.com/search?q=clean+code" "Mozilla/5.0 (Macintosh; Intel Mac OS X 10_15_7) AppleWebKit/537.36 (KHTML, like Gecko) Chrome/124.0 Safari/537.36" "session_id=e421435e-a8be-49f3-8809-72a33e0ad633 event_type=book_list_view"
172.16.1.102 - synthetic.customer.0006 [22/Apr/2026:08:32:25 +0000] "GET /search?q=clean+code HTTP/1.1" 200 7068 "https://bookstore.example.com/home" "Mozilla/5.0 (X11; Linux x86_64) AppleWebKit/537.36 (KHTML, like Gecko) Chrome/124.0 Safari/537.36" "session_id=d3afbb96-5609-4838-9a38-72ba586b4cd6 event_type=search"
186.84.32.10 - synthetic.customer.0011 [22/Apr/2026:08:33:08 +0000] "GET /home HTTP/1.1" 301 1039 "https://www.linkedin.com/" "Mozilla/5.0 (Android 14; Mobile) AppleWebKit/537.36 (KHTML, like Gecko) Chrome/124.0 Mobile Safari/537.36" "session_id=459a3ac2-fb23-4de5-92af-8710788adc9a event_type=home_view"
172.16.1.102 - synthetic.customer.0006 [22/Apr/2026:08:33:12 +0000] "GET /books HTTP/1.1" 200 6907 "https://bookstore.example.com/search?q=clean+code" "Mozilla/5.0 (X11; Linux x86_64) AppleWebKit/537.36 (KHTML, like Gecko) Chrome/124.0 Safari/537.36" "session_id=d3afbb96-5609-4838-9a38-72ba586b4cd6 event_type=book_list_view"
181.143.56.11 - synthetic.customer.0034 [22/Apr/2026:08:33:52 +0000] "GET /books/9780131103627 HTTP/1.1" 200 13263 "https://bookstore.example.com/books" "Mozilla/5.0 (Macintosh; Intel Mac OS X 10_15_7) AppleWebKit/537.36 (KHTML, like Gecko) Chrome/124.0 Safari/537.36" "session_id=ca228319-3194-4471-ac84-8256018381ad event_type=book_view"
186.84.32.10 - synthetic.customer.0018 [22/Apr/2026:08:34:10 +0000] "GET /books/9780262046305 HTTP/1.1" 200 7245 "https://bookstore.example.com/books" "Mozilla/5.0 (Windows NT 10.0; Win64; x64) AppleWebKit/537.36 (KHTML, like Gecko) Chrome/124.0 Safari/537.36" "session_id=400af0de-cc42-4aeb-b676-5437db7060ef event_type=book_view"
172.16.1.103 - synthetic.customer.0075 [22/Apr/2026:08:34:15 +0000] "GET /books HTTP/1.1" 200 4163 "https://bookstore.example.com/home" "Mozilla/5.0 (Android 14; Mobile) AppleWebKit/537.36 (KHTML, like Gecko) Chrome/124.0 Mobile Safari/537.36" "session_id=884258b0-ab74-4d01-9f20-6e888abd00a1 event_type=book_list_view"
172.16.1.103 - synthetic.customer.0061 [22/Apr/2026:08:34:44 +0000] "GET /books/9780131103627 HTTP/1.1" 200 2407 "https://bookstore.example.com/books" "Mozilla/5.0 (Macintosh; Intel Mac OS X 10_15_7) AppleWebKit/537.36 (KHTML, like Gecko) Chrome/124.0 Safari/537.36" "session_id=e421435e-a8be-49f3-8809-72a33e0ad633 event_type=book_view"
172.16.1.103 - synthetic.customer.0061 [22/Apr/2026:08:34:59 +0000] "POST /cart/add?book_id=9780131103627 HTTP/1.1" 200 5763 "https://bookstore.example.com/books/9780131103627" "Mozilla/5.0 (Macintosh; Intel Mac OS X 10_15_7) AppleWebKit/537.36 (KHTML, like Gecko) Chrome/124.0 Safari/537.36" "session_id=e421435e-a8be-49f3-8809-72a33e0ad633 event_type=add_to_cart"
181.57.90.44 - synthetic.customer.0017 [22/Apr/2026:08:35:28 +0000] "GET /books/9780132350884 HTTP/1.1" 200 6429 "https://bookstore.example.com/books/9780132350884" "Mozilla/5.0 (X11; Linux x86_64) AppleWebKit/537.36 (KHTML, like Gecko) Chrome/124.0 Safari/537.36" "session_id=6cdfdefd-e52b-4ea8-a2b0-f7d699c26e9e event_type=book_view"
172.16.1.102 - synthetic.customer.0037 [22/Apr/2026:08:36:13 +0000] "GET /home HTTP/1.1" 200 6361 "https://bookstore.example.com/search?q=data+engineering" "Mozilla/5.0 (iPhone; CPU iPhone OS 17_4 like Mac OS X) AppleWebKit/605.1.15 (KHTML, like Gecko) Version/17.4 Mobile/15E148 Safari/604.1" "session_id=6b4fdb4f-7804-4bf7-b318-0f6da3187654 event_type=home_view"
172.16.1.103 - synthetic.customer.0075 [22/Apr/2026:08:36:22 +0000] "GET /books/9781492078005 HTTP/1.1" 200 10058 "https://bookstore.example.com/books" "Mozilla/5.0 (Android 14; Mobile) AppleWebKit/537.36 (KHTML, like Gecko) Chrome/124.0 Mobile Safari/537.36" "session_id=884258b0-ab74-4d01-9f20-6e888abd00a1 event_type=book_view"
172.16.1.102 - synthetic.customer.0006 [22/Apr/2026:08:36:47 +0000] "GET /books/9781617294433 HTTP/1.1" 200 7144 "https://bookstore.example.com/books" "Mozilla/5.0 (X11; Linux x86_64) AppleWebKit/537.36 (KHTML, like Gecko) Chrome/124.0 Safari/537.36" "session_id=d3afbb96-5609-4838-9a38-72ba586b4cd6 event_type=book_view"
186.84.32.10 - synthetic.customer.0018 [22/Apr/2026:08:36:56 +0000] "GET /books/9781491950357 HTTP/1.1" 200 11151 "https://bookstore.example.com/books/9780262046305" "Mozilla/5.0 (Windows NT 10.0; Win64; x64) AppleWebKit/537.36 (KHTML, like Gecko) Chrome/124.0 Safari/537.36" "session_id=400af0de-cc42-4aeb-b676-5437db7060ef event_type=book_view"
186.84.32.10 - synthetic.customer.0011 [22/Apr/2026:08:37:27 +0000] "GET /search?q=clean+code HTTP/1.1" 200 2138 "https://bookstore.example.com/home" "Mozilla/5.0 (Android 14; Mobile) AppleWebKit/537.36 (KHTML, like Gecko) Chrome/124.0 Mobile Safari/537.36" "session_id=459a3ac2-fb23-4de5-92af-8710788adc9a event_type=search"
172.16.1.103 - synthetic.customer.0061 [22/Apr/2026:08:37:45 +0000] "GET /cart HTTP/1.1" 404 9347 "https://bookstore.example.com/cart/add?book_id=9780131103627" "Mozilla/5.0 (Macintosh; Intel Mac OS X 10_15_7) AppleWebKit/537.36 (KHTML, like Gecko) Chrome/124.0 Safari/537.36" "session_id=e421435e-a8be-49f3-8809-72a33e0ad633 event_type=cart_view"
172.16.1.102 - synthetic.customer.0006 [22/Apr/2026:08:38:16 +0000] "GET /books/9781617294433 HTTP/1.1" 200 4359 "https://bookstore.example.com/books/9781617294433" "Mozilla/5.0 (X11; Linux x86_64) AppleWebKit/537.36 (KHTML, like Gecko) Chrome/124.0 Safari/537.36" "session_id=d3afbb96-5609-4838-9a38-72ba586b4cd6 event_type=book_view"
172.16.1.101 - synthetic.customer.0041 [22/Apr/2026:08:39:40 +0000] "GET /home HTTP/1.1" 200 4457 "https://bookstore.example.com/search?q=data+engineering" "Mozilla/5.0 (iPhone; CPU iPhone OS 17_4 like Mac OS X) AppleWebKit/605.1.15 (KHTML, like Gecko) Version/17.4 Mobile/15E148 Safari/604.1" "session_id=aabfdc2d-93e2-43dd-9574-a7aaa684eaaa event_type=home_view"
181.143.56.11 - synthetic.customer.0021 [22/Apr/2026:08:39:43 +0000] "GET /home HTTP/1.1" 200 4017 "https://www.linkedin.com/" "Mozilla/5.0 (Android 14; Mobile) AppleWebKit/537.36 (KHTML, like Gecko) Chrome/124.0 Mobile Safari/537.36" "session_id=7125293e-e774-4738-bd9e-e0e52245c211 event_type=home_view"
172.16.1.104 - synthetic.customer.0018 [22/Apr/2026:08:39:57 +0000] "GET /home HTTP/1.1" 200 5344 "https://www.google.com/" "Mozilla/5.0 (Macintosh; Intel Mac OS X 10_15_7) AppleWebKit/537.36 (KHTML, like Gecko) Chrome/124.0 Safari/537.36" "session_id=092655b9-21fc-446d-8fc3-7e7424f93137 event_type=home_view"
172.16.1.102 - synthetic.customer.0037 [22/Apr/2026:08:40:03 +0000] "GET /search?q=clean+code HTTP/1.1" 200 4555 "https://bookstore.example.com/home" "Mozilla/5.0 (iPhone; CPU iPhone OS 17_4 like Mac OS X) AppleWebKit/605.1.15 (KHTML, like Gecko) Version/17.4 Mobile/15E148 Safari/604.1" "session_id=6b4fdb4f-7804-4bf7-b318-0f6da3187654 event_type=search"
172.16.1.101 - synthetic.customer.0041 [22/Apr/2026:08:40:24 +0000] "GET /search?q=data+engineering HTTP/1.1" 200 765 "https://bookstore.example.com/home" "Mozilla/5.0 (iPhone; CPU iPhone OS 17_4 like Mac OS X) AppleWebKit/605.1.15 (KHTML, like Gecko) Version/17.4 Mobile/15E148 Safari/604.1" "session_id=aabfdc2d-93e2-43dd-9574-a7aaa684eaaa event_type=search"
186.84.32.10 - synthetic.customer.0011 [22/Apr/2026:08:41:38 +0000] "GET /books HTTP/1.1" 200 2226 "https://bookstore.example.com/search?q=clean+code" "Mozilla/5.0 (Android 14; Mobile) AppleWebKit/537.36 (KHTML, like Gecko) Chrome/124.0 Mobile Safari/537.36" "session_id=459a3ac2-fb23-4de5-92af-8710788adc9a event_type=book_list_view"
181.143.56.11 - synthetic.customer.0021 [22/Apr/2026:08:42:04 +0000] "GET /search?q=clean+code HTTP/1.1" 200 4353 "https://bookstore.example.com/home" "Mozilla/5.0 (Android 14; Mobile) AppleWebKit/537.36 (KHTML, like Gecko) Chrome/124.0 Mobile Safari/537.36" "session_id=7125293e-e774-4738-bd9e-e0e52245c211 event_type=search"
172.16.1.102 - synthetic.customer.0037 [22/Apr/2026:08:42:50 +0000] "GET /books HTTP/1.1" 200 12099 "https://bookstore.example.com/search?q=clean+code" "Mozilla/5.0 (iPhone; CPU iPhone OS 17_4 like Mac OS X) AppleWebKit/605.1.15 (KHTML, like Gecko) Version/17.4 Mobile/15E148 Safari/604.1" "session_id=6b4fdb4f-7804-4bf7-b318-0f6da3187654 event_type=book_list_view"
172.16.1.104 - synthetic.customer.0018 [22/Apr/2026:08:43:16 +0000] "GET /search?q=clean+code HTTP/1.1" 200 5366 "https://bookstore.example.com/home" "Mozilla/5.0 (Macintosh; Intel Mac OS X 10_15_7) AppleWebKit/537.36 (KHTML, like Gecko) Chrome/124.0 Safari/537.36" "session_id=092655b9-21fc-446d-8fc3-7e7424f93137 event_type=search"
172.16.1.103 - synthetic.customer.0079 [22/Apr/2026:08:43:25 +0000] "GET /home HTTP/1.1" 200 9488 "https://bookstore.example.com/books" "Mozilla/5.0 (iPhone; CPU iPhone OS 17_4 like Mac OS X) AppleWebKit/605.1.15 (KHTML, like Gecko) Version/17.4 Mobile/15E148 Safari/604.1" "session_id=e44c894c-2c00-465b-b649-a57a95895f50 event_type=home_view"
172.16.1.101 - synthetic.customer.0041 [22/Apr/2026:08:43:32 +0000] "GET /books HTTP/1.1" 200 4746 "https://bookstore.example.com/search?q=data+engineering" "Mozilla/5.0 (iPhone; CPU iPhone OS 17_4 like Mac OS X) AppleWebKit/605.1.15 (KHTML, like Gecko) Version/17.4 Mobile/15E148 Safari/604.1" "session_id=aabfdc2d-93e2-43dd-9574-a7aaa684eaaa event_type=book_list_view"
186.84.32.10 - synthetic.customer.0011 [22/Apr/2026:08:44:28 +0000] "GET /books/9781492078005 HTTP/1.1" 200 5610 "https://bookstore.example.com/books" "Mozilla/5.0 (Android 14; Mobile) AppleWebKit/537.36 (KHTML, like Gecko) Chrome/124.0 Mobile Safari/537.36" "session_id=459a3ac2-fb23-4de5-92af-8710788adc9a event_type=book_view"
172.16.1.102 - synthetic.customer.0037 [22/Apr/2026:08:44:39 +0000] "GET /books/9780262046305 HTTP/1.1" 200 6552 "https://bookstore.example.com/books" "Mozilla/5.0 (iPhone; CPU iPhone OS 17_4 like Mac OS X) AppleWebKit/605.1.15 (KHTML, like Gecko) Version/17.4 Mobile/15E148 Safari/604.1" "session_id=6b4fdb4f-7804-4bf7-b318-0f6da3187654 event_type=book_view"
172.16.1.104 - synthetic.customer.0018 [22/Apr/2026:08:44:43 +0000] "GET /books HTTP/1.1" 200 872 "https://bookstore.example.com/search?q=clean+code" "Mozilla/5.0 (Macintosh; Intel Mac OS X 10_15_7) AppleWebKit/537.36 (KHTML, like Gecko) Chrome/124.0 Safari/537.36" "session_id=092655b9-21fc-446d-8fc3-7e7424f93137 event_type=book_list_view"
172.16.1.104 - synthetic.customer.0018 [22/Apr/2026:08:44:58 +0000] "GET /books/9781492078005 HTTP/1.1" 200 8829 "https://bookstore.example.com/books" "Mozilla/5.0 (Macintosh; Intel Mac OS X 10_15_7) AppleWebKit/537.36 (KHTML, like Gecko) Chrome/124.0 Safari/537.36" "session_id=092655b9-21fc-446d-8fc3-7e7424f93137 event_type=book_view"
172.16.1.103 - synthetic.customer.0079 [22/Apr/2026:08:45:42 +0000] "GET /search?q=mlops HTTP/1.1" 200 15186 "https://bookstore.example.com/home" "Mozilla/5.0 (iPhone; CPU iPhone OS 17_4 like Mac OS X) AppleWebKit/605.1.15 (KHTML, like Gecko) Version/17.4 Mobile/15E148 Safari/604.1" "session_id=e44c894c-2c00-465b-b649-a57a95895f50 event_type=search"
172.16.1.104 - synthetic.customer.0018 [22/Apr/2026:08:45:57 +0000] "GET /books/9780131103627 HTTP/1.1" 200 970 "https://bookstore.example.com/books/9781492078005" "Mozilla/5.0 (Macintosh; Intel Mac OS X 10_15_7) AppleWebKit/537.36 (KHTML, like Gecko) Chrome/124.0 Safari/537.36" "session_id=092655b9-21fc-446d-8fc3-7e7424f93137 event_type=book_view"
181.143.56.11 - synthetic.customer.0021 [22/Apr/2026:08:46:02 +0000] "GET /books HTTP/1.1" 200 8295 "https://bookstore.example.com/search?q=clean+code" "Mozilla/5.0 (Android 14; Mobile) AppleWebKit/537.36 (KHTML, like Gecko) Chrome/124.0 Mobile Safari/537.36" "session_id=7125293e-e774-4738-bd9e-e0e52245c211 event_type=book_list_view"
172.16.1.101 - synthetic.customer.0041 [22/Apr/2026:08:46:18 +0000] "GET /books/9780132350884 HTTP/1.1" 200 4182 "https://bookstore.example.com/books" "Mozilla/5.0 (iPhone; CPU iPhone OS 17_4 like Mac OS X) AppleWebKit/605.1.15 (KHTML, like Gecko) Version/17.4 Mobile/15E148 Safari/604.1" "session_id=aabfdc2d-93e2-43dd-9574-a7aaa684eaaa event_type=book_view"
172.16.1.103 - synthetic.customer.0079 [22/Apr/2026:08:46:23 +0000] "GET /books HTTP/1.1" 200 15629 "https://bookstore.example.com/search?q=mlops" "Mozilla/5.0 (iPhone; CPU iPhone OS 17_4 like Mac OS X) AppleWebKit/605.1.15 (KHTML, like Gecko) Version/17.4 Mobile/15E148 Safari/604.1" "session_id=e44c894c-2c00-465b-b649-a57a95895f50 event_type=book_list_view"
172.16.1.101 - synthetic.customer.0041 [22/Apr/2026:08:48:09 +0000] "GET /books/9781789801817 HTTP/1.1" 200 14159 "https://bookstore.example.com/books/9780132350884" "Mozilla/5.0 (iPhone; CPU iPhone OS 17_4 like Mac OS X) AppleWebKit/605.1.15 (KHTML, like Gecko) Version/17.4 Mobile/15E148 Safari/604.1" "session_id=aabfdc2d-93e2-43dd-9574-a7aaa684eaaa event_type=book_view"
172.16.1.102 - synthetic.customer.0037 [22/Apr/2026:08:48:18 +0000] "POST /cart/add?book_id=9780262046305 HTTP/1.1" 200 1486 "https://bookstore.example.com/books/9780262046305" "Mozilla/5.0 (iPhone; CPU iPhone OS 17_4 like Mac OS X) AppleWebKit/605.1.15 (KHTML, like Gecko) Version/17.4 Mobile/15E148 Safari/604.1" "session_id=6b4fdb4f-7804-4bf7-b318-0f6da3187654 event_type=add_to_cart"
172.16.1.103 - synthetic.customer.0079 [22/Apr/2026:08:48:18 +0000] "GET /books/9780131103627 HTTP/1.1" 200 14225 "https://bookstore.example.com/books" "Mozilla/5.0 (iPhone; CPU iPhone OS 17_4 like Mac OS X) AppleWebKit/605.1.15 (KHTML, like Gecko) Version/17.4 Mobile/15E148 Safari/604.1" "session_id=e44c894c-2c00-465b-b649-a57a95895f50 event_type=book_view"
172.16.1.104 - anonymous [22/Apr/2026:08:48:27 +0000] "GET /home HTTP/1.1" 200 3523 "-" "Mozilla/5.0 (Macintosh; Intel Mac OS X 10_15_7) AppleWebKit/537.36 (KHTML, like Gecko) Chrome/124.0 Safari/537.36" "session_id=9a23caa5-8fae-4915-b287-0f6642eed26f event_type=home_view"
172.16.1.102 - synthetic.customer.0037 [22/Apr/2026:08:48:51 +0000] "GET /cart HTTP/1.1" 404 5754 "https://bookstore.example.com/cart/add?book_id=9780262046305" "Mozilla/5.0 (iPhone; CPU iPhone OS 17_4 like Mac OS X) AppleWebKit/605.1.15 (KHTML, like Gecko) Version/17.4 Mobile/15E148 Safari/604.1" "session_id=6b4fdb4f-7804-4bf7-b318-0f6da3187654 event_type=cart_view"
172.16.1.104 - synthetic.customer.0018 [22/Apr/2026:08:49:36 +0000] "GET /books/9780131103627 HTTP/1.1" 200 8870 "https://bookstore.example.com/books/9780131103627" "Mozilla/5.0 (Macintosh; Intel Mac OS X 10_15_7) AppleWebKit/537.36 (KHTML, like Gecko) Chrome/124.0 Safari/537.36" "session_id=092655b9-21fc-446d-8fc3-7e7424f93137 event_type=book_view"
181.143.56.11 - synthetic.customer.0021 [22/Apr/2026:08:50:00 +0000] "GET /books/9781098104030 HTTP/1.1" 200 6302 "https://bookstore.example.com/books" "Mozilla/5.0 (Android 14; Mobile) AppleWebKit/537.36 (KHTML, like Gecko) Chrome/124.0 Mobile Safari/537.36" "session_id=7125293e-e774-4738-bd9e-e0e52245c211 event_type=book_view"
172.16.1.104 - anonymous [22/Apr/2026:08:50:43 +0000] "GET /books HTTP/1.1" 200 6265 "https://bookstore.example.com/home" "Mozilla/5.0 (Macintosh; Intel Mac OS X 10_15_7) AppleWebKit/537.36 (KHTML, like Gecko) Chrome/124.0 Safari/537.36" "session_id=9a23caa5-8fae-4915-b287-0f6642eed26f event_type=book_list_view"
172.16.1.103 - synthetic.customer.0079 [22/Apr/2026:08:52:14 +0000] "POST /cart/add?book_id=9780131103627 HTTP/1.1" 200 14263 "https://bookstore.example.com/books/9780131103627" "Mozilla/5.0 (iPhone; CPU iPhone OS 17_4 like Mac OS X) AppleWebKit/605.1.15 (KHTML, like Gecko) Version/17.4 Mobile/15E148 Safari/604.1" "session_id=e44c894c-2c00-465b-b649-a57a95895f50 event_type=add_to_cart"
181.143.56.11 - synthetic.customer.0021 [22/Apr/2026:08:53:05 +0000] "GET /books/9781492078005 HTTP/1.1" 200 9139 "https://bookstore.example.com/books/9781098104030" "Mozilla/5.0 (Android 14; Mobile) AppleWebKit/537.36 (KHTML, like Gecko) Chrome/124.0 Mobile Safari/537.36" "session_id=7125293e-e774-4738-bd9e-e0e52245c211 event_type=book_view"
172.16.1.104 - anonymous [22/Apr/2026:08:53:17 +0000] "GET /books/9780132350884 HTTP/1.1" 200 12117 "https://bookstore.example.com/books" "Mozilla/5.0 (Macintosh; Intel Mac OS X 10_15_7) AppleWebKit/537.36 (KHTML, like Gecko) Chrome/124.0 Safari/537.36" "session_id=9a23caa5-8fae-4915-b287-0f6642eed26f event_type=book_view"
172.16.1.104 - synthetic.customer.0018 [22/Apr/2026:08:53:36 +0000] "GET /books/9780262046305 HTTP/1.1" 404 3941 "https://bookstore.example.com/books/9780131103627" "Mozilla/5.0 (Macintosh; Intel Mac OS X 10_15_7) AppleWebKit/537.36 (KHTML, like Gecko) Chrome/124.0 Safari/537.36" "session_id=092655b9-21fc-446d-8fc3-7e7424f93137 event_type=book_view"
200.13.45.90 - synthetic.customer.0030 [22/Apr/2026:08:53:36 +0000] "GET /home HTTP/1.1" 200 8791 "https://bookstore.example.com/home" "Mozilla/5.0 (X11; Linux x86_64) AppleWebKit/537.36 (KHTML, like Gecko) Chrome/124.0 Safari/537.36" "session_id=8e627237-22de-408e-83b8-5e10c680c279 event_type=home_view"
200.13.45.90 - synthetic.customer.0030 [22/Apr/2026:08:54:05 +0000] "GET /search?q=clean+code HTTP/1.1" 200 5692 "https://bookstore.example.com/home" "Mozilla/5.0 (X11; Linux x86_64) AppleWebKit/537.36 (KHTML, like Gecko) Chrome/124.0 Safari/537.36" "session_id=8e627237-22de-408e-83b8-5e10c680c279 event_type=search"
181.143.56.11 - synthetic.customer.0049 [22/Apr/2026:08:54:57 +0000] "GET /home HTTP/1.1" 404 11539 "https://bookstore.example.com/books" "Mozilla/5.0 (iPhone; CPU iPhone OS 17_4 like Mac OS X) AppleWebKit/605.1.15 (KHTML, like Gecko) Version/17.4 Mobile/15E148 Safari/604.1" "session_id=71825214-3903-4d5e-b9cb-d3bcde1db5e0 event_type=home_view"
181.143.56.11 - synthetic.customer.0021 [22/Apr/2026:08:54:58 +0000] "GET /books/9780132350884 HTTP/1.1" 200 15099 "https://bookstore.example.com/books/9781492078005" "Mozilla/5.0 (Android 14; Mobile) AppleWebKit/537.36 (KHTML, like Gecko) Chrome/124.0 Mobile Safari/537.36" "session_id=7125293e-e774-4738-bd9e-e0e52245c211 event_type=book_view"
200.13.45.90 - synthetic.customer.0030 [22/Apr/2026:08:55:21 +0000] "GET /books HTTP/1.1" 200 5902 "https://bookstore.example.com/search?q=clean+code" "Mozilla/5.0 (X11; Linux x86_64) AppleWebKit/537.36 (KHTML, like Gecko) Chrome/124.0 Safari/537.36" "session_id=8e627237-22de-408e-83b8-5e10c680c279 event_type=book_list_view"
172.16.1.103 - synthetic.customer.0079 [22/Apr/2026:08:55:35 +0000] "GET /cart HTTP/1.1" 200 15053 "https://bookstore.example.com/cart/add?book_id=9780131103627" "Mozilla/5.0 (iPhone; CPU iPhone OS 17_4 like Mac OS X) AppleWebKit/605.1.15 (KHTML, like Gecko) Version/17.4 Mobile/15E148 Safari/604.1" "session_id=e44c894c-2c00-465b-b649-a57a95895f50 event_type=cart_view"
200.13.45.90 - synthetic.customer.0030 [22/Apr/2026:08:55:56 +0000] "GET /books/9781617294433 HTTP/1.1" 404 - "https://bookstore.example.com/books" "Mozilla/5.0 (X11; Linux x86_64) AppleWebKit/537.36 (KHTML, like Gecko) Chrome/124.0 Safari/537.36" "session_id=8e627237-22de-408e-83b8-5e10c680c279 event_type=book_view"
172.16.1.104 - synthetic.customer.0018 [22/Apr/2026:08:56:22 +0000] "POST /cart/add?book_id=9781617294433 HTTP/1.1" 200 698 "https://bookstore.example.com/books/9780262046305" "Mozilla/5.0 (Macintosh; Intel Mac OS X 10_15_7) AppleWebKit/537.36 (KHTML, like Gecko) Chrome/124.0 Safari/537.36" "session_id=092655b9-21fc-446d-8fc3-7e7424f93137 event_type=add_to_cart"
186.84.32.10 - synthetic.customer.0072 [22/Apr/2026:08:56:39 +0000] "GET /home HTTP/1.1" 200 1178 "https://bookstore.example.com/home" "Mozilla/5.0 (X11; Linux x86_64) AppleWebKit/537.36 (KHTML, like Gecko) Chrome/124.0 Safari/537.36" "session_id=1def76c6-9cf9-418d-a04f-9e39d3576d66 event_type=home_view"
181.143.56.11 - synthetic.customer.0021 [22/Apr/2026:08:56:39 +0000] "POST /cart/add?book_id=9781098104030 HTTP/1.1" 200 2536 "https://bookstore.example.com/books/9780132350884" "Mozilla/5.0 (Android 14; Mobile) AppleWebKit/537.36 (KHTML, like Gecko) Chrome/124.0 Mobile Safari/537.36" "session_id=7125293e-e774-4738-bd9e-e0e52245c211 event_type=add_to_cart"
181.143.56.11 - synthetic.customer.0049 [22/Apr/2026:08:56:43 +0000] "GET /search?q=data+engineering HTTP/1.1" 200 11658 "https://bookstore.example.com/home" "Mozilla/5.0 (iPhone; CPU iPhone OS 17_4 like Mac OS X) AppleWebKit/605.1.15 (KHTML, like Gecko) Version/17.4 Mobile/15E148 Safari/604.1" "session_id=71825214-3903-4d5e-b9cb-d3bcde1db5e0 event_type=search"
186.84.32.10 - synthetic.customer.0072 [22/Apr/2026:08:56:49 +0000] "GET /search?q=clean+code HTTP/1.1" 404 14021 "https://bookstore.example.com/home" "Mozilla/5.0 (X11; Linux x86_64) AppleWebKit/537.36 (KHTML, like Gecko) Chrome/124.0 Safari/537.36" "session_id=1def76c6-9cf9-418d-a04f-9e39d3576d66 event_type=search"
200.13.45.90 - synthetic.customer.0030 [22/Apr/2026:08:57:52 +0000] "POST /cart/add?book_id=9781617294433 HTTP/1.1" 200 10922 "https://bookstore.example.com/books/9781617294433" "Mozilla/5.0 (X11; Linux x86_64) AppleWebKit/537.36 (KHTML, like Gecko) Chrome/124.0 Safari/537.36" "session_id=8e627237-22de-408e-83b8-5e10c680c279 event_type=add_to_cart"
172.16.1.104 - synthetic.customer.0018 [22/Apr/2026:08:58:12 +0000] "GET /cart HTTP/1.1" 301 9262 "https://bookstore.example.com/cart/add?book_id=9781617294433" "Mozilla/5.0 (Macintosh; Intel Mac OS X 10_15_7) AppleWebKit/537.36 (KHTML, like Gecko) Chrome/124.0 Safari/537.36" "session_id=092655b9-21fc-446d-8fc3-7e7424f93137 event_type=cart_view"
172.16.1.103 - synthetic.customer.0079 [22/Apr/2026:08:59:14 +0000] "POST /checkout HTTP/1.1" 201 14629 "https://bookstore.example.com/cart" "Mozilla/5.0 (iPhone; CPU iPhone OS 17_4 like Mac OS X) AppleWebKit/605.1.15 (KHTML, like Gecko) Version/17.4 Mobile/15E148 Safari/604.1" "session_id=e44c894c-2c00-465b-b649-a57a95895f50 event_type=checkout"
181.143.56.11 - synthetic.customer.0021 [22/Apr/2026:08:59:43 +0000] "GET /cart HTTP/1.1" 200 8580 "https://bookstore.example.com/cart/add?book_id=9781098104030" "Mozilla/5.0 (Android 14; Mobile) AppleWebKit/537.36 (KHTML, like Gecko) Chrome/124.0 Mobile Safari/537.36" "session_id=7125293e-e774-4738-bd9e-e0e52245c211 event_type=cart_view"
181.143.56.11 - synthetic.customer.0021 [22/Apr/2026:09:00:00 +0000] "POST /checkout HTTP/1.1" 200 13464 "https://bookstore.example.com/cart" "Mozilla/5.0 (Android 14; Mobile) AppleWebKit/537.36 (KHTML, like Gecko) Chrome/124.0 Mobile Safari/537.36" "session_id=7125293e-e774-4738-bd9e-e0e52245c211 event_type=checkout"
181.143.56.11 - synthetic.customer.0049 [22/Apr/2026:09:00:48 +0000] "GET /books HTTP/1.1" 200 3505 "https://bookstore.example.com/search?q=data+engineering" "Mozilla/5.0 (iPhone; CPU iPhone OS 17_4 like Mac OS X) AppleWebKit/605.1.15 (KHTML, like Gecko) Version/17.4 Mobile/15E148 Safari/604.1" "session_id=71825214-3903-4d5e-b9cb-d3bcde1db5e0 event_type=book_list_view"
181.143.56.11 - synthetic.customer.0021 [22/Apr/2026:09:00:54 +0000] "POST /api/orders HTTP/1.1" 200 8890 "https://bookstore.example.com/checkout" "Mozilla/5.0 (Android 14; Mobile) AppleWebKit/537.36 (KHTML, like Gecko) Chrome/124.0 Mobile Safari/537.36" "session_id=7125293e-e774-4738-bd9e-e0e52245c211 event_type=order_created"
186.84.32.10 - synthetic.customer.0072 [22/Apr/2026:09:00:56 +0000] "GET /books HTTP/1.1" 200 14204 "https://bookstore.example.com/search?q=clean+code" "Mozilla/5.0 (X11; Linux x86_64) AppleWebKit/537.36 (KHTML, like Gecko) Chrome/124.0 Safari/537.36" "session_id=1def76c6-9cf9-418d-a04f-9e39d3576d66 event_type=book_list_view"
200.13.45.90 - synthetic.customer.0030 [22/Apr/2026:09:01:21 +0000] "GET /cart HTTP/1.1" 200 15416 "https://bookstore.example.com/cart/add?book_id=9781617294433" "Mozilla/5.0 (X11; Linux x86_64) AppleWebKit/537.36 (KHTML, like Gecko) Chrome/124.0 Safari/537.36" "session_id=8e627237-22de-408e-83b8-5e10c680c279 event_type=cart_view"
181.143.56.11 - synthetic.customer.0049 [22/Apr/2026:09:02:39 +0000] "GET /books/9780262046305 HTTP/1.1" 200 9691 "https://bookstore.example.com/books" "Mozilla/5.0 (iPhone; CPU iPhone OS 17_4 like Mac OS X) AppleWebKit/605.1.15 (KHTML, like Gecko) Version/17.4 Mobile/15E148 Safari/604.1" "session_id=71825214-3903-4d5e-b9cb-d3bcde1db5e0 event_type=book_view"
172.16.1.103 - synthetic.customer.0079 [22/Apr/2026:09:02:51 +0000] "POST /api/orders HTTP/1.1" 201 9782 "https://bookstore.example.com/checkout" "Mozilla/5.0 (iPhone; CPU iPhone OS 17_4 like Mac OS X) AppleWebKit/605.1.15 (KHTML, like Gecko) Version/17.4 Mobile/15E148 Safari/604.1" "session_id=e44c894c-2c00-465b-b649-a57a95895f50 event_type=order_created"
186.84.32.10 - synthetic.customer.0072 [22/Apr/2026:09:02:57 +0000] "GET /books/9781491950357 HTTP/1.1" 200 9735 "https://bookstore.example.com/books" "Mozilla/5.0 (X11; Linux x86_64) AppleWebKit/537.36 (KHTML, like Gecko) Chrome/124.0 Safari/537.36" "session_id=1def76c6-9cf9-418d-a04f-9e39d3576d66 event_type=book_view"
181.143.56.11 - anonymous [22/Apr/2026:09:03:23 +0000] "GET /home HTTP/1.1" 200 15566 "https://bookstore.example.com/search?q=data+engineering" "Mozilla/5.0 (iPhone; CPU iPhone OS 17_4 like Mac OS X) AppleWebKit/605.1.15 (KHTML, like Gecko) Version/17.4 Mobile/15E148 Safari/604.1" "session_id=75ef75ac-c642-41b2-887a-b3cd959c2449 event_type=home_view"
186.84.32.10 - synthetic.customer.0003 [22/Apr/2026:09:04:15 +0000] "GET /home HTTP/1.1" 200 5971 "https://bookstore.example.com/search?q=data+engineering" "Mozilla/5.0 (iPhone; CPU iPhone OS 17_4 like Mac OS X) AppleWebKit/605.1.15 (KHTML, like Gecko) Version/17.4 Mobile/15E148 Safari/604.1" "session_id=016bdef0-43ea-424b-b39a-3e6e9521123b event_type=home_view"
181.143.56.11 - synthetic.customer.0049 [22/Apr/2026:09:04:30 +0000] "GET /books/9781491950357 HTTP/1.1" 200 12002 "https://bookstore.example.com/books/9780262046305" "Mozilla/5.0 (iPhone; CPU iPhone OS 17_4 like Mac OS X) AppleWebKit/605.1.15 (KHTML, like Gecko) Version/17.4 Mobile/15E148 Safari/604.1" "session_id=71825214-3903-4d5e-b9cb-d3bcde1db5e0 event_type=book_view"
200.13.45.90 - synthetic.customer.0030 [22/Apr/2026:09:05:10 +0000] "POST /checkout HTTP/1.1" 200 15461 "https://bookstore.example.com/cart" "Mozilla/5.0 (X11; Linux x86_64) AppleWebKit/537.36 (KHTML, like Gecko) Chrome/124.0 Safari/537.36" "session_id=8e627237-22de-408e-83b8-5e10c680c279 event_type=checkout"
186.84.32.10 - synthetic.customer.0003 [22/Apr/2026:09:05:11 +0000] "GET /search?q=data+engineering HTTP/1.1" 200 11453 "https://bookstore.example.com/home" "Mozilla/5.0 (iPhone; CPU iPhone OS 17_4 like Mac OS X) AppleWebKit/605.1.15 (KHTML, like Gecko) Version/17.4 Mobile/15E148 Safari/604.1" "session_id=016bdef0-43ea-424b-b39a-3e6e9521123b event_type=search"
181.143.56.11 - anonymous [22/Apr/2026:09:05:26 +0000] "GET /books HTTP/1.1" 200 4597 "https://bookstore.example.com/home" "Mozilla/5.0 (iPhone; CPU iPhone OS 17_4 like Mac OS X) AppleWebKit/605.1.15 (KHTML, like Gecko) Version/17.4 Mobile/15E148 Safari/604.1" "session_id=75ef75ac-c642-41b2-887a-b3cd959c2449 event_type=book_list_view"
181.143.56.11 - anonymous [22/Apr/2026:09:05:50 +0000] "GET /books/9780132350884 HTTP/1.1" 200 14898 "https://bookstore.example.com/books" "Mozilla/5.0 (iPhone; CPU iPhone OS 17_4 like Mac OS X) AppleWebKit/605.1.15 (KHTML, like Gecko) Version/17.4 Mobile/15E148 Safari/604.1" "session_id=75ef75ac-c642-41b2-887a-b3cd959c2449 event_type=book_view"
181.143.56.11 - anonymous [22/Apr/2026:09:06:05 +0000] "GET /books/9781098104030 HTTP/1.1" 200 3855 "https://bookstore.example.com/books/9780132350884" "Mozilla/5.0 (iPhone; CPU iPhone OS 17_4 like Mac OS X) AppleWebKit/605.1.15 (KHTML, like Gecko) Version/17.4 Mobile/15E148 Safari/604.1" "session_id=75ef75ac-c642-41b2-887a-b3cd959c2449 event_type=book_view"
181.143.56.11 - synthetic.customer.0049 [22/Apr/2026:09:06:36 +0000] "POST /cart/add?book_id=9780262046305 HTTP/1.1" 200 352 "https://bookstore.example.com/books/9781491950357" "Mozilla/5.0 (iPhone; CPU iPhone OS 17_4 like Mac OS X) AppleWebKit/605.1.15 (KHTML, like Gecko) Version/17.4 Mobile/15E148 Safari/604.1" "session_id=71825214-3903-4d5e-b9cb-d3bcde1db5e0 event_type=add_to_cart"
186.84.32.10 - synthetic.customer.0072 [22/Apr/2026:09:06:37 +0000] "GET /books/9780131103627 HTTP/1.1" 200 15163 "https://bookstore.example.com/books/9781491950357" "Mozilla/5.0 (X11; Linux x86_64) AppleWebKit/537.36 (KHTML, like Gecko) Chrome/124.0 Safari/537.36" "session_id=1def76c6-9cf9-418d-a04f-9e39d3576d66 event_type=book_view"
