200.13.45.90 - synthetic.customer.0052 [22/Apr/2026:10:04:21 +0000] "GET /books HTTP/1.1" 200 674 "https://bookstore.example.com/search?q=mlops" "Mozilla/5.0 (Android 14; Mobile) AppleWebKit/537.36 (KHTML, like Gecko) Chrome/124.0 Mobile Safari/537.36" "session_id=7702f42e-8bed-454c-88c9-f7c1673ed82c event_type=book_list_view"
172.16.1.101 - synthetic.customer.0044 [22/Apr/2026:10:05:32 +0000] "GET /search?q=distributed+systems HTTP/1.1" 200 12705 "https://bookstore.example.com/home" "Mozilla/5.0 (X11; Linux x86_64) AppleWebKit/537.36 (KHTML, like Gecko) Chrome/124.0 Safari/537.36" "session_id=5c3d5b66-4e3b-4858-9d90-2f3d3eb77aac event_type=search"
181.143.56.11 - synthetic.customer.0072 [22/Apr/2026:10:06:00 +0000] "POST /checkout HTTP/1.1" 200 4522 "https://bookstore.example.com/cart" "Mozilla/5.0 (Macintosh; Intel Mac OS X 10_15_7) AppleWebKit/537.36 (KHTML, like Gecko) Chrome/124.0 Safari/537.36" "session_id=98bb8a60-8050-4f18-b6cc-5e2dee0b6d5d event_type=checkout"
172.16.1.101 - synthetic.customer.0044 [22/Apr/2026:10:06:12 +0000] "GET /books HTTP/1.1" 200 5164 "https://bookstore.example.com/search?q=distributed+systems" "Mozilla/5.0 (X11; Linux x86_64) AppleWebKit/537.36 (KHTML, like Gecko) Chrome/124.0 Safari/537.36" "session_id=5c3d5b66-4e3b-4858-9d90-2f3d3eb77aac event_type=book_list_view"
152.200.45.18 - synthetic.customer.0023 [22/Apr/2026:10:06:45 +0000] "GET /books/9781491950357 HTTP/1.1" 200 7351 "https://bookstore.example.com/books/9781617294433" "Mozilla/5.0 (Android 14; Mobile) AppleWebKit/537.36 (KHTML, like Gecko) Chrome/124.0 Mobile Safari/537.36" "session_id=43fd6f69-7532-4b16-859e-9a7f793993ee event_type=book_view"
200.13.45.90 - synthetic.customer.0052 [22/Apr/2026:10:07:24 +0000] "GET /books/9781617294433 HTTP/1.1" 200 3145 "https://bookstore.example.com/books" "Mozilla/5.0 (Android 14; Mobile) AppleWebKit/537.36 (KHTML, like Gecko) Chrome/124.0 Mobile Safari/537.36" "session_id=7702f42e-8bed-454c-88c9-f7c1673ed82c event_type=book_view"
152.200.45.18 - synthetic.customer.0023 [22/Apr/2026:10:08:27 +0000] "POST /cart/add?book_id=9781789801817 HTTP/1.1" 200 15436 "https://bookstore.example.com/books/9781491950357" "Mozilla/5.0 (Android 14; Mobile) AppleWebKit/537.36 (KHTML, like Gecko) Chrome/124.0 Mobile Safari/537.36" "session_id=43fd6f69-7532-4b16-859e-9a7f793993ee event_type=add_to_cart"
181.143.56.11 - synthetic.customer.0072 [22/Apr/2026:10:08:38 +0000] "POST /api/orders HTTP/1.1" 200 4409 "https://bookstore.example.com/checkout" "Mozilla/5.0 (Macintosh; Intel Mac OS X 10_15_7) AppleWebKit/537.36 (KHTML, like Gecko) Chrome/124.0 Safari/537.36" "session_id=98bb8a60-8050-4f18-b6cc-5e2dee0b6d5d event_type=order_created"
172.16.1.101 - synthetic.customer.0044 [22/Apr/2026:10:09:33 +0000] "GET /books/9781098104030 HTTP/1.1" 200 4696 "https://bookstore.example.com/books" "Mozilla/5.0 (X11; Linux x86_64) AppleWebKit/537.36 (KHTML, like Gecko) Chrome/124.0 Safari/537.36" "session_id=5c3d5b66-4e3b-4858-9d90-2f3d3eb77aac event_type=book_view"
190.144.10.25 - synthetic.customer.0053 [22/Apr/2026:10:10:02 +0000] "GET /home HTTP/1.1" 301 10412 "https://bookstore.example.com/home" "Mozilla/5.0 (X11; Linux x86_64) AppleWebKit/537.36 (KHTML, like Gecko) Chrome/124.0 Safari/537.36" "session_id=fb7042af-2cd0-4edc-a410-db7cd0a2f0c6 event_type=home_view"
152.200.45.18 - synthetic.customer.0029 [22/Apr/2026:10:10:16 +0000] "GET /home HTTP/1.1" 200 7071 "https://bookstore.example.com/search?q=data+engineering" "Mozilla/5.0 (X11; Linux x86_64) AppleWebKit/537.36 (KHTML, like Gecko) Chrome/124.0 Safari/537.36" "session_id=7e34d62a-9164-458c-9fa6-d8fbd21efc86 event_type=home_view"
200.13.45.90 - synthetic.customer.0052 [22/Apr/2026:10:10:44 +0000] "GET /books/9780132350884 HTTP/1.1" 200 7992 "https://bookstore.example.com/books/9781617294433" "Mozilla/5.0 (Android 14; Mobile) AppleWebKit/537.36 (KHTML, like Gecko) Chrome/124.0 Mobile Safari/537.36" "session_id=7702f42e-8bed-454c-88c9-f7c1673ed82c event_type=book_view"
200.13.45.90 - synthetic.customer.0008 [22/Apr/2026:10:10:51 +0000] "GET /home HTTP/1.1" 200 8915 "https://www.linkedin.com/" "Mozilla/5.0 (Macintosh; Intel Mac OS X 10_15_7) AppleWebKit/537.36 (KHTML, like Gecko) Chrome/124.0 Safari/537.36" "session_id=e83be216-1735-422b-b209-02a0fcffd96f event_type=home_view"
200.13.45.90 - synthetic.customer.0052 [22/Apr/2026:10:11:20 +0000] "GET /books/9781617294433 HTTP/1.1" 200 8361 "https://bookstore.example.com/books/9780132350884" "Mozilla/5.0 (Android 14; Mobile) AppleWebKit/537.36 (KHTML, like Gecko) Chrome/124.0 Mobile Safari/537.36" "session_id=7702f42e-8bed-454c-88c9-f7c1673ed82c event_type=book_view"
172.16.1.104 - anonymous [22/Apr/2026:10:11:54 +0000] "GET /home HTTP/1.1" 200 9816 "https://bookstore.example.com/search?q=data+engineering" "Mozilla/5.0 (X11; Linux x86_64) AppleWebKit/537.36 (KHTML, like Gecko) Chrome/124.0 Safari/537.36" "session_id=2893ca7b-ef8a-446c-a3df-2a661d6c3013 event_type=home_view"
152.200.45.18 - synthetic.customer.0023 [22/Apr/2026:10:12:04 +0000] "GET /cart HTTP/1.1" 200 14330 "https://bookstore.example.com/cart/add?book_id=9781789801817" "Mozilla/5.0 (Android 14; Mobile) AppleWebKit/537.36 (KHTML, like Gecko) Chrome/124.0 Mobile Safari/537.36" "session_id=43fd6f69-7532-4b16-859e-9a7f793993ee event_type=cart_view"
152.200.45.18 - synthetic.customer.0029 [22/Apr/2026:10:12:26 +0000] "GET /books HTTP/1.1" 200 3466 "https://bookstore.example.com/home" "Mozilla/5.0 (X11; Linux x86_64) AppleWebKit/537.36 (KHTML, like Gecko) Chrome/124.0 Safari/537.36" "session_id=7e34d62a-9164-458c-9fa6-d8fbd21efc86 event_type=book_list_view"
172.16.1.104 - anonymous [22/Apr/2026:10:13:41 +0000] "GET /search?q=distributed+systems HTTP/1.1" 200 1224 "https://bookstore.example.com/home" "Mozilla/5.0 (X11; Linux x86_64) AppleWebKit/537.36 (KHTML, like Gecko) Chrome/124.0 Safari/537.36" "session_id=2893ca7b-ef8a-446c-a3df-2a661d6c3013 event_type=search"
172.16.1.101 - synthetic.customer.0044 [22/Apr/2026:10:13:42 +0000] "GET /books/9780262046305 HTTP/1.1" 200 11230 "https://bookstore.example.com/books/9781098104030" "Mozilla/5.0 (X11; Linux x86_64) AppleWebKit/537.36 (KHTML, like Gecko) Chrome/124.0 Safari/537.36" "session_id=5c3d5b66-4e3b-4858-9d90-2f3d3eb77aac event_type=book_view"
152.200.45.18 - synthetic.customer.0080 [22/Apr/2026:10:13:55 +0000] "GET /home HTTP/1.1" 200 15355 "https://bookstore.example.com/books" "Mozilla/5.0 (Android 14; Mobile) AppleWebKit/537.36 (KHTML, like Gecko) Chrome/124.0 Mobile Safari/537.36" "session_id=d6e124d9-c383-4dae-aed9-61d66802a1bf event_type=home_view"
190.144.10.25 - synthetic.customer.0053 [22/Apr/2026:10:14:09 +0000] "GET /books HTTP/1.1" 200 15050 "https://bookstore.example.com/home" "Mozilla/5.0 (X11; Linux x86_64) AppleWebKit/537.36 (KHTML, like Gecko) Chrome/124.0 Safari/537.36" "session_id=fb7042af-2cd0-4edc-a410-db7cd0a2f0c6 event_type=book_list_view"
200.13.45.90 - synthetic.customer.0008 [22/Apr/2026:10:14:16 +0000] "GET /search?q=clean+code HTTP/1.1" 200 9053 "https://bookstore.example.com/home" "Mozilla/5.0 (Macintosh; Intel Mac OS X 10_15_7) AppleWebKit/537.36 (KHTML, like Gecko) Chrome/124.0 Safari/537.36" "session_id=e83be216-1735-422b-b209-02a0fcffd96f event_type=search"
172.16.1.101 - synthetic.customer.0044 [22/Apr/2026:10:14:23 +0000] "GET /books/9781098104030 HTTP/1.1" 200 7546 "https://bookstore.example.com/books/9780262046305" "Mozilla/5.0 (X11; Linux x86_64) AppleWebKit/537.36 (KHTML, like Gecko) Chrome/124.0 Safari/537.36" "session_id=5c3d5b66-4e3b-4858-9d90-2f3d3eb77aac event_type=book_view"
200.13.45.90 - synthetic.customer.0052 [22/Apr/2026:10:15:05 +0000] "GET /books/9780132350884 HTTP/1.1" 200 10759 "https://bookstore.example.com/books/9781617294433" "Mozilla/5.0 (Android 14; Mobile) AppleWebKit/537.36 (KHTML, like Gecko) Chrome/124.0 Mobile Safari/537.36" "session_id=7702f42e-8bed-454c-88c9-f7c1673ed82c event_type=book_view"
190.144.10.25 - synthetic.customer.0053 [22/Apr/2026:10:15:24 +0000] "GET /books/9781098104030 HTTP/1.1" 200 3078 "https://bookstore.example.com/books" "Mozilla/5.0 (X11; Linux x86_64) AppleWebKit/537.36 (KHTML, like Gecko) Chrome/124.0 Safari/537.36" "session_id=fb7042af-2cd0-4edc-a410-db7cd0a2f0c6 event_type=book_view"
186.84.32.10 - synthetic.customer.0031 [22/Apr/2026:10:15:33 +0000] "GET /home HTTP/1.1" 200 3137 "https://bookstore.example.com/books" "Mozilla/5.0 (Android 14; Mobile) AppleWebKit/537.36 (KHTML, like Gecko) Chrome/124.0 Mobile Safari/537.36" "session_id=e03bca94-4aa3-4f76-88c8-342e1fc6b85a event_type=home_view"
152.200.45.18 - synthetic.customer.0029 [22/Apr/2026:10:16:01 +0000] "GET /books/9780132350884 HTTP/1.1" 200 13742 "https://bookstore.example.com/books" "Mozilla/5.0 (X11; Linux x86_64) AppleWebKit/537.36 (KHTML, like Gecko) Chrome/124.0 Safari/537.36" "session_id=7e34d62a-9164-458c-9fa6-d8fbd21efc86 event_type=book_view"
200.13.45.90 - synthetic.customer.0008 [22/Apr/2026:10:16:03 +0000] "GET /books HTTP/1.1" 200 9113 "https://bookstore.example.com/search?q=clean+code" "Mozilla/5.0 (Macintosh; Intel Mac OS X 10_15_7) AppleWebKit/537.36 (KHTML, like Gecko) Chrome/124.0 Safari/537.36" "session_id=e83be216-1735-422b-b209-02a0fcffd96f event_type=book_list_view"
172.16.1.104 - anonymous [22/Apr/2026:10:16:15 +0000] "GET /books HTTP/1.1" 200 11365 "https://bookstore.example.com/search?q=distributed+systems" "Mozilla/5.0 (X11; Linux x86_64) AppleWebKit/537.36 (KHTML, like Gecko) Chrome/124.0 Safari/537.36" "session_id=2893ca7b-ef8a-446c-a3df-2a661d6c3013 event_type=book_list_view"
172.16.1.101 - synthetic.customer.0044 [22/Apr/2026:10:17:18 +0000] "GET /books/9780132350884 HTTP/1.1" 200 5813 "https://bookstore.example.com/books/9781098104030" "Mozilla/5.0 (X11; Linux x86_64) AppleWebKit/537.36 (KHTML, like Gecko) Chrome/124.0 Safari/537.36" "session_id=5c3d5b66-4e3b-4858-9d90-2f3d3eb77aac event_type=book_view"
152.200.45.18 - synthetic.customer.0080 [22/Apr/2026:10:17:43 +0000] "GET /books HTTP/1.1" 200 6140 "https://bookstore.example.com/home" "Mozilla/5.0 (Android 14; Mobile) AppleWebKit/537.36 (KHTML, like Gecko) Chrome/124.0 Mobile Safari/537.36" "session_id=d6e124d9-c383-4dae-aed9-61d66802a1bf event_type=book_list_view"
200.13.45.90 - synthetic.customer.0008 [22/Apr/2026:10:17:49 +0000] "GET /books/9780262046305 HTTP/1.1" 200 6304 "https://bookstore.example.com/books" "Mozilla/5.0 (Macintosh; Intel Mac OS X 10_15_7) AppleWebKit/537.36 (KHTML, like Gecko) Chrome/124.0 Safari/537.36" "session_id=e83be216-1735-422b-b209-02a0fcffd96f event_type=book_view"
172.16.1.104 - anonymous [22/Apr/2026:10:18:01 +0000] "GET /books/9780262046305 HTTP/1.1" 200 1219 "https://bookstore.example.com/books" "Mozilla/5.0 (X11; Linux x86_64) AppleWebKit/537.36 (KHTML, like Gecko) Chrome/124.0 Safari/537.36" "session_id=2893ca7b-ef8a-446c-a3df-2a661d6c3013 event_type=book_view"
200.13.45.90 - synthetic.customer.0052 [22/Apr/2026:10:18:28 +0000] "POST /cart/add?book_id=9780131103627 HTTP/1.1" 200 9061 "https://bookstore.example.com/books/9780132350884" "Mozilla/5.0 (Android 14; Mobile) AppleWebKit/537.36 (KHTML, like Gecko) Chrome/124.0 Mobile Safari/537.36" "session_id=7702f42e-8bed-454c-88c9-f7c1673ed82c event_type=add_to_cart"
172.16.1.103 - synthetic.customer.0053 [22/Apr/2026:10:18:35 +0000] "GET /home HTTP/1.1" 200 602 "https://bookstore.example.com/books" "Mozilla/5.0 (iPhone; CPU iPhone OS 17_4 like Mac OS X) AppleWebKit/605.1.15 (KHTML, like Gecko) Version/17.4 Mobile/15E148 Safari/604.1" "session_id=176ee93c-dfec-4791-b71a-d4a6d4ff4088 event_type=home_view"
190.144.10.25 - synthetic.customer.0053 [22/Apr/2026:10:19:21 +0000] "GET /books/9781492078005 HTTP/1.1" 200 6315 "https://bookstore.example.com/books/9781098104030" "Mozilla/5.0 (X11; Linux x86_64) AppleWebKit/537.36 (KHTML, like Gecko) Chrome/124.0 Safari/537.36" "session_id=fb7042af-2cd0-4edc-a410-db7cd0a2f0c6 event_type=book_view"
172.16.1.104 - anonymous [22/Apr/2026:10:19:31 +0000] "GET /home HTTP/1.1" 200 10851 "https://www.google.com/" "Mozilla/5.0 (iPhone; CPU iPhone OS 17_4 like Mac OS X) AppleWebKit/605.1.15 (KHTML, like Gecko) Version/17.4 Mobile/15E148 Safari/604.1" "session_id=d36ae592-b670-422e-b753-cb1feae7fdc3 event_type=home_view"
186.84.32.10 - synthetic.customer.0031 [22/Apr/2026:10:19:31 +0000] "GET /search?q=mlops HTTP/1.1" 200 8403 "https://bookstore.example.com/home" "Mozilla/5.0 (Android 14; Mobile) AppleWebKit/537.36 (KHTML, like Gecko) Chrome/124.0 Mobile Safari/537.36" "session_id=e03bca94-4aa3-4f76-88c8-342e1fc6b85a event_type=search"
200.13.45.90 - synthetic.customer.0052 [22/Apr/2026:10:20:07 +0000] "GET /cart HTTP/1.1" 200 5339 "https://bookstore.example.com/cart/add?book_id=9780131103627" "Mozilla/5.0 (Android 14; Mobile) AppleWebKit/537.36 (KHTML, like Gecko) Chrome/124.0 Mobile Safari/537.36" "session_id=7702f42e-8bed-454c-88c9-f7c1673ed82c event_type=cart_view"
172.16.1.101 - synthetic.customer.0044 [22/Apr/2026:10:20:29 +0000] "POST /cart/add?book_id=9781098104030 HTTP/1.1" 200 332 "https://bookstore.example.com/books/9780132350884" "Mozilla/5.0 (X11; Linux x86_64) AppleWebKit/537.36 (KHTML, like Gecko) Chrome/124.0 Safari/537.36" "session_id=5c3d5b66-4e3b-4858-9d90-2f3d3eb77aac event_type=add_to_cart"
172.16.1.103 - synthetic.customer.0053 [22/Apr/2026:10:20:41 +0000] "GET /books HTTP/1.1" 200 11771 "https://bookstore.example.com/home" "Mozilla/5.0 (iPhone; CPU iPhone OS 17_4 like Mac OS X) AppleWebKit/605.1.15 (KHTML, like Gecko) Version/17.4 Mobile/15E148 Safari/604.1" "session_id=176ee93c-dfec-4791-b71a-d4a6d4ff4088 event_type=book_list_view"
172.16.1.104 - anonymous [22/Apr/2026:10:21:03 +0000] "GET /search?q=mlops HTTP/1.1" 200 14464 "https://bookstore.example.com/home" "Mozilla/5.0 (iPhone; CPU iPhone OS 17_4 like Mac OS X) AppleWebKit/605.1.15 (KHTML, like Gecko) Version/17.4 Mobile/15E148 Safari/604.1" "session_id=d36ae592-b670-422e-b753-cb1feae7fdc3 event_type=search"
152.200.45.18 - synthetic.customer.0080 [22/Apr/2026:10:22:01 +0000] "GET /books/9780132350884 HTTP/1.1" 200 2338 "https://bookstore.example.com/books" "Mozilla/5.0 (Android 14; Mobile) AppleWebKit/537.36 (KHTML, like Gecko) Chrome/124.0 Mobile Safari/537.36" "session_id=d6e124d9-c383-4dae-aed9-61d66802a1bf event_type=book_view"
172.16.1.102 - synthetic.customer.0005 [22/Apr/2026:10:22:12 +0000] "GET /home HTTP/1.1" 404 10048 "https://bookstore.example.com/search?q=data+engineering" "Mozilla/5.0 (Windows NT 10.0; Win64; x64) AppleWebKit/537.36 (KHTML, like Gecko) Chrome/124.0 Safari/537.36" "session_id=0296c313-9c9e-48d5-adb6-58803b47df0b event_type=home_view"
172.16.1.104 - anonymous [22/Apr/2026:10:22:13 +0000] "GET /books HTTP/1.1" 200 8106 "https://bookstore.example.com/search?q=mlops" "Mozilla/5.0 (iPhone; CPU iPhone OS 17_4 like Mac OS X) AppleWebKit/605.1.15 (KHTML, like Gecko) Version/17.4 Mobile/15E148 Safari/604.1" "session_id=d36ae592-b670-422e-b753-cb1feae7fdc3 event_type=book_list_view"
190.144.10.25 - synthetic.customer.0053 [22/Apr/2026:10:22:33 +0000] "GET /books/9780131103627 HTTP/1.1" 200 7782 "https://bookstore.example.com/books/9781492078005" "Mozilla/5.0 (X11; Linux x86_64) AppleWebKit/537.36 (KHTML, like Gecko) Chrome/124.0 Safari/537.36" "session_id=fb7042af-2cd0-4edc-a410-db7cd0a2f0c6 event_type=book_view"
186.84.32.10 - synthetic.customer.0031 [22/Apr/2026:10:22:40 +0000] "GET /books HTTP/1.1" 200 14999 "https://bookstore.example.com/search?q=mlops" "Mozilla/5.0 (Android 14; Mobile) AppleWebKit/537.36 (KHTML, like Gecko) Chrome/124.0 Mobile Safari/537.36" "session_id=e03bca94-4aa3-4f76-88c8-342e1fc6b85a event_type=book_list_view"
172.16.1.102 - synthetic.customer.0005 [22/Apr/2026:10:23:05 +0000] "GET /search?q=mlops HTTP/1.1" 200 2210 "https://bookstore.example.com/home" "Mozilla/5.0 (Windows NT 10.0; Win64; x64) AppleWebKit/537.36 (KHTML, like Gecko) Chrome/124.0 Safari/537.36" "session_id=0296c313-9c9e-48d5-adb6-58803b47df0b event_type=search"
186.84.32.10 - synthetic.customer.0031 [22/Apr/2026:10:23:14 +0000] "GET /books/9781617294433 HTTP/1.1" 200 1487 "https://bookstore.example.com/books" "Mozilla/5.0 (Android 14; Mobile) AppleWebKit/537.36 (KHTML, like Gecko) Chrome/124.0 Mobile Safari/537.36" "session_id=e03bca94-4aa3-4f76-88c8-342e1fc6b85a event_type=book_view"
190.144.10.25 - synthetic.customer.0053 [22/Apr/2026:10:23:50 +0000] "GET /books/9780131103627 HTTP/1.1" 200 6882 "https://bookstore.example.com/books/9780131103627" "Mozilla/5.0 (X11; Linux x86_64) AppleWebKit/537.36 (KHTML, like Gecko) Chrome/124.0 Safari/537.36" "session_id=fb7042af-2cd0-4edc-a410-db7cd0a2f0c6 event_type=book_view"
172.16.1.103 - synthetic.customer.0053 [22/Apr/2026:10:24:18 +0000] "GET /books/9780131103627 HTTP/1.1" 200 9819 "https://bookstore.example.com/books" "Mozilla/5.0 (iPhone; CPU iPhone OS 17_4 like Mac OS X) AppleWebKit/605.1.15 (KHTML, like Gecko) Version/17.4 Mobile/15E148 Safari/604.1" "session_id=176ee93c-dfec-4791-b71a-d4a6d4ff4088 event_type=book_view"
172.16.1.104 - anonymous [22/Apr/2026:10:24:20 +0000] "GET /books/9781491950357 HTTP/1.1" 200 5986 "https://bookstore.example.com/books" "Mozilla/5.0 (iPhone; CPU iPhone OS 17_4 like Mac OS X) AppleWebKit/605.1.15 (KHTML, like Gecko) Version/17.4 Mobile/15E148 Safari/604.1" "session_id=d36ae592-b670-422e-b753-cb1feae7fdc3 event_type=book_view"
172.16.1.101 - synthetic.customer.0044 [22/Apr/2026:10:24:43 +0000] "GET /cart HTTP/1.1" 200 12506 "https://bookstore.example.com/cart/add?book_id=9781098104030" "Mozilla/5.0 (X11; Linux x86_64) AppleWebKit/537.36 (KHTML, like Gecko) Chrome/124.0 Safari/537.36" "session_id=5c3d5b66-4e3b-4858-9d90-2f3d3eb77aac event_type=cart_view"
172.16.1.103 - synthetic.customer.0053 [22/Apr/2026:10:25:09 +0000] "GET /books/9781789801817 HTTP/1.1" 404 - "https://bookstore.example.com/books/9780131103627" "Mozilla/5.0 (iPhone; CPU iPhone OS 17_4 like Mac OS X) AppleWebKit/605.1.15 (KHTML, like Gecko) Version/17.4 Mobile/15E148 Safari/604.1" "session_id=176ee93c-dfec-4791-b71a-d4a6d4ff4088 event_type=book_view"
172.16.1.103 - synthetic.customer.0053 [22/Apr/2026:10:25:51 +0000] "GET /books/9780131103627 HTTP/1.1" 200 12320 "https://bookstore.example.com/books/9781789801817" "Mozilla/5.0 (iPhone; CPU iPhone OS 17_4 like Mac OS X) AppleWebKit/605.1.15 (KHTML, like Gecko) Version/17.4 Mobile/15E148 Safari/604.1" "session_id=176ee93c-dfec-4791-b71a-d4a6d4ff4088 event_type=book_view"
186.84.32.10 - synthetic.customer.0031 [22/Apr/2026:10:26:10 +0000] "POST /cart/add?book_id=9781617294433 HTTP/1.1" 200 7441 "https://bookstore.example.com/books/9781617294433" "Mozilla/5.0 (Android 14; Mobile) AppleWebKit/537.36 (KHTML, like Gecko) Chrome/124.0 Mobile Safari/537.36" "session_id=e03bca94-4aa3-4f76-88c8-342e1fc6b85a event_type=add_to_cart"
200.13.45.90 - synthetic.customer.0005 [22/Apr/2026:10:26:20 +0000] "GET /home HTTP/1.1" 200 15623 "https://www.google.com/" "Mozilla/5.0 (iPhone; CPU iPhone OS 17_4 like Mac OS X) AppleWebKit/605.1.15 (KHTML, like Gecko) Version/17.4 Mobile/15E148 Safari/604.1" "session_id=3d5abdca-3d2f-4d43-aad4-03a3c35f1501 event_type=home_view"
172.16.1.102 - synthetic.customer.0005 [22/Apr/2026:10:27:15 +0000] "GET /books HTTP/1.1" 200 2058 "https://bookstore.example.com/search?q=mlops" "Mozilla/5.0 (Windows NT 10.0; Win64; x64) AppleWebKit/537.36 (KHTML, like Gecko) Chrome/124.0 Safari/537.36" "session_id=0296c313-9c9e-48d5-adb6-58803b47df0b event_type=book_list_view"
200.13.45.90 - synthetic.customer.0005 [22/Apr/2026:10:27:36 +0000] "GET /search?q=data+engineering HTTP/1.1" 200 7388 "https://bookstore.example.com/home" "Mozilla/5.0 (iPhone; CPU iPhone OS 17_4 like Mac OS X) AppleWebKit/605.1.15 (KHTML, like Gecko) Version/17.4 Mobile/15E148 Safari/604.1" "session_id=3d5abdca-3d2f-4d43-aad4-03a3c35f1501 event_type=search"
181.143.56.11 - synthetic.customer.0021 [22/Apr/2026:10:28:00 +0000] "GET /home HTTP/1.1" 200 1840 "https://bookstore.example.com/search?q=data+engineering" "Mozilla/5.0 (Android 14; Mobile) AppleWebKit/537.36 (KHTML, like Gecko) Chrome/124.0 Mobile Safari/537.36" "session_id=98b63edb-7927-437a-a8e8-2183f555ae8f event_type=home_view"
172.16.1.104 - anonymous [22/Apr/2026:10:28:27 +0000] "GET /books/9780131103627 HTTP/1.1" 200 5962 "https://bookstore.example.com/books/9781491950357" "Mozilla/5.0 (iPhone; CPU iPhone OS 17_4 like Mac OS X) AppleWebKit/605.1.15 (KHTML, like Gecko) Version/17.4 Mobile/15E148 Safari/604.1" "session_id=d36ae592-b670-422e-b753-cb1feae7fdc3 event_type=book_view"
181.143.56.11 - synthetic.customer.0073 [22/Apr/2026:10:29:02 +0000] "GET /home HTTP/1.1" 404 - "-" "Mozilla/5.0 (Android 14; Mobile) AppleWebKit/537.36 (KHTML, like Gecko) Chrome/124.0 Mobile Safari/537.36" "session_id=ce9fafe1-b24a-48d3-96a0-c880801a9939 event_type=home_view"
186.84.32.10 - synthetic.customer.0031 [22/Apr/2026:10:29:06 +0000] "GET /cart HTTP/1.1" 200 15242 "https://bookstore.example.com/cart/add?book_id=9781617294433" "Mozilla/5.0 (Android 14; Mobile) AppleWebKit/537.36 (KHTML, like Gecko) Chrome/124.0 Mobile Safari/537.36" "session_id=e03bca94-4aa3-4f76-88c8-342e1fc6b85a event_type=cart_view"
172.16.1.102 - synthetic.customer.0005 [22/Apr/2026:10:30:38 +0000] "GET /books/9781492078005 HTTP/1.1" 200 11033 "https://bookstore.example.com/books" "Mozilla/5.0 (Windows NT 10.0; Win64; x64) AppleWebKit/537.36 (KHTML, like Gecko) Chrome/124.0 Safari/537.36" "session_id=0296c313-9c9e-48d5-adb6-58803b47df0b event_type=book_view"
186.84.32.10 - synthetic.customer.0031 [22/Apr/2026:10:31:11 +0000] "POST /checkout HTTP/1.1" 200 7219 "https://bookstore.example.com/cart" "Mozilla/5.0 (Android 14; Mobile) AppleWebKit/537.36 (KHTML, like Gecko) Chrome/124.0 Mobile Safari/537.36" "session_id=e03bca94-4aa3-4f76-88c8-342e1fc6b85a event_type=checkout"
181.57.90.44 - synthetic.customer.0057 [22/Apr/2026:10:31:40 +0000] "GET /home HTTP/1.1" 200 6603 "https://www.linkedin.com/" "Mozilla/5.0 (iPhone; CPU iPhone OS 17_4 like Mac OS X) AppleWebKit/605.1.15 (KHTML, like Gecko) Version/17.4 Mobile/15E148 Safari/604.1" "session_id=efcef58e-6bad-40fc-9a8a-0f04c8542a61 event_type=home_view"
181.143.56.11 - synthetic.customer.0080 [22/Apr/2026:10:31:41 +0000] "GET /home HTTP/1.1" 200 2911 "https://bookstore.example.com/home" "Mozilla/5.0 (Android 14; Mobile) AppleWebKit/537.36 (KHTML, like Gecko) Chrome/124.0 Mobile Safari/537.36" "session_id=2d324ebc-5376-4587-bfe7-2506ce87b611 event_type=home_view"
200.13.45.90 - synthetic.customer.0005 [22/Apr/2026:10:31:56 +0000] "GET /books HTTP/1.1" 200 7755 "https://bookstore.example.com/search?q=data+engineering" "Mozilla/5.0 (iPhone; CPU iPhone OS 17_4 like Mac OS X) AppleWebKit/605.1.15 (KHTML, like Gecko) Version/17.4 Mobile/15E148 Safari/604.1" "session_id=3d5abdca-3d2f-4d43-aad4-03a3c35f1501 event_type=book_list_view"
181.143.56.11 - synthetic.customer.0021 [22/Apr/2026:10:32:15 +0000] "GET /search?q=mlops HTTP/1.1" 200 10042 "https://bookstore.example.com/home" "Mozilla/5.0 (Android 14; Mobile) AppleWebKit/537.36 (KHTML, like Gecko) Chrome/124.0 Mobile Safari/537.36" "session_id=98b63edb-7927-437a-a8e8-2183f555ae8f event_type=search"
181.143.56.11 - synthetic.customer.0073 [22/Apr/2026:10:32:21 +0000] "GET /search?q=mlops HTTP/1.1" 404 - "https://bookstore.example.com/home" "Mozilla/5.0 (Android 14; Mobile) AppleWebKit/537.36 (KHTML, like Gecko) Chrome/124.0 Mobile Safari/537.36" "session_id=ce9fafe1-b24a-48d3-96a0-c880801a9939 event_type=search"
186.84.32.10 - synthetic.customer.0031 [22/Apr/2026:10:32:30 +0000] "POST /api/orders HTTP/1.1" 200 10955 "https://bookstore.example.com/checkout" "Mozilla/5.0 (Android 14; Mobile) AppleWebKit/537.36 (KHTML, like Gecko) Chrome/124.0 Mobile Safari/537.36" "session_id=e03bca94-4aa3-4f76-88c8-342e1fc6b85a event_type=order_created"
172.16.1.104 - anonymous [22/Apr/2026:10:32:41 +0000] "GET /books/9781098104030 HTTP/1.1" 200 11235 "https://bookstore.example.com/books/9780131103627" "Mozilla/5.0 (iPhone; CPU iPhone OS 17_4 like Mac OS X) AppleWebKit/605.1.15 (KHTML, like Gecko) Version/17.4 Mobile/15E148 Safari/604.1" "session_id=d36ae592-b670-422e-b753-cb1feae7fdc3 event_type=book_view"
181.57.90.44 - synthetic.customer.0057 [22/Apr/2026:10:33:05 +0000] "GET /books HTTP/1.1" 200 2601 "https://bookstore.example.com/home" "Mozilla/5.0 (iPhone; CPU iPhone OS 17_4 like Mac OS X) AppleWebKit/605.1.15 (KHTML, like Gecko) Version/17.4 Mobile/15E148 Safari/604.1" "session_id=efcef58e-6bad-40fc-9a8a-0f04c8542a61 event_type=book_list_view"
200.13.45.90 - synthetic.customer.0005 [22/Apr/2026:10:33:36 +0000] "GET /books/9780132350884 HTTP/1.1" 200 11247 "https://bookstore.example.com/books" "Mozilla/5.0 (iPhone; CPU iPhone OS 17_4 like Mac OS X) AppleWebKit/605.1.15 (KHTML, like Gecko) Version/17.4 Mobile/15E148 Safari/604.1" "session_id=3d5abdca-3d2f-4d43-aad4-03a3c35f1501 event_type=book_view"
172.16.1.102 - synthetic.customer.0005 [22/Apr/2026:10:33:50 +0000] "GET /books/9781098104030 HTTP/1.1" 200 245 "https://bookstore.example.com/books/9781492078005" "Mozilla/5.0 (Windows NT 10.0; Win64; x64) AppleWebKit/537.36 (KHTML, like Gecko) Chrome/124.0 Safari/537.36" "session_id=0296c313-9c9e-48d5-adb6-58803b47df0b event_type=book_view"
181.143.56.11 - synthetic.customer.0080 [22/Apr/2026:10:33:53 +0000] "GET /books HTTP/1.1" 200 9574 "https://bookstore.example.com/home" "Mozilla/5.0 (Android 14; Mobile) AppleWebKit/537.36 (KHTML, like Gecko) Chrome/124.0 Mobile Safari/537.36" "session_id=2d324ebc-5376-4587-bfe7-2506ce87b611 event_type=book_list_view"
181.57.90.44 - synthetic.customer.0057 [22/Apr/2026:10:34:01 +0000] "GET /books/9781617294433 HTTP/1.1" 200 9185 "https://bookstore.example.com/books" "Mozilla/5.0 (iPhone; CPU iPhone OS 17_4 like Mac OS X) AppleWebKit/605.1.15 (KHTML, like Gecko) Version/17.4 Mobile/15E148 Safari/604.1" "session_id=efcef58e-6bad-40fc-9a8a-0f04c8542a61 event_type=book_view"
172.16.1.102 - synthetic.customer.0005 [22/Apr/2026:10:35:35 +0000] "GET /books/9781617294433 HTTP/1.1" 200 12596 "https://bookstore.example.com/books/9781098104030" "Mozilla/5.0 (Windows NT 10.0; Win64; x64) AppleWebKit/537.36 (KHTML, like Gecko) Chrome/124.0 Safari/537.36" "session_id=0296c313-9c9e-48d5-adb6-58803b47df0b event_type=book_view"
181.143.56.11 - synthetic.customer.0073 [22/Apr/2026:10:35:50 +0000] "GET /books HTTP/1.1" 200 12064 "https://bookstore.example.com/search?q=mlops" "Mozilla/5.0 (Android 14; Mobile) AppleWebKit/537.36 (KHTML, like Gecko) Chrome/124.0 Mobile Safari/537.36" "session_id=ce9fafe1-b24a-48d3-96a0-c880801a9939 event_type=book_list_view"
181.143.56.11 - synthetic.customer.0021 [22/Apr/2026:10:36:26 +0000] "GET /books HTTP/1.1" 404 3006 "https://bookstore.example.com/search?q=mlops" "Mozilla/5.0 (Android 14; Mobile) AppleWebKit/537.36 (KHTML, like Gecko) Chrome/124.0 Mobile Safari/537.36" "session_id=98b63edb-7927-437a-a8e8-2183f555ae8f event_type=book_list_view"
181.143.56.11 - synthetic.customer.0073 [22/Apr/2026:10:36:29 +0000] "GET /books/9781491950357 HTTP/1.1" 200 14711 "https://bookstore.example.com/books" "Mozilla/5.0 (Android 14; Mobile) AppleWebKit/537.36 (KHTML, like Gecko) Chrome/124.0 Mobile Safari/537.36" "session_id=ce9fafe1-b24a-48d3-96a0-c880801a9939 event_type=book_view"
172.16.1.102 - synthetic.customer.0005 [22/Apr/2026:10:36:45 +0000] "GET /books/9781617294433 HTTP/1.1" 200 14348 "https://bookstore.example.com/books/9781617294433" "Mozilla/5.0 (Windows NT 10.0; Win64; x64) AppleWebKit/537.36 (KHTML, like Gecko) Chrome/124.0 Safari/537.36" "session_id=0296c313-9c9e-48d5-adb6-58803b47df0b event_type=book_view"
181.143.56.11 - synthetic.customer.0021 [22/Apr/2026:10:37:01 +0000] "GET /books/9781789801817 HTTP/1.1" 404 5538 "https://bookstore.example.com/books" "Mozilla/5.0 (Android 14; Mobile) AppleWebKit/537.36 (KHTML, like Gecko) Chrome/124.0 Mobile Safari/537.36" "session_id=98b63edb-7927-437a-a8e8-2183f555ae8f event_type=book_view"
200.13.45.90 - synthetic.customer.0005 [22/Apr/2026:10:37:02 +0000] "POST /cart/add?book_id=9780132350884 HTTP/1.1" 200 12619 "https://bookstore.example.com/books/9780132350884" "Mozilla/5.0 (iPhone; CPU iPhone OS 17_4 like Mac OS X) AppleWebKit/605.1.15 (KHTML, like Gecko) Version/17.4 Mobile/15E148 Safari/604.1" "session_id=3d5abdca-3d2f-4d43-aad4-03a3c35f1501 event_type=add_to_cart"
181.143.56.11 - synthetic.customer.0080 [22/Apr/2026:10:37:27 +0000] "GET /books/9781491950357 HTTP/1.1" 200 9002 "https://bookstore.example.com/books" "Mozilla/5.0 (Android 14; Mobile) AppleWebKit/537.36 (KHTML, like Gecko) Chrome/124.0 Mobile Safari/537.36" "session_id=2d324ebc-5376-4587-bfe7-2506ce87b611 event_type=book_view"
181.143.56.11 - synthetic.customer.0073 [22/Apr/2026:10:37:43 +0000] "GET /books/9781098104030 HTTP/1.1" 200 1751 "https://bookstore.example.com/books/9781491950357" "Mozilla/5.0 (Android 14; Mobile) AppleWebKit/537.36 (KHTML, like Gecko) Chrome/124.0 Mobile Safari/537.36" "session_id=ce9fafe1-b24a-48d3-96a0-c880801a9939 event_type=book_view"
181.143.56.11 - synthetic.customer.0080 [22/Apr/2026:10:38:06 +0000] "GET /books/9780132350884 HTTP/1.1" 200 3741 "https://bookstore.example.com/books/9781491950357" "Mozilla/5.0 (Android 14; Mobile) AppleWebKit/537.36 (KHTML, like Gecko) Chrome/124.0 Mobile Safari/537.36" "session_id=2d324ebc-5376-4587-bfe7-2506ce87b611 event_type=book_view"
200.13.45.90 - synthetic.customer.0005 [22/Apr/2026:10:38:11 +0000] "GET /cart HTTP/1.1" 200 7394 "https://bookstore.example.com/cart/add?book_id=9780132350884" "Mozilla/5.0 (iPhone; CPU iPhone OS 17_4 like Mac OS X) AppleWebKit/605.1.15 (KHTML, like Gecko) Version/17.4 Mobile/15E148 Safari/604.1" "session_id=3d5abdca-3d2f-4d43-aad4-03a3c35f1501 event_type=cart_view"
181.143.56.11 - synthetic.customer.0021 [22/Apr/2026:10:38:22 +0000] "GET /books/9780132350884 HTTP/1.1" 200 8290 "https://bookstore.example.com/books/9781789801817" "Mozilla/5.0 (Android 14; Mobile) AppleWebKit/537.36 (KHTML, like Gecko) Chrome/124.0 Mobile Safari/537.36" "session_id=98b63edb-7927-437a-a8e8-2183f555ae8f event_type=book_view"
181.143.56.11 - synthetic.customer.0021 [22/Apr/2026:10:38:54 +0000] "GET /books/9781789801817 HTTP/1.1" 200 4825 "https://bookstore.example.com/books/9780132350884" "Mozilla/5.0 (Android 14; Mobile) AppleWebKit/537.36 (KHTML, like Gecko) Chrome/124.0 Mobile Safari/537.36" "session_id=98b63edb-7927-437a-a8e8-2183f555ae8f event_type=book_view"
172.16.1.104 - synthetic.customer.0067 [22/Apr/2026:10:39:17 +0000] "GET /home HTTP/1.1" 200 1873 "https://bookstore.example.com/search?q=data+engineering" "Mozilla/5.0 (Windows NT 10.0; Win64; x64) AppleWebKit/537.36 (KHTML, like Gecko) Chrome/124.0 Safari/537.36" "session_id=40568614-df85-42bc-abe1-6661a04afa45 event_type=home_view"
181.143.56.11 - synthetic.customer.0080 [22/Apr/2026:10:40:27 +0000] "GET /books/9780132350884 HTTP/1.1" 200 13712 "https://bookstore.example.com/books/9780132350884" "Mozilla/5.0 (Android 14; Mobile) AppleWebKit/537.36 (KHTML, like Gecko) Chrome/124.0 Mobile Safari/537.36" "session_id=2d324ebc-5376-4587-bfe7-2506ce87b611 event_type=book_view"
181.143.56.11 - synthetic.customer.0073 [22/Apr/2026:10:40:40 +0000] "GET /books/9781098104030 HTTP/1.1" 200 13052 "https://bookstore.example.com/books/9781098104030" "Mozilla/5.0 (Android 14; Mobile) AppleWebKit/537.36 (KHTML, like Gecko) Chrome/124.0 Mobile Safari/537.36" "session_id=ce9fafe1-b24a-48d3-96a0-c880801a9939 event_type=book_view"
200.13.45.90 - synthetic.customer.0005 [22/Apr/2026:10:41:58 +0000] "POST /checkout HTTP/1.1" 201 11970 "https://bookstore.example.com/cart" "Mozilla/5.0 (iPhone; CPU iPhone OS 17_4 like Mac OS X) AppleWebKit/605.1.15 (KHTML, like Gecko) Version/17.4 Mobile/15E148 Safari/604.1" "session_id=3d5abdca-3d2f-4d43-aad4-03a3c35f1501 event_type=checkout"
181.143.56.11 - synthetic.customer.0080 [22/Apr/2026:10:42:34 +0000] "GET /books/9780131103627 HTTP/1.1" 200 4283 "https://bookstore.example.com/books/9780132350884" "Mozilla/5.0 (Android 14; Mobile) AppleWebKit/537.36 (KHTML, like Gecko) Chrome/124.0 Mobile Safari/537.36" "session_id=2d324ebc-5376-4587-bfe7-2506ce87b611 event_type=book_view"
172.16.1.104 - synthetic.customer.0067 [22/Apr/2026:10:42:38 +0000] "GET /books HTTP/1.1" 200 4287 "https://bookstore.example.com/home" "Mozilla/5.0 (Windows NT 10.0; Win64; x64) AppleWebKit/537.36 (KHTML, like Gecko) Chrome/124.0 Safari/537.36" "session_id=40568614-df85-42bc-abe1-6661a04afa45 event_type=book_list_view"
200.13.45.90 - synthetic.customer.0005 [22/Apr/2026:10:44:55 +0000] "POST /api/orders HTTP/1.1" 500 4556 "https://bookstore.example.com/checkout" "Mozilla/5.0 (iPhone; CPU iPhone OS 17_4 like Mac OS X) AppleWebKit/605.1.15 (KHTML, like Gecko) Version/17.4 Mobile/15E148 Safari/604.1" "session_id=3d5abdca-3d2f-4d43-aad4-03a3c35f1501 event_type=order_created"
172.16.1.104 - synthetic.customer.0067 [22/Apr/2026:10:44:57 +0000] "GET /books/9780262046305 HTTP/1.1" 200 2656 "https://bookstore.example.com/books" "Mozilla/5.0 (Windows NT 10.0; Win64; x64) AppleWebKit/537.36 (KHTML, like Gecko) Chrome/124.0 Safari/537.36" "session_id=40568614-df85-42bc-abe1-6661a04afa45 event_type=book_view"
172.16.1.101 - synthetic.customer.0023 [22/Apr/2026:10:59:38 +0000] "GET /home HTTP/1.1" 200 9476 "https://bookstore.example.com/search?q=data+engineering" "Mozilla/5.0 (Macintosh; Intel Mac OS X 10_15_7) AppleWebKit/537.36 (KHTML, like Gecko) Chrome/124.0 Safari/537.36" "session_id=d937fc40-456e-4c9d-9046-a96be9fae820 event_type=home_view"
172.16.1.101 - synthetic.customer.0023 [22/Apr/2026:11:01:32 +0000] "GET /books HTTP/1.1" 500 15427 "https://bookstore.example.com/home" "Mozilla/5.0 (Macintosh; Intel Mac OS X 10_15_7) AppleWebKit/537.36 (KHTML, like Gecko) Chrome/124.0 Safari/537.36" "session_id=d937fc40-456e-4c9d-9046-a96be9fae820 event_type=book_list_view"
172.16.1.103 - synthetic.customer.0045 [22/Apr/2026:11:04:04 +0000] "GET /home HTTP/1.1" 200 14342 "https://bookstore.example.com/books" "Mozilla/5.0 (Macintosh; Intel Mac OS X 10_15_7) AppleWebKit/537.36 (KHTML, like Gecko) Chrome/124.0 Safari/537.36" "session_id=9df4ddd5-b6f1-4702-9aaf-522a575888bf event_type=home_view"
172.16.1.101 - synthetic.customer.0023 [22/Apr/2026:11:04:42 +0000] "GET /books/9781491950357 HTTP/1.1" 200 2379 "https://bookstore.example.com/books" "Mozilla/5.0 (Macintosh; Intel Mac OS X 10_15_7) AppleWebKit/537.36 (KHTML, like Gecko) Chrome/124.0 Safari/537.36" "session_id=d937fc40-456e-4c9d-9046-a96be9fae820 event_type=book_view"
172.16.1.103 - synthetic.customer.0045 [22/Apr/2026:11:06:29 +0000] "GET /search?q=data+engineering HTTP/1.1" 404 9303 "https://bookstore.example.com/home" "Mozilla/5.0 (Macintosh; Intel Mac OS X 10_15_7) AppleWebKit/537.36 (KHTML, like Gecko) Chrome/124.0 Safari/537.36" "session_id=9df4ddd5-b6f1-4702-9aaf-522a575888bf event_type=search"
172.16.1.101 - synthetic.customer.0023 [22/Apr/2026:11:07:07 +0000] "GET /books/9781492078005 HTTP/1.1" 200 8765 "https://bookstore.example.com/books/9781491950357" "Mozilla/5.0 (Macintosh; Intel Mac OS X 10_15_7) AppleWebKit/537.36 (KHTML, like Gecko) Chrome/124.0 Safari/537.36" "session_id=d937fc40-456e-4c9d-9046-a96be9fae820 event_type=book_view"
172.16.1.101 - synthetic.customer.0023 [22/Apr/2026:11:08:15 +0000] "GET /books/9781491950357 HTTP/1.1" 200 3558 "https://bookstore.example.com/books/9781492078005" "Mozilla/5.0 (Macintosh; Intel Mac OS X 10_15_7) AppleWebKit/537.36 (KHTML, like Gecko) Chrome/124.0 Safari/537.36" "session_id=d937fc40-456e-4c9d-9046-a96be9fae820 event_type=book_view"
172.16.1.103 - synthetic.customer.0045 [22/Apr/2026:11:09:08 +0000] "GET /books HTTP/1.1" 200 6921 "https://bookstore.example.com/search?q=data+engineering" "Mozilla/5.0 (Macintosh; Intel Mac OS X 10_15_7) AppleWebKit/537.36 (KHTML, like Gecko) Chrome/124.0 Safari/537.36" "session_id=9df4ddd5-b6f1-4702-9aaf-522a575888bf event_type=book_list_view"
172.16.1.103 - synthetic.customer.0037 [22/Apr/2026:11:10:50 +0000] "GET /home HTTP/1.1" 200 7953 "-" "Mozilla/5.0 (iPhone; CPU iPhone OS 17_4 like Mac OS X) AppleWebKit/605.1.15 (KHTML, like Gecko) Version/17.4 Mobile/15E148 Safari/604.1" "session_id=2249a67a-4e6e-44c1-8752-0c508fee36b1 event_type=home_view"
172.16.1.103 - synthetic.customer.0021 [22/Apr/2026:11:10:58 +0000] "GET /home HTTP/1.1" 200 11869 "https://www.linkedin.com/" "Mozilla/5.0 (Macintosh; Intel Mac OS X 10_15_7) AppleWebKit/537.36 (KHTML, like Gecko) Chrome/124.0 Safari/537.36" "session_id=41471047-cbd7-4d2b-9e38-45c83b9a0cdc event_type=home_view"
172.16.1.103 - synthetic.customer.0037 [22/Apr/2026:11:11:19 +0000] "GET /books HTTP/1.1" 200 1750 "https://bookstore.example.com/home" "Mozilla/5.0 (iPhone; CPU iPhone OS 17_4 like Mac OS X) AppleWebKit/605.1.15 (KHTML, like Gecko) Version/17.4 Mobile/15E148 Safari/604.1" "session_id=2249a67a-4e6e-44c1-8752-0c508fee36b1 event_type=book_list_view"
172.16.1.101 - synthetic.customer.0023 [22/Apr/2026:11:11:46 +0000] "GET /books/9781492078005 HTTP/1.1" 200 5755 "https://bookstore.example.com/books/9781491950357" "Mozilla/5.0 (Macintosh; Intel Mac OS X 10_15_7) AppleWebKit/537.36 (KHTML, like Gecko) Chrome/124.0 Safari/537.36" "session_id=d937fc40-456e-4c9d-9046-a96be9fae820 event_type=book_view"
172.16.1.103 - synthetic.customer.0037 [22/Apr/2026:11:12:48 +0000] "GET /books/9780262046305 HTTP/1.1" 200 9329 "https://bookstore.example.com/books" "Mozilla/5.0 (iPhone; CPU iPhone OS 17_4 like Mac OS X) AppleWebKit/605.1.15 (KHTML, like Gecko) Version/17.4 Mobile/15E148 Safari/604.1" "session_id=2249a67a-4e6e-44c1-8752-0c508fee36b1 event_type=book_view"
172.16.1.103 - synthetic.customer.0045 [22/Apr/2026:11:13:02 +0000] "GET /books/9781491950357 HTTP/1.1" 200 1195 "https://bookstore.example.com/books" "Mozilla/5.0 (Macintosh; Intel Mac OS X 10_15_7) AppleWebKit/537.36 (KHTML, like Gecko) Chrome/124.0 Safari/537.36" "session_id=9df4ddd5-b6f1-4702-9aaf-522a575888bf event_type=book_view"
152.200.45.18 - synthetic.customer.0004 [22/Apr/2026:11:14:31 +0000] "GET /home HTTP/1.1" 200 9663 "https://www.google.com/" "Mozilla/5.0 (Windows NT 10.0; Win64; x64) AppleWebKit/537.36 (KHTML, like Gecko) Chrome/124.0 Safari/537.36" "session_id=c5c34738-73de-4053-83dd-0bf09bc93188 event_type=home_view"
172.16.1.103 - synthetic.customer.0021 [22/Apr/2026:11:14:57 +0000] "GET /books HTTP/1.1" 200 15030 "https://bookstore.example.com/home" "Mozilla/5.0 (Macintosh; Intel Mac OS X 10_15_7) AppleWebKit/537.36 (KHTML, like Gecko) Chrome/124.0 Safari/537.36" "session_id=41471047-cbd7-4d2b-9e38-45c83b9a0cdc event_type=book_list_view"
172.16.1.104 - synthetic.customer.0033 [22/Apr/2026:11:16:25 +0000] "GET /home HTTP/1.1" 200 5250 "https://bookstore.example.com/home" "Mozilla/5.0 (Windows NT 10.0; Win64; x64) AppleWebKit/537.36 (KHTML, like Gecko) Chrome/124.0 Safari/537.36" "session_id=f708d303-c654-497f-a744-6f12a93bb058 event_type=home_view"
172.16.1.103 - synthetic.customer.0021 [22/Apr/2026:11:17:03 +0000] "GET /books/9781617294433 HTTP/1.1" 200 4335 "https://bookstore.example.com/books" "Mozilla/5.0 (Macintosh; Intel Mac OS X 10_15_7) AppleWebKit/537.36 (KHTML, like Gecko) Chrome/124.0 Safari/537.36" "session_id=41471047-cbd7-4d2b-9e38-45c83b9a0cdc event_type=book_view"
152.200.45.18 - synthetic.customer.0004 [22/Apr/2026:11:17:13 +0000] "GET /search?q=mlops HTTP/1.1" 200 3036 "https://bookstore.example.com/home" "Mozilla/5.0 (Windows NT 10.0; Win64; x64) AppleWebKit/537.36 (KHTML, like Gecko) Chrome/124.0 Safari/537.36" "session_id=c5c34738-73de-4053-83dd-0bf09bc93188 event_type=search"
152.200.45.18 - synthetic.customer.0004 [22/Apr/2026:11:19:05 +0000] "GET /books HTTP/1.1" 200 5970 "https://bookstore.example.com/search?q=mlops" "Mozilla/5.0 (Windows NT 10.0; Win64; x64) AppleWebKit/537.36 (KHTML, like Gecko) Chrome/124.0 Safari/537.36" "session_id=c5c34738-73de-4053-83dd-0bf09bc93188 event_type=book_list_view"
200.13.45.90 - synthetic.customer.0003 [22/Apr/2026:11:19:24 +0000] "GET /home HTTP/1.1" 200 15424 "https://www.google.com/" "Mozilla/5.0 (Windows NT 10.0; Win64; x64) AppleWebKit/537.36 (KHTML, like Gecko) Chrome/124.0 Safari/537.36" "session_id=46fdd2e6-fcb4-48cf-a493-e2190a239b5c event_type=home_view"
172.16.1.104 - synthetic.customer.0033 [22/Apr/2026:11:19:30 +0000] "GET /search?q=data+engineering HTTP/1.1" 200 1488 "https://bookstore.example.com/home" "Mozilla/5.0 (Windows NT 10.0; Win64; x64) AppleWebKit/537.36 (KHTML, like Gecko) Chrome/124.0 Safari/537.36" "session_id=f708d303-c654-497f-a744-6f12a93bb058 event_type=search"
172.16.1.103 - synthetic.customer.0021 [22/Apr/2026:11:20:32 +0000] "GET /books/9781617294433 HTTP/1.1" 200 1516 "https://bookstore.example.com/books/9781617294433" "Mozilla/5.0 (Macintosh; Intel Mac OS X 10_15_7) AppleWebKit/537.36 (KHTML, like Gecko) Chrome/124.0 Safari/537.36" "session_id=41471047-cbd7-4d2b-9e38-45c83b9a0cdc event_type=book_view"
152.200.45.18 - synthetic.customer.0004 [22/Apr/2026:11:20:36 +0000] "GET /books/9781491950357 HTTP/1.1" 200 5816 "https://bookstore.example.com/books" "Mozilla/5.0 (Windows NT 10.0; Win64; x64) AppleWebKit/537.36 (KHTML, like Gecko) Chrome/124.0 Safari/537.36" "session_id=c5c34738-73de-4053-83dd-0bf09bc93188 event_type=book_view"
172.16.1.104 - synthetic.customer.0033 [22/Apr/2026:11:21:13 +0000] "GET /books HTTP/1.1" 200 4500 "https://bookstore.example.com/search?q=data+engineering" "Mozilla/5.0 (Windows NT 10.0; Win64; x64) AppleWebKit/537.36 (KHTML, like Gecko) Chrome/124.0 Safari/537.36" "session_id=f708d303-c654-497f-a744-6f12a93bb058 event_type=book_list_view"
200.13.45.90 - synthetic.customer.0030 [22/Apr/2026:11:21:47 +0000] "GET /home HTTP/1.1" 404 9848 "https://bookstore.example.com/home" "Mozilla/5.0 (Macintosh; Intel Mac OS X 10_15_7) AppleWebKit/537.36 (KHTML, like Gecko) Chrome/124.0 Safari/537.36" "session_id=e0dd6254-30e2-4fdc-8fe4-fac7a8f2f9ae event_type=home_view"
152.200.45.18 - synthetic.customer.0073 [22/Apr/2026:11:22:15 +0000] "GET /home HTTP/1.1" 200 13691 "https://bookstore.example.com/home" "Mozilla/5.0 (Android 14; Mobile) AppleWebKit/537.36 (KHTML, like Gecko) Chrome/124.0 Mobile Safari/537.36" "session_id=92325b9e-584c-4c2d-9e1d-28cef58e60c6 event_type=home_view"
200.13.45.90 - synthetic.customer.0003 [22/Apr/2026:11:22:32 +0000] "GET /books HTTP/1.1" 200 11387 "https://bookstore.example.com/home" "Mozilla/5.0 (Windows NT 10.0; Win64; x64) AppleWebKit/537.36 (KHTML, like Gecko) Chrome/124.0 Safari/537.36" "session_id=46fdd2e6-fcb4-48cf-a493-e2190a239b5c event_type=book_list_view"
152.200.45.18 - synthetic.customer.0004 [22/Apr/2026:11:22:57 +0000] "GET /books/9781491950357 HTTP/1.1" 200 4329 "https://bookstore.example.com/books/9781491950357" "Mozilla/5.0 (Windows NT 10.0; Win64; x64) AppleWebKit/537.36 (KHTML, like Gecko) Chrome/124.0 Safari/537.36" "session_id=c5c34738-73de-4053-83dd-0bf09bc93188 event_type=book_view"
172.16.1.104 - synthetic.customer.0033 [22/Apr/2026:11:22:58 +0000] "GET /books/9780132350884 HTTP/1.1" 200 14123 "https://bookstore.example.com/books" "Mozilla/5.0 (Windows NT 10.0; Win64; x64) AppleWebKit/537.36 (KHTML, like Gecko) Chrome/124.0 Safari/537.36" "session_id=f708d303-c654-497f-a744-6f12a93bb058 event_type=book_view"
152.200.45.18 - synthetic.customer.0073 [22/Apr/2026:11:23:35 +0000] "GET /search?q=distributed+systems HTTP/1.1" 200 12581 "https://bookstore.example.com/home" "Mozilla/5.0 (Android 14; Mobile) AppleWebKit/537.36 (KHTML, like Gecko) Chrome/124.0 Mobile Safari/537.36" "session_id=92325b9e-584c-4c2d-9e1d-28cef58e60c6 event_type=search"
152.200.45.18 - synthetic.customer.0004 [22/Apr/2026:11:24:09 +0000] "GET /books/9780262046305 HTTP/1.1" 200 1567 "https://bookstore.example.com/books/9781491950357" "Mozilla/5.0 (Windows NT 10.0; Win64; x64) AppleWebKit/537.36 (KHTML, like Gecko) Chrome/124.0 Safari/537.36" "session_id=c5c34738-73de-4053-83dd-0bf09bc93188 event_type=book_view"
172.16.1.103 - synthetic.customer.0021 [22/Apr/2026:11:24:16 +0000] "GET /books/9780262046305 HTTP/1.1" 200 8706 "https://bookstore.example.com/books/9781617294433" "Mozilla/5.0 (Macintosh; Intel Mac OS X 10_15_7) AppleWebKit/537.36 (KHTML, like Gecko) Chrome/124.0 Safari/537.36" "session_id=41471047-cbd7-4d2b-9e38-45c83b9a0cdc event_type=book_view"
152.200.45.18 - synthetic.customer.0004 [22/Apr/2026:11:25:18 +0000] "GET /books/9781617294433 HTTP/1.1" 200 7985 "https://bookstore.example.com/books/9780262046305" "Mozilla/5.0 (Windows NT 10.0; Win64; x64) AppleWebKit/537.36 (KHTML, like Gecko) Chrome/124.0 Safari/537.36" "session_id=c5c34738-73de-4053-83dd-0bf09bc93188 event_type=book_view"
200.13.45.90 - synthetic.customer.0030 [22/Apr/2026:11:25:20 +0000] "GET /search?q=clean+code HTTP/1.1" 200 15240 "https://bookstore.example.com/home" "Mozilla/5.0 (Macintosh; Intel Mac OS X 10_15_7) AppleWebKit/537.36 (KHTML, like Gecko) Chrome/124.0 Safari/537.36" "session_id=e0dd6254-30e2-4fdc-8fe4-fac7a8f2f9ae event_type=search"
181.57.90.44 - synthetic.customer.0067 [22/Apr/2026:11:25:29 +0000] "GET /home HTTP/1.1" 200 3173 "https://bookstore.example.com/books" "Mozilla/5.0 (Macintosh; Intel Mac OS X 10_15_7) AppleWebKit/537.36 (KHTML, like Gecko) Chrome/124.0 Safari/537.36" "session_id=57c4afe5-2ee4-45b8-be59-74ca1d92c6e3 event_type=home_view"
181.57.90.44 - synthetic.customer.0067 [22/Apr/2026:11:25:39 +0000] "GET /search?q=data+engineering HTTP/1.1" 200 6717 "https://bookstore.example.com/home" "Mozilla/5.0 (Macintosh; Intel Mac OS X 10_15_7) AppleWebKit/537.36 (KHTML, like Gecko) Chrome/124.0 Safari/537.36" "session_id=57c4afe5-2ee4-45b8-be59-74ca1d92c6e3 event_type=search"
152.200.45.18 - synthetic.customer.0073 [22/Apr/2026:11:25:53 +0000] "GET /books HTTP/1.1" 200 10346 "https://bookstore.example.com/search?q=distributed+systems" "Mozilla/5.0 (Android 14; Mobile) AppleWebKit/537.36 (KHTML, like Gecko) Chrome/124.0 Mobile Safari/537.36" "session_id=92325b9e-584c-4c2d-9e1d-28cef58e60c6 event_type=book_list_view"
181.57.90.44 - synthetic.customer.0067 [22/Apr/2026:11:26:10 +0000] "GET /books HTTP/1.1" 200 13453 "https://bookstore.example.com/search?q=data+engineering" "Mozilla/5.0 (Macintosh; Intel Mac OS X 10_15_7) AppleWebKit/537.36 (KHTML, like Gecko) Chrome/124.0 Safari/537.36" "session_id=57c4afe5-2ee4-45b8-be59-74ca1d92c6e3 event_type=book_list_view"
172.16.1.103 - synthetic.customer.0021 [22/Apr/2026:11:26:24 +0000] "GET /books/9780262046305 HTTP/1.1" 200 8518 "https://bookstore.example.com/books/9780262046305" "Mozilla/5.0 (Macintosh; Intel Mac OS X 10_15_7) AppleWebKit/537.36 (KHTML, like Gecko) Chrome/124.0 Safari/537.36" "session_id=41471047-cbd7-4d2b-9e38-45c83b9a0cdc event_type=book_view"
200.13.45.90 - synthetic.customer.0003 [22/Apr/2026:11:26:27 +0000] "GET /books/9780262046305 HTTP/1.1" 200 10032 "https://bookstore.example.com/books" "Mozilla/5.0 (Windows NT 10.0; Win64; x64) AppleWebKit/537.36 (KHTML, like Gecko) Chrome/124.0 Safari/537.36" "session_id=46fdd2e6-fcb4-48cf-a493-e2190a239b5c event_type=book_view"
172.16.1.104 - synthetic.customer.0033 [22/Apr/2026:11:26:51 +0000] "GET /books/9781617294433 HTTP/1.1" 200 9879 "https://bookstore.example.com/books/9780132350884" "Mozilla/5.0 (Windows NT 10.0; Win64; x64) AppleWebKit/537.36 (KHTML, like Gecko) Chrome/124.0 Safari/537.36" "session_id=f708d303-c654-497f-a744-6f12a93bb058 event_type=book_view"
152.200.45.18 - synthetic.customer.0073 [22/Apr/2026:11:27:03 +0000] "GET /books/9781789801817 HTTP/1.1" 200 6224 "https://bookstore.example.com/books" "Mozilla/5.0 (Android 14; Mobile) AppleWebKit/537.36 (KHTML, like Gecko) Chrome/124.0 Mobile Safari/537.36" "session_id=92325b9e-584c-4c2d-9e1d-28cef58e60c6 event_type=book_view"
181.57.90.44 - synthetic.customer.0067 [22/Apr/2026:11:27:51 +0000] "GET /books/9781491950357 HTTP/1.1" 200 4075 "https://bookstore.example.com/books" "Mozilla/5.0 (Macintosh; Intel Mac OS X 10_15_7) AppleWebKit/537.36 (KHTML, like Gecko) Chrome/124.0 Safari/537.36" "session_id=57c4afe5-2ee4-45b8-be59-74ca1d92c6e3 event_type=book_view"
152.200.45.18 - synthetic.customer.0004 [22/Apr/2026:11:28:03 +0000] "POST /cart/add?book_id=9781491950357 HTTP/1.1" 200 2595 "https://bookstore.example.com/books/9781617294433" "Mozilla/5.0 (Windows NT 10.0; Win64; x64) AppleWebKit/537.36 (KHTML, like Gecko) Chrome/124.0 Safari/537.36" "session_id=c5c34738-73de-4053-83dd-0bf09bc93188 event_type=add_to_cart"
190.144.10.25 - synthetic.customer.0061 [22/Apr/2026:11:28:12 +0000] "GET /home HTTP/1.1" 200 12336 "https://bookstore.example.com/search?q=data+engineering" "Mozilla/5.0 (iPhone; CPU iPhone OS 17_4 like Mac OS X) AppleWebKit/605.1.15 (KHTML, like Gecko) Version/17.4 Mobile/15E148 Safari/604.1" "session_id=41654972-9904-43e4-8ac4-c80c96b2225f event_type=home_view"
200.13.45.90 - synthetic.customer.0030 [22/Apr/2026:11:28:46 +0000] "GET /books HTTP/1.1" 200 7645 "https://bookstore.example.com/search?q=clean+code" "Mozilla/5.0 (Macintosh; Intel Mac OS X 10_15_7) AppleWebKit/537.36 (KHTML, like Gecko) Chrome/124.0 Safari/537.36" "session_id=e0dd6254-30e2-4fdc-8fe4-fac7a8f2f9ae event_type=book_list_view"
172.16.1.104 - synthetic.customer.0033 [22/Apr/2026:11:28:51 +0000] "GET /books/9780132350884 HTTP/1.1" 200 1136 "https://bookstore.example.com/books/9781617294433" "Mozilla/5.0 (Windows NT 10.0; Win64; x64) AppleWebKit/537.36 (KHTML, like Gecko) Chrome/124.0 Safari/537.36" "session_id=f708d303-c654-497f-a744-6f12a93bb058 event_type=book_view"
200.13.45.90 - synthetic.customer.0030 [22/Apr/2026:11:29:57 +0000] "GET /books/9780131103627 HTTP/1.1" 200 8268 "https://bookstore.example.com/books" "Mozilla/5.0 (Macintosh; Intel Mac OS X 10_15_7) AppleWebKit/537.36 (KHTML, like Gecko) Chrome/124.0 Safari/537.36" "session_id=e0dd6254-30e2-4fdc-8fe4-fac7a8f2f9ae event_type=book_view"
152.200.45.18 - synthetic.customer.0073 [22/Apr/2026:11:30:13 +0000] "POST /cart/add?book_id=9781789801817 HTTP/1.1" 200 9820 "https://bookstore.example.com/books/9781789801817" "Mozilla/5.0 (Android 14; Mobile) AppleWebKit/537.36 (KHTML, like Gecko) Chrome/124.0 Mobile Safari/537.36" "session_id=92325b9e-584c-4c2d-9e1d-28cef58e60c6 event_type=add_to_cart"
