200.13.45.90 - synthetic.customer.0041 [22/Apr/2026:16:05:04 +0000] "GET /books HTTP/1.1" 200 5989 "https://bookstore.example.com/search?q=mlops" "Mozilla/5.0 (Windows NT 10.0; Win64; x64) AppleWebKit/537.36 (KHTML, like Gecko) Chrome/124.0 Safari/537.36" "session_id=35155017-5f48-49e7-9394-e179cc896b60 event_type=book_list_view"
172.16.1.103 - synthetic.customer.0019 [22/Apr/2026:16:05:23 +0000] "GET /books HTTP/1.1" 200 2814 "https://bookstore.example.com/home" "Mozilla/5.0 (iPhone; CPU iPhone OS 17_4 like Mac OS X) AppleWebKit/605.1.15 (KHTML, like Gecko) Version/17.4 Mobile/15E148 Safari/604.1" "session_id=a03b3cdd-510d-4c76-be89-52d875c109cc event_type=book_list_view"
172.16.1.103 - synthetic.customer.0019 [22/Apr/2026:16:05:31 +0000] "GET /books/9781789801817 HTTP/1.1" 200 15992 "https://bookstore.example.com/books" "Mozilla/5.0 (iPhone; CPU iPhone OS 17_4 like Mac OS X) AppleWebKit/605.1.15 (KHTML, like Gecko) Version/17.4 Mobile/15E148 Safari/604.1" "session_id=a03b3cdd-510d-4c76-be89-52d875c109cc event_type=book_view"
152.200.45.18 - anonymous [22/Apr/2026:16:05:45 +0000] "GET /books HTTP/1.1" 200 2842 "https://bookstore.example.com/search?q=mlops" "Mozilla/5.0 (X11; Linux x86_64) AppleWebKit/537.36 (KHTML, like Gecko) Chrome/124.0 Safari/537.36" "session_id=ef721a44-e0e7-4796-9748-296f8e358468 event_type=book_list_view"
190.144.10.25 - anonymous [22/Apr/2026:16:05:55 +0000] "GET /books/9781617294433 HTTP/1.1" 200 5321 "https://bookstore.example.com/books" "Mozilla/5.0 (Macintosh; Intel Mac OS X 10_15_7) AppleWebKit/537.36 (KHTML, like Gecko) Chrome/124.0 Safari/537.36" "session_id=7c54ec7b-caf7-4f44-8fb5-70c1aa87df68 event_type=book_view"
172.16.1.103 - synthetic.customer.0066 [22/Apr/2026:16:06:30 +0000] "GET /search?q=distributed+systems HTTP/1.1" 200 12694 "https://bookstore.example.com/home" "Mozilla/5.0 (Android 14; Mobile) AppleWebKit/537.36 (KHTML, like Gecko) Chrome/124.0 Mobile Safari/537.36" "session_id=afff300f-742f-4dcc-ae2c-1023559a0b80 event_type=search"
200.13.45.90 - synthetic.customer.0041 [22/Apr/2026:16:07:09 +0000] "GET /books/9780132350884 HTTP/1.1" 200 13322 "https://bookstore.example.com/books" "Mozilla/5.0 (Windows NT 10.0; Win64; x64) AppleWebKit/537.36 (KHTML, like Gecko) Chrome/124.0 Safari/537.36" "session_id=35155017-5f48-49e7-9394-e179cc896b60 event_type=book_view"
186.84.32.10 - synthetic.customer.0052 [22/Apr/2026:16:07:15 +0000] "GET /home HTTP/1.1" 200 15060 "https://bookstore.example.com/home" "Mozilla/5.0 (Windows NT 10.0; Win64; x64) AppleWebKit/537.36 (KHTML, like Gecko) Chrome/124.0 Safari/537.36" "session_id=09f4365e-c8f5-4273-a48e-a2d24bf98c90 event_type=home_view"
172.16.1.103 - synthetic.customer.0045 [22/Apr/2026:16:07:31 +0000] "GET /home HTTP/1.1" 200 5291 "https://www.google.com/" "Mozilla/5.0 (Macintosh; Intel Mac OS X 10_15_7) AppleWebKit/537.36 (KHTML, like Gecko) Chrome/124.0 Safari/537.36" "session_id=246c367d-0931-4ba6-a858-2a0388f32c1e event_type=home_view"
200.13.45.90 - synthetic.customer.0041 [22/Apr/2026:16:08:05 +0000] "GET /books/9781492078005 HTTP/1.1" 200 3397 "https://bookstore.example.com/books/9780132350884" "Mozilla/5.0 (Windows NT 10.0; Win64; x64) AppleWebKit/537.36 (KHTML, like Gecko) Chrome/124.0 Safari/537.36" "session_id=35155017-5f48-49e7-9394-e179cc896b60 event_type=book_view"
172.16.1.103 - synthetic.customer.0045 [22/Apr/2026:16:08:10 +0000] "GET /books HTTP/1.1" 200 7846 "https://bookstore.example.com/home" "Mozilla/5.0 (Macintosh; Intel Mac OS X 10_15_7) AppleWebKit/537.36 (KHTML, like Gecko) Chrome/124.0 Safari/537.36" "session_id=246c367d-0931-4ba6-a858-2a0388f32c1e event_type=book_list_view"
172.16.1.103 - synthetic.customer.0066 [22/Apr/2026:16:08:15 +0000] "GET /books HTTP/1.1" 200 9969 "https://bookstore.example.com/search?q=distributed+systems" "Mozilla/5.0 (Android 14; Mobile) AppleWebKit/537.36 (KHTML, like Gecko) Chrome/124.0 Mobile Safari/537.36" "session_id=afff300f-742f-4dcc-ae2c-1023559a0b80 event_type=book_list_view"
152.200.45.18 - anonymous [22/Apr/2026:16:08:26 +0000] "GET /books/9780262046305 HTTP/1.1" 200 5891 "https://bookstore.example.com/books" "Mozilla/5.0 (X11; Linux x86_64) AppleWebKit/537.36 (KHTML, like Gecko) Chrome/124.0 Safari/537.36" "session_id=ef721a44-e0e7-4796-9748-296f8e358468 event_type=book_view"
186.84.32.10 - synthetic.customer.0052 [22/Apr/2026:16:08:28 +0000] "GET /books HTTP/1.1" 200 8905 "https://bookstore.example.com/home" "Mozilla/5.0 (Windows NT 10.0; Win64; x64) AppleWebKit/537.36 (KHTML, like Gecko) Chrome/124.0 Safari/537.36" "session_id=09f4365e-c8f5-4273-a48e-a2d24bf98c90 event_type=book_list_view"
172.16.1.103 - synthetic.customer.0066 [22/Apr/2026:16:09:21 +0000] "GET /books/9780131103627 HTTP/1.1" 200 3813 "https://bookstore.example.com/books" "Mozilla/5.0 (Android 14; Mobile) AppleWebKit/537.36 (KHTML, like Gecko) Chrome/124.0 Mobile Safari/537.36" "session_id=afff300f-742f-4dcc-ae2c-1023559a0b80 event_type=book_view"
186.84.32.10 - synthetic.customer.0052 [22/Apr/2026:16:09:29 +0000] "GET /books/9781789801817 HTTP/1.1" 200 1516 "https://bookstore.example.com/books" "Mozilla/5.0 (Windows NT 10.0; Win64; x64) AppleWebKit/537.36 (KHTML, like Gecko) Chrome/124.0 Safari/537.36" "session_id=09f4365e-c8f5-4273-a48e-a2d24bf98c90 event_type=book_view"
190.144.10.25 - anonymous [22/Apr/2026:16:09:35 +0000] "GET /books/9781098104030 HTTP/1.1" 200 8075 "https://bookstore.example.com/books/9781617294433" "Mozilla/5.0 (Macintosh; Intel Mac OS X 10_15_7) AppleWebKit/537.36 (KHTML, like Gecko) Chrome/124.0 Safari/537.36" "session_id=7c54ec7b-caf7-4f44-8fb5-70c1aa87df68 event_type=book_view"
200.13.45.90 - synthetic.customer.0022 [22/Apr/2026:16:09:41 +0000] "GET /home HTTP/1.1" 200 9857 "https://www.google.com/" "Mozilla/5.0 (Android 14; Mobile) AppleWebKit/537.36 (KHTML, like Gecko) Chrome/124.0 Mobile Safari/537.36" "session_id=f6712706-bf15-4425-b6ec-0910c9eba3ec event_type=home_view"
181.57.90.44 - anonymous [22/Apr/2026:16:09:50 +0000] "GET /home HTTP/1.1" 404 7579 "https://www.google.com/" "Mozilla/5.0 (iPhone; CPU iPhone OS 17_4 like Mac OS X) AppleWebKit/605.1.15 (KHTML, like Gecko) Version/17.4 Mobile/15E148 Safari/604.1" "session_id=9096260c-b475-4c74-aef5-c3a5c83b3db4 event_type=home_view"
172.16.1.103 - synthetic.customer.0045 [22/Apr/2026:16:10:00 +0000] "GET /books/9780262046305 HTTP/1.1" 200 7609 "https://bookstore.example.com/books" "Mozilla/5.0 (Macintosh; Intel Mac OS X 10_15_7) AppleWebKit/537.36 (KHTML, like Gecko) Chrome/124.0 Safari/537.36" "session_id=246c367d-0931-4ba6-a858-2a0388f32c1e event_type=book_view"
186.84.32.10 - synthetic.customer.0052 [22/Apr/2026:16:10:06 +0000] "GET /books/9781789801817 HTTP/1.1" 200 10752 "https://bookstore.example.com/books/9781789801817" "Mozilla/5.0 (Windows NT 10.0; Win64; x64) AppleWebKit/537.36 (KHTML, like Gecko) Chrome/124.0 Safari/537.36" "session_id=09f4365e-c8f5-4273-a48e-a2d24bf98c90 event_type=book_view"
152.200.45.18 - anonymous [22/Apr/2026:16:10:30 +0000] "GET /books/9780262046305 HTTP/1.1" 200 14676 "https://bookstore.example.com/books/9780262046305" "Mozilla/5.0 (X11; Linux x86_64) AppleWebKit/537.36 (KHTML, like Gecko) Chrome/124.0 Safari/537.36" "session_id=ef721a44-e0e7-4796-9748-296f8e358468 event_type=book_view"
152.200.45.18 - synthetic.customer.0073 [22/Apr/2026:16:10:57 +0000] "GET /home HTTP/1.1" 200 8701 "-" "Mozilla/5.0 (Windows NT 10.0; Win64; x64) AppleWebKit/537.36 (KHTML, like Gecko) Chrome/124.0 Safari/537.36" "session_id=1f1607b5-1c4b-4fde-b86a-392dde8192d7 event_type=home_view"
172.16.1.103 - synthetic.customer.0066 [22/Apr/2026:16:11:19 +0000] "POST /cart/add?book_id=9780131103627 HTTP/1.1" 200 1165 "https://bookstore.example.com/books/9780131103627" "Mozilla/5.0 (Android 14; Mobile) AppleWebKit/537.36 (KHTML, like Gecko) Chrome/124.0 Mobile Safari/537.36" "session_id=afff300f-742f-4dcc-ae2c-1023559a0b80 event_type=add_to_cart"
152.200.45.18 - synthetic.customer.0073 [22/Apr/2026:16:11:36 +0000] "GET /books HTTP/1.1" 301 991 "https://bookstore.example.com/home" "Mozilla/5.0 (Windows NT 10.0; Win64; x64) AppleWebKit/537.36 (KHTML, like Gecko) Chrome/124.0 Safari/537.36" "session_id=1f1607b5-1c4b-4fde-b86a-392dde8192d7 event_type=book_list_view"
181.57.90.44 - anonymous [22/Apr/2026:16:11:57 +0000] "GET /books HTTP/1.1" 200 14372 "https://bookstore.example.com/home" "Mozilla/5.0 (iPhone; CPU iPhone OS 17_4 like Mac OS X) AppleWebKit/605.1.15 (KHTML, like Gecko) Version/17.4 Mobile/15E148 Safari/604.1" "session_id=9096260c-b475-4c74-aef5-c3a5c83b3db4 event_type=book_list_view"
200.13.45.90 - synthetic.customer.0022 [22/Apr/2026:16:12:29 +0000] "GET /books HTTP/1.1" 200 12954 "https://bookstore.example.com/home" "Mozilla/5.0 (Android 14; Mobile) AppleWebKit/537.36 (KHTML, like Gecko) Chrome/124.0 Mobile Safari/537.36" "session_id=f6712706-bf15-4425-b6ec-0910c9eba3ec event_type=book_list_view"
172.16.1.101 - synthetic.customer.0051 [22/Apr/2026:16:12:39 +0000] "GET /home HTTP/1.1" 200 1547 "https://bookstore.example.com/home" "Mozilla/5.0 (Android 14; Mobile) AppleWebKit/537.36 (KHTML, like Gecko) Chrome/124.0 Mobile Safari/537.36" "session_id=f69da6ea-4191-4ac6-b123-bc149fa320a4 event_type=home_view"
152.200.45.18 - anonymous [22/Apr/2026:16:12:54 +0000] "GET /books/9781789801817 HTTP/1.1" 200 5170 "https://bookstore.example.com/books/9780262046305" "Mozilla/5.0 (X11; Linux x86_64) AppleWebKit/537.36 (KHTML, like Gecko) Chrome/124.0 Safari/537.36" "session_id=ef721a44-e0e7-4796-9748-296f8e358468 event_type=book_view"
152.200.45.18 - synthetic.customer.0073 [22/Apr/2026:16:13:20 +0000] "GET /books/9781492078005 HTTP/1.1" 200 924 "https://bookstore.example.com/books" "Mozilla/5.0 (Windows NT 10.0; Win64; x64) AppleWebKit/537.36 (KHTML, like Gecko) Chrome/124.0 Safari/537.36" "session_id=1f1607b5-1c4b-4fde-b86a-392dde8192d7 event_type=book_view"
200.13.45.90 - synthetic.customer.0022 [22/Apr/2026:16:13:35 +0000] "GET /books/9781492078005 HTTP/1.1" 200 14023 "https://bookstore.example.com/books" "Mozilla/5.0 (Android 14; Mobile) AppleWebKit/537.36 (KHTML, like Gecko) Chrome/124.0 Mobile Safari/537.36" "session_id=f6712706-bf15-4425-b6ec-0910c9eba3ec event_type=book_view"
152.200.45.18 - anonymous [22/Apr/2026:16:14:05 +0000] "GET /books/9781492078005 HTTP/1.1" 200 11092 "https://bookstore.example.com/books/9781789801817" "Mozilla/5.0 (X11; Linux x86_64) AppleWebKit/537.36 (KHTML, like Gecko) Chrome/124.0 Safari/537.36" "session_id=ef721a44-e0e7-4796-9748-296f8e358468 event_type=book_view"
172.16.1.103 - synthetic.customer.0045 [22/Apr/2026:16:14:06 +0000] "GET /books/9780262046305 HTTP/1.1" 200 7824 "https://bookstore.example.com/books/9780262046305" "Mozilla/5.0 (Macintosh; Intel Mac OS X 10_15_7) AppleWebKit/537.36 (KHTML, like Gecko) Chrome/124.0 Safari/537.36" "session_id=246c367d-0931-4ba6-a858-2a0388f32c1e event_type=book_view"
172.16.1.103 - synthetic.customer.0066 [22/Apr/2026:16:14:15 +0000] "GET /cart HTTP/1.1" 200 2280 "https://bookstore.example.com/cart/add?book_id=9780131103627" "Mozilla/5.0 (Android 14; Mobile) AppleWebKit/537.36 (KHTML, like Gecko) Chrome/124.0 Mobile Safari/537.36" "session_id=afff300f-742f-4dcc-ae2c-1023559a0b80 event_type=cart_view"
190.144.10.25 - anonymous [22/Apr/2026:16:14:33 +0000] "GET /home HTTP/1.1" 200 14259 "https://www.linkedin.com/" "Mozilla/5.0 (Macintosh; Intel Mac OS X 10_15_7) AppleWebKit/537.36 (KHTML, like Gecko) Chrome/124.0 Safari/537.36" "session_id=672bb16f-e5e4-41af-b9e6-06b3a3482997 event_type=home_view"
172.16.1.103 - synthetic.customer.0066 [22/Apr/2026:16:14:54 +0000] "POST /checkout HTTP/1.1" 200 15023 "https://bookstore.example.com/cart" "Mozilla/5.0 (Android 14; Mobile) AppleWebKit/537.36 (KHTML, like Gecko) Chrome/124.0 Mobile Safari/537.36" "session_id=afff300f-742f-4dcc-ae2c-1023559a0b80 event_type=checkout"
181.57.90.44 - anonymous [22/Apr/2026:16:14:56 +0000] "GET /books/9781098104030 HTTP/1.1" 200 198 "https://bookstore.example.com/books" "Mozilla/5.0 (iPhone; CPU iPhone OS 17_4 like Mac OS X) AppleWebKit/605.1.15 (KHTML, like Gecko) Version/17.4 Mobile/15E148 Safari/604.1" "session_id=9096260c-b475-4c74-aef5-c3a5c83b3db4 event_type=book_view"
172.16.1.101 - synthetic.customer.0051 [22/Apr/2026:16:15:31 +0000] "GET /search?q=data+engineering HTTP/1.1" 200 6691 "https://bookstore.example.com/home" "Mozilla/5.0 (Android 14; Mobile) AppleWebKit/537.36 (KHTML, like Gecko) Chrome/124.0 Mobile Safari/537.36" "session_id=f69da6ea-4191-4ac6-b123-bc149fa320a4 event_type=search"
200.13.45.90 - synthetic.customer.0076 [22/Apr/2026:16:16:07 +0000] "GET /home HTTP/1.1" 200 9394 "https://bookstore.example.com/search?q=data+engineering" "Mozilla/5.0 (Android 14; Mobile) AppleWebKit/537.36 (KHTML, like Gecko) Chrome/124.0 Mobile Safari/537.36" "session_id=56ac025d-bc08-4e54-99f3-0ba31676eeb1 event_type=home_view"
172.16.1.103 - synthetic.customer.0068 [22/Apr/2026:16:16:13 +0000] "GET /home HTTP/1.1" 200 9722 "https://www.google.com/" "Mozilla/5.0 (Android 14; Mobile) AppleWebKit/537.36 (KHTML, like Gecko) Chrome/124.0 Mobile Safari/537.36" "session_id=0da10416-5944-4d6f-8e24-5d78a271fbd5 event_type=home_view"
152.200.45.18 - synthetic.customer.0073 [22/Apr/2026:16:16:20 +0000] "GET /books/9781492078005 HTTP/1.1" 200 14540 "https://bookstore.example.com/books/9781492078005" "Mozilla/5.0 (Windows NT 10.0; Win64; x64) AppleWebKit/537.36 (KHTML, like Gecko) Chrome/124.0 Safari/537.36" "session_id=1f1607b5-1c4b-4fde-b86a-392dde8192d7 event_type=book_view"
200.13.45.90 - synthetic.customer.0076 [22/Apr/2026:16:16:30 +0000] "GET /search?q=data+engineering HTTP/1.1" 301 13982 "https://bookstore.example.com/home" "Mozilla/5.0 (Android 14; Mobile) AppleWebKit/537.36 (KHTML, like Gecko) Chrome/124.0 Mobile Safari/537.36" "session_id=56ac025d-bc08-4e54-99f3-0ba31676eeb1 event_type=search"
190.144.10.25 - anonymous [22/Apr/2026:16:16:58 +0000] "GET /books HTTP/1.1" 200 13938 "https://bookstore.example.com/home" "Mozilla/5.0 (Macintosh; Intel Mac OS X 10_15_7) AppleWebKit/537.36 (KHTML, like Gecko) Chrome/124.0 Safari/537.36" "session_id=672bb16f-e5e4-41af-b9e6-06b3a3482997 event_type=book_list_view"
172.16.1.103 - synthetic.customer.0066 [22/Apr/2026:16:17:08 +0000] "POST /api/orders HTTP/1.1" 201 11450 "https://bookstore.example.com/checkout" "Mozilla/5.0 (Android 14; Mobile) AppleWebKit/537.36 (KHTML, like Gecko) Chrome/124.0 Mobile Safari/537.36" "session_id=afff300f-742f-4dcc-ae2c-1023559a0b80 event_type=order_created"
172.16.1.103 - synthetic.customer.0068 [22/Apr/2026:16:17:10 +0000] "GET /search?q=clean+code HTTP/1.1" 200 10906 "https://bookstore.example.com/home" "Mozilla/5.0 (Android 14; Mobile) AppleWebKit/537.36 (KHTML, like Gecko) Chrome/124.0 Mobile Safari/537.36" "session_id=0da10416-5944-4d6f-8e24-5d78a271fbd5 event_type=search"
181.57.90.44 - anonymous [22/Apr/2026:16:17:56 +0000] "GET /books/9781098104030 HTTP/1.1" 200 5156 "https://bookstore.example.com/books/9781098104030" "Mozilla/5.0 (iPhone; CPU iPhone OS 17_4 like Mac OS X) AppleWebKit/605.1.15 (KHTML, like Gecko) Version/17.4 Mobile/15E148 Safari/604.1" "session_id=9096260c-b475-4c74-aef5-c3a5c83b3db4 event_type=book_view"
172.16.1.101 - synthetic.customer.0051 [22/Apr/2026:16:19:17 +0000] "GET /books HTTP/1.1" 200 14135 "https://bookstore.example.com/search?q=data+engineering" "Mozilla/5.0 (Android 14; Mobile) AppleWebKit/537.36 (KHTML, like Gecko) Chrome/124.0 Mobile Safari/537.36" "session_id=f69da6ea-4191-4ac6-b123-bc149fa320a4 event_type=book_list_view"
200.13.45.90 - synthetic.customer.0076 [22/Apr/2026:16:19:46 +0000] "GET /books HTTP/1.1" 200 3212 "https://bookstore.example.com/search?q=data+engineering" "Mozilla/5.0 (Android 14; Mobile) AppleWebKit/537.36 (KHTML, like Gecko) Chrome/124.0 Mobile Safari/537.36" "session_id=56ac025d-bc08-4e54-99f3-0ba31676eeb1 event_type=book_list_view"
190.144.10.25 - anonymous [22/Apr/2026:16:20:03 +0000] "GET /books/9781491950357 HTTP/1.1" 200 9791 "https://bookstore.example.com/books" "Mozilla/5.0 (Macintosh; Intel Mac OS X 10_15_7) AppleWebKit/537.36 (KHTML, like Gecko) Chrome/124.0 Safari/537.36" "session_id=672bb16f-e5e4-41af-b9e6-06b3a3482997 event_type=book_view"
200.13.45.90 - synthetic.customer.0076 [22/Apr/2026:16:20:04 +0000] "GET /books/9781617294433 HTTP/1.1" 200 1593 "https://bookstore.example.com/books" "Mozilla/5.0 (Android 14; Mobile) AppleWebKit/537.36 (KHTML, like Gecko) Chrome/124.0 Mobile Safari/537.36" "session_id=56ac025d-bc08-4e54-99f3-0ba31676eeb1 event_type=book_view"
172.16.1.103 - synthetic.customer.0068 [22/Apr/2026:16:20:07 +0000] "GET /books HTTP/1.1" 200 12995 "https://bookstore.example.com/search?q=clean+code" "Mozilla/5.0 (Android 14; Mobile) AppleWebKit/537.36 (KHTML, like Gecko) Chrome/124.0 Mobile Safari/537.36" "session_id=0da10416-5944-4d6f-8e24-5d78a271fbd5 event_type=book_list_view"
200.13.45.90 - synthetic.customer.0076 [22/Apr/2026:16:20:52 +0000] "GET /books/9781098104030 HTTP/1.1" 200 13669 "https://bookstore.example.com/books/9781617294433" "Mozilla/5.0 (Android 14; Mobile) AppleWebKit/537.36 (KHTML, like Gecko) Chrome/124.0 Mobile Safari/537.36" "session_id=56ac025d-bc08-4e54-99f3-0ba31676eeb1 event_type=book_view"
172.16.1.103 - synthetic.customer.0068 [22/Apr/2026:16:21:06 +0000] "GET /books/9781492078005 HTTP/1.1" 200 4741 "https://bookstore.example.com/books" "Mozilla/5.0 (Android 14; Mobile) AppleWebKit/537.36 (KHTML, like Gecko) Chrome/124.0 Mobile Safari/537.36" "session_id=0da10416-5944-4d6f-8e24-5d78a271fbd5 event_type=book_view"
181.57.90.44 - anonymous [22/Apr/2026:16:21:21 +0000] "GET /home HTTP/1.1" 200 10297 "https://bookstore.example.com/books" "Mozilla/5.0 (iPhone; CPU iPhone OS 17_4 like Mac OS X) AppleWebKit/605.1.15 (KHTML, like Gecko) Version/17.4 Mobile/15E148 Safari/604.1" "session_id=cd350c2d-ae8d-44e6-acf1-986f2d041e04 event_type=home_view"
200.13.45.90 - synthetic.customer.0076 [22/Apr/2026:16:22:41 +0000] "GET /books/9781491950357 HTTP/1.1" 404 - "https://bookstore.example.com/books/9781098104030" "Mozilla/5.0 (Android 14; Mobile) AppleWebKit/537.36 (KHTML, like Gecko) Chrome/124.0 Mobile Safari/537.36" "session_id=56ac025d-bc08-4e54-99f3-0ba31676eeb1 event_type=book_view"
172.16.1.101 - synthetic.customer.0051 [22/Apr/2026:16:23:12 +0000] "GET /books/9781789801817 HTTP/1.1" 200 10730 "https://bookstore.example.com/books" "Mozilla/5.0 (Android 14; Mobile) AppleWebKit/537.36 (KHTML, like Gecko) Chrome/124.0 Mobile Safari/537.36" "session_id=f69da6ea-4191-4ac6-b123-bc149fa320a4 event_type=book_view"
172.16.1.103 - synthetic.customer.0068 [22/Apr/2026:16:23:47 +0000] "POST /cart/add?book_id=9781492078005 HTTP/1.1" 200 1273 "https://bookstore.example.com/books/9781492078005" "Mozilla/5.0 (Android 14; Mobile) AppleWebKit/537.36 (KHTML, like Gecko) Chrome/124.0 Mobile Safari/537.36" "session_id=0da10416-5944-4d6f-8e24-5d78a271fbd5 event_type=add_to_cart"
186.84.32.10 - synthetic.customer.0016 [22/Apr/2026:16:25:00 +0000] "GET /home HTTP/1.1" 200 2837 "https://www.linkedin.com/" "Mozilla/5.0 (iPhone; CPU iPhone OS 17_4 like Mac OS X) AppleWebKit/605.1.15 (KHTML, like Gecko) Version/17.4 Mobile/15E148 Safari/604.1" "session_id=1848081c-6a1b-44de-85cb-8f47b702a367 event_type=home_view"
200.13.45.90 - synthetic.customer.0076 [22/Apr/2026:16:25:08 +0000] "GET /books/9781098104030 HTTP/1.1" 200 4031 "https://bookstore.example.com/books/9781491950357" "Mozilla/5.0 (Android 14; Mobile) AppleWebKit/537.36 (KHTML, like Gecko) Chrome/124.0 Mobile Safari/537.36" "session_id=56ac025d-bc08-4e54-99f3-0ba31676eeb1 event_type=book_view"
186.84.32.10 - synthetic.customer.0016 [22/Apr/2026:16:25:26 +0000] "GET /search?q=data+engineering HTTP/1.1" 200 1708 "https://bookstore.example.com/home" "Mozilla/5.0 (iPhone; CPU iPhone OS 17_4 like Mac OS X) AppleWebKit/605.1.15 (KHTML, like Gecko) Version/17.4 Mobile/15E148 Safari/604.1" "session_id=1848081c-6a1b-44de-85cb-8f47b702a367 event_type=search"
181.57.90.44 - anonymous [22/Apr/2026:16:25:32 +0000] "GET /books HTTP/1.1" 200 10588 "https://bookstore.example.com/home" "Mozilla/5.0 (iPhone; CPU iPhone OS 17_4 like Mac OS X) AppleWebKit/605.1.15 (KHTML, like Gecko) Version/17.4 Mobile/15E148 Safari/604.1" "session_id=cd350c2d-ae8d-44e6-acf1-986f2d041e04 event_type=book_list_view"
200.13.45.90 - synthetic.customer.0076 [22/Apr/2026:16:25:46 +0000] "POST /cart/add?book_id=9781617294433 HTTP/1.1" 200 3320 "https://bookstore.example.com/books/9781098104030" "Mozilla/5.0 (Android 14; Mobile) AppleWebKit/537.36 (KHTML, like Gecko) Chrome/124.0 Mobile Safari/537.36" "session_id=56ac025d-bc08-4e54-99f3-0ba31676eeb1 event_type=add_to_cart"
200.13.45.90 - synthetic.customer.0076 [22/Apr/2026:16:26:01 +0000] "GET /cart HTTP/1.1" 404 2062 "https://bookstore.example.com/cart/add?book_id=9781617294433" "Mozilla/5.0 (Android 14; Mobile) AppleWebKit/537.36 (KHTML, like Gecko) Chrome/124.0 Mobile Safari/537.36" "session_id=56ac025d-bc08-4e54-99f3-0ba31676eeb1 event_type=cart_view"
181.57.90.44 - anonymous [22/Apr/2026:16:26:04 +0000] "GET /books/9781098104030 HTTP/1.1" 200 10964 "https://bookstore.example.com/books" "Mozilla/5.0 (iPhone; CPU iPhone OS 17_4 like Mac OS X) AppleWebKit/605.1.15 (KHTML, like Gecko) Version/17.4 Mobile/15E148 Safari/604.1" "session_id=cd350c2d-ae8d-44e6-acf1-986f2d041e04 event_type=book_view"
152.200.45.18 - synthetic.customer.0066 [22/Apr/2026:16:27:20 +0000] "GET /home HTTP/1.1" 200 4935 "https://bookstore.example.com/home" "Mozilla/5.0 (Android 14; Mobile) AppleWebKit/537.36 (KHTML, like Gecko) Chrome/124.0 Mobile Safari/537.36" "session_id=3e69f437-07fe-40b9-8653-29a6251ce869 event_type=home_view"
172.16.1.103 - synthetic.customer.0068 [22/Apr/2026:16:27:43 +0000] "GET /cart HTTP/1.1" 200 10315 "https://bookstore.example.com/cart/add?book_id=9781492078005" "Mozilla/5.0 (Android 14; Mobile) AppleWebKit/537.36 (KHTML, like Gecko) Chrome/124.0 Mobile Safari/537.36" "session_id=0da10416-5944-4d6f-8e24-5d78a271fbd5 event_type=cart_view"
152.200.45.18 - synthetic.customer.0066 [22/Apr/2026:16:27:52 +0000] "GET /search?q=mlops HTTP/1.1" 200 10737 "https://bookstore.example.com/home" "Mozilla/5.0 (Android 14; Mobile) AppleWebKit/537.36 (KHTML, like Gecko) Chrome/124.0 Mobile Safari/537.36" "session_id=3e69f437-07fe-40b9-8653-29a6251ce869 event_type=search"
186.84.32.10 - synthetic.customer.0016 [22/Apr/2026:16:28:13 +0000] "GET /books HTTP/1.1" 200 6871 "https://bookstore.example.com/search?q=data+engineering" "Mozilla/5.0 (iPhone; CPU iPhone OS 17_4 like Mac OS X) AppleWebKit/605.1.15 (KHTML, like Gecko) Version/17.4 Mobile/15E148 Safari/604.1" "session_id=1848081c-6a1b-44de-85cb-8f47b702a367 event_type=book_list_view"
186.84.32.10 - synthetic.customer.0016 [22/Apr/2026:16:28:59 +0000] "GET /books/9781492078005 HTTP/1.1" 200 11945 "https://bookstore.example.com/books" "Mozilla/5.0 (iPhone; CPU iPhone OS 17_4 like Mac OS X) AppleWebKit/605.1.15 (KHTML, like Gecko) Version/17.4 Mobile/15E148 Safari/604.1" "session_id=1848081c-6a1b-44de-85cb-8f47b702a367 event_type=book_view"
186.84.32.10 - synthetic.customer.0016 [22/Apr/2026:16:29:18 +0000] "GET /books/9781789801817 HTTP/1.1" 200 3438 "https://bookstore.example.com/books/9781492078005" "Mozilla/5.0 (iPhone; CPU iPhone OS 17_4 like Mac OS X) AppleWebKit/605.1.15 (KHTML, like Gecko) Version/17.4 Mobile/15E148 Safari/604.1" "session_id=1848081c-6a1b-44de-85cb-8f47b702a367 event_type=book_view"
172.16.1.103 - synthetic.customer.0068 [22/Apr/2026:16:29:42 +0000] "POST /checkout HTTP/1.1" 201 6828 "https://bookstore.example.com/cart" "Mozilla/5.0 (Android 14; Mobile) AppleWebKit/537.36 (KHTML, like Gecko) Chrome/124.0 Mobile Safari/537.36" "session_id=0da10416-5944-4d6f-8e24-5d78a271fbd5 event_type=checkout"
152.200.45.18 - synthetic.customer.0013 [22/Apr/2026:16:30:27 +0000] "GET /home HTTP/1.1" 200 4175 "https://bookstore.example.com/search?q=data+engineering" "Mozilla/5.0 (Windows NT 10.0; Win64; x64) AppleWebKit/537.36 (KHTML, like Gecko) Chrome/124.0 Safari/537.36" "session_id=4514e695-6803-4c26-807e-778da24fc19c event_type=home_view"
152.200.45.18 - synthetic.customer.0066 [22/Apr/2026:16:31:10 +0000] "GET /books HTTP/1.1" 200 7140 "https://bookstore.example.com/search?q=mlops" "Mozilla/5.0 (Android 14; Mobile) AppleWebKit/537.36 (KHTML, like Gecko) Chrome/124.0 Mobile Safari/537.36" "session_id=3e69f437-07fe-40b9-8653-29a6251ce869 event_type=book_list_view"
152.200.45.18 - synthetic.customer.0066 [22/Apr/2026:16:31:20 +0000] "GET /books/9780132350884 HTTP/1.1" 200 8402 "https://bookstore.example.com/books" "Mozilla/5.0 (Android 14; Mobile) AppleWebKit/537.36 (KHTML, like Gecko) Chrome/124.0 Mobile Safari/537.36" "session_id=3e69f437-07fe-40b9-8653-29a6251ce869 event_type=book_view"
172.16.1.103 - synthetic.customer.0068 [22/Apr/2026:16:32:42 +0000] "POST /api/orders HTTP/1.1" 200 6188 "https://bookstore.example.com/checkout" "Mozilla/5.0 (Android 14; Mobile) AppleWebKit/537.36 (KHTML, like Gecko) Chrome/124.0 Mobile Safari/537.36" "session_id=0da10416-5944-4d6f-8e24-5d78a271fbd5 event_type=order_created"
186.84.32.10 - synthetic.customer.0016 [22/Apr/2026:16:32:50 +0000] "GET /books/9781492078005 HTTP/1.1" 200 15657 "https://bookstore.example.com/books/9781789801817" "Mozilla/5.0 (iPhone; CPU iPhone OS 17_4 like Mac OS X) AppleWebKit/605.1.15 (KHTML, like Gecko) Version/17.4 Mobile/15E148 Safari/604.1" "session_id=1848081c-6a1b-44de-85cb-8f47b702a367 event_type=book_view"
172.16.1.104 - synthetic.customer.0035 [22/Apr/2026:16:34:17 +0000] "GET /home HTTP/1.1" 200 13694 "https://www.google.com/" "Mozilla/5.0 (Macintosh; Intel Mac OS X 10_15_7) AppleWebKit/537.36 (KHTML, like Gecko) Chrome/124.0 Safari/537.36" "session_id=736627a8-e7c5-4fa1-a7fc-f9d9bb5ac05d event_type=home_view"
152.200.45.18 - synthetic.customer.0013 [22/Apr/2026:16:34:24 +0000] "GET /search?q=distributed+systems HTTP/1.1" 200 2749 "https://bookstore.example.com/home" "Mozilla/5.0 (Windows NT 10.0; Win64; x64) AppleWebKit/537.36 (KHTML, like Gecko) Chrome/124.0 Safari/537.36" "session_id=4514e695-6803-4c26-807e-778da24fc19c event_type=search"
172.16.1.104 - synthetic.customer.0035 [22/Apr/2026:16:35:11 +0000] "GET /books HTTP/1.1" 200 5471 "https://bookstore.example.com/home" "Mozilla/5.0 (Macintosh; Intel Mac OS X 10_15_7) AppleWebKit/537.36 (KHTML, like Gecko) Chrome/124.0 Safari/537.36" "session_id=736627a8-e7c5-4fa1-a7fc-f9d9bb5ac05d event_type=book_list_view"
186.84.32.10 - synthetic.customer.0016 [22/Apr/2026:16:36:31 +0000] "GET /books/9781492078005 HTTP/1.1" 200 3764 "https://bookstore.example.com/books/9781492078005" "Mozilla/5.0 (iPhone; CPU iPhone OS 17_4 like Mac OS X) AppleWebKit/605.1.15 (KHTML, like Gecko) Version/17.4 Mobile/15E148 Safari/604.1" "session_id=1848081c-6a1b-44de-85cb-8f47b702a367 event_type=book_view"
186.84.32.10 - synthetic.customer.0016 [22/Apr/2026:16:36:56 +0000] "POST /cart/add?book_id=9781617294433 HTTP/1.1" 200 14492 "https://bookstore.example.com/books/9781492078005" "Mozilla/5.0 (iPhone; CPU iPhone OS 17_4 like Mac OS X) AppleWebKit/605.1.15 (KHTML, like Gecko) Version/17.4 Mobile/15E148 Safari/604.1" "session_id=1848081c-6a1b-44de-85cb-8f47b702a367 event_type=add_to_cart"
172.16.1.104 - synthetic.customer.0035 [22/Apr/2026:16:37:26 +0000] "GET /books/9781789801817 HTTP/1.1" 200 5665 "https://bookstore.example.com/books" "Mozilla/5.0 (Macintosh; Intel Mac OS X 10_15_7) AppleWebKit/537.36 (KHTML, like Gecko) Chrome/124.0 Safari/537.36" "session_id=736627a8-e7c5-4fa1-a7fc-f9d9bb5ac05d event_type=book_view"
152.200.45.18 - synthetic.customer.0013 [22/Apr/2026:16:37:52 +0000] "GET /books HTTP/1.1" 200 933 "https://bookstore.example.com/search?q=distributed+systems" "Mozilla/5.0 (Windows NT 10.0; Win64; x64) AppleWebKit/537.36 (KHTML, like Gecko) Chrome/124.0 Safari/537.36" "session_id=4514e695-6803-4c26-807e-778da24fc19c event_type=book_list_view"
172.16.1.103 - synthetic.customer.0036 [22/Apr/2026:16:39:31 +0000] "GET /home HTTP/1.1" 301 14685 "https://www.linkedin.com/" "Mozilla/5.0 (X11; Linux x86_64) AppleWebKit/537.36 (KHTML, like Gecko) Chrome/124.0 Safari/537.36" "session_id=33f10ced-0a8e-415a-9c13-b5c24cb2a83d event_type=home_view"
152.200.45.18 - synthetic.customer.0013 [22/Apr/2026:16:39:43 +0000] "GET /books/9781098104030 HTTP/1.1" 200 14878 "https://bookstore.example.com/books" "Mozilla/5.0 (Windows NT 10.0; Win64; x64) AppleWebKit/537.36 (KHTML, like Gecko) Chrome/124.0 Safari/537.36" "session_id=4514e695-6803-4c26-807e-778da24fc19c event_type=book_view"
172.16.1.103 - synthetic.customer.0036 [22/Apr/2026:16:40:02 +0000] "GET /books HTTP/1.1" 200 11980 "https://bookstore.example.com/home" "Mozilla/5.0 (X11; Linux x86_64) AppleWebKit/537.36 (KHTML, like Gecko) Chrome/124.0 Safari/537.36" "session_id=33f10ced-0a8e-415a-9c13-b5c24cb2a83d event_type=book_list_view"
186.84.32.10 - synthetic.customer.0016 [22/Apr/2026:16:40:43 +0000] "GET /cart HTTP/1.1" 200 7935 "https://bookstore.example.com/cart/add?book_id=9781617294433" "Mozilla/5.0 (iPhone; CPU iPhone OS 17_4 like Mac OS X) AppleWebKit/605.1.15 (KHTML, like Gecko) Version/17.4 Mobile/15E148 Safari/604.1" "session_id=1848081c-6a1b-44de-85cb-8f47b702a367 event_type=cart_view"
152.200.45.18 - synthetic.customer.0013 [22/Apr/2026:16:40:47 +0000] "GET /books/9780262046305 HTTP/1.1" 200 2381 "https://bookstore.example.com/books/9781098104030" "Mozilla/5.0 (Windows NT 10.0; Win64; x64) AppleWebKit/537.36 (KHTML, like Gecko) Chrome/124.0 Safari/537.36" "session_id=4514e695-6803-4c26-807e-778da24fc19c event_type=book_view"
152.200.45.18 - synthetic.customer.0013 [22/Apr/2026:16:41:08 +0000] "GET /books/9780262046305 HTTP/1.1" 200 8461 "https://bookstore.example.com/books/9780262046305" "Mozilla/5.0 (Windows NT 10.0; Win64; x64) AppleWebKit/537.36 (KHTML, like Gecko) Chrome/124.0 Safari/537.36" "session_id=4514e695-6803-4c26-807e-778da24fc19c event_type=book_view"
172.16.1.104 - synthetic.customer.0035 [22/Apr/2026:16:41:19 +0000] "GET /books/9781789801817 HTTP/1.1" 200 3568 "https://bookstore.example.com/books/9781789801817" "Mozilla/5.0 (Macintosh; Intel Mac OS X 10_15_7) AppleWebKit/537.36 (KHTML, like Gecko) Chrome/124.0 Safari/537.36" "session_id=736627a8-e7c5-4fa1-a7fc-f9d9bb5ac05d event_type=book_view"
172.16.1.102 - synthetic.customer.0058 [22/Apr/2026:16:41:26 +0000] "GET /home HTTP/1.1" 200 14834 "https://bookstore.example.com/home" "Mozilla/5.0 (Windows NT 10.0; Win64; x64) AppleWebKit/537.36 (KHTML, like Gecko) Chrome/124.0 Safari/537.36" "session_id=87aa768a-d575-44b2-8452-74a22bba07b6 event_type=home_view"
152.200.45.18 - synthetic.customer.0013 [22/Apr/2026:16:41:47 +0000] "POST /cart/add?book_id=9780262046305 HTTP/1.1" 200 8248 "https://bookstore.example.com/books/9780262046305" "Mozilla/5.0 (Windows NT 10.0; Win64; x64) AppleWebKit/537.36 (KHTML, like Gecko) Chrome/124.0 Safari/537.36" "session_id=4514e695-6803-4c26-807e-778da24fc19c event_type=add_to_cart"
152.200.45.18 - synthetic.customer.0078 [22/Apr/2026:16:42:26 +0000] "GET /home HTTP/1.1" 200 7108 "https://bookstore.example.com/books" "Mozilla/5.0 (iPhone; CPU iPhone OS 17_4 like Mac OS X) AppleWebKit/605.1.15 (KHTML, like Gecko) Version/17.4 Mobile/15E148 Safari/604.1" "session_id=4b1ec88e-dd5b-4f8a-8c6b-ee3ce2d1ddf5 event_type=home_view"
152.200.45.18 - synthetic.customer.0013 [22/Apr/2026:16:42:38 +0000] "GET /cart HTTP/1.1" 200 938 "https://bookstore.example.com/cart/add?book_id=9780262046305" "Mozilla/5.0 (Windows NT 10.0; Win64; x64) AppleWebKit/537.36 (KHTML, like Gecko) Chrome/124.0 Safari/537.36" "session_id=4514e695-6803-4c26-807e-778da24fc19c event_type=cart_view"
152.200.45.18 - synthetic.customer.0078 [22/Apr/2026:16:43:03 +0000] "GET /books HTTP/1.1" 200 7402 "https://bookstore.example.com/home" "Mozilla/5.0 (iPhone; CPU iPhone OS 17_4 like Mac OS X) AppleWebKit/605.1.15 (KHTML, like Gecko) Version/17.4 Mobile/15E148 Safari/604.1" "session_id=4b1ec88e-dd5b-4f8a-8c6b-ee3ce2d1ddf5 event_type=book_list_view"
172.16.1.103 - synthetic.customer.0036 [22/Apr/2026:16:43:23 +0000] "GET /books/9781492078005 HTTP/1.1" 404 1625 "https://bookstore.example.com/books" "Mozilla/5.0 (X11; Linux x86_64) AppleWebKit/537.36 (KHTML, like Gecko) Chrome/124.0 Safari/537.36" "session_id=33f10ced-0a8e-415a-9c13-b5c24cb2a83d event_type=book_view"
186.84.32.10 - synthetic.customer.0031 [22/Apr/2026:16:43:48 +0000] "GET /home HTTP/1.1" 200 5822 "https://www.linkedin.com/" "Mozilla/5.0 (Macintosh; Intel Mac OS X 10_15_7) AppleWebKit/537.36 (KHTML, like Gecko) Chrome/124.0 Safari/537.36" "session_id=c28018f6-2fb2-403b-b2a7-76d5dba70c5c event_type=home_view"
172.16.1.102 - synthetic.customer.0058 [22/Apr/2026:16:44:26 +0000] "GET /search?q=mlops HTTP/1.1" 200 13961 "https://bookstore.example.com/home" "Mozilla/5.0 (Windows NT 10.0; Win64; x64) AppleWebKit/537.36 (KHTML, like Gecko) Chrome/124.0 Safari/537.36" "session_id=87aa768a-d575-44b2-8452-74a22bba07b6 event_type=search"
186.84.32.10 - synthetic.customer.0016 [22/Apr/2026:16:44:46 +0000] "POST /checkout HTTP/1.1" 200 9388 "https://bookstore.example.com/cart" "Mozilla/5.0 (iPhone; CPU iPhone OS 17_4 like Mac OS X) AppleWebKit/605.1.15 (KHTML, like Gecko) Version/17.4 Mobile/15E148 Safari/604.1" "session_id=1848081c-6a1b-44de-85cb-8f47b702a367 event_type=checkout"
186.84.32.10 - synthetic.customer.0016 [22/Apr/2026:16:45:53 +0000] "POST /api/orders HTTP/1.1" 200 15900 "https://bookstore.example.com/checkout" "Mozilla/5.0 (iPhone; CPU iPhone OS 17_4 like Mac OS X) AppleWebKit/605.1.15 (KHTML, like Gecko) Version/17.4 Mobile/15E148 Safari/604.1" "session_id=1848081c-6a1b-44de-85cb-8f47b702a367 event_type=order_created"
152.200.45.18 - synthetic.customer.0013 [22/Apr/2026:16:46:16 +0000] "POST /checkout HTTP/1.1" 201 15567 "https://bookstore.example.com/cart" "Mozilla/5.0 (Windows NT 10.0; Win64; x64) AppleWebKit/537.36 (KHTML, like Gecko) Chrome/124.0 Safari/537.36" "session_id=4514e695-6803-4c26-807e-778da24fc19c event_type=checkout"
186.84.32.10 - synthetic.customer.0031 [22/Apr/2026:16:46:28 +0000] "GET /books HTTP/1.1" 200 4871 "https://bookstore.example.com/home" "Mozilla/5.0 (Macintosh; Intel Mac OS X 10_15_7) AppleWebKit/537.36 (KHTML, like Gecko) Chrome/124.0 Safari/537.36" "session_id=c28018f6-2fb2-403b-b2a7-76d5dba70c5c event_type=book_list_view"
152.200.45.18 - synthetic.customer.0078 [22/Apr/2026:16:46:35 +0000] "GET /books/9781491950357 HTTP/1.1" 200 2646 "https://bookstore.example.com/books" "Mozilla/5.0 (iPhone; CPU iPhone OS 17_4 like Mac OS X) AppleWebKit/605.1.15 (KHTML, like Gecko) Version/17.4 Mobile/15E148 Safari/604.1" "session_id=4b1ec88e-dd5b-4f8a-8c6b-ee3ce2d1ddf5 event_type=book_view"
172.16.1.103 - synthetic.customer.0036 [22/Apr/2026:16:47:10 +0000] "GET /books/9781491950357 HTTP/1.1" 200 5254 "https://bookstore.example.com/books/9781492078005" "Mozilla/5.0 (X11; Linux x86_64) AppleWebKit/537.36 (KHTML, like Gecko) Chrome/124.0 Safari/537.36" "session_id=33f10ced-0a8e-415a-9c13-b5c24cb2a83d event_type=book_view"
190.144.10.25 - synthetic.customer.0052 [22/Apr/2026:16:47:17 +0000] "GET /home HTTP/1.1" 200 12597 "https://www.google.com/" "Mozilla/5.0 (iPhone; CPU iPhone OS 17_4 like Mac OS X) AppleWebKit/605.1.15 (KHTML, like Gecko) Version/17.4 Mobile/15E148 Safari/604.1" "session_id=9d7b09c8-dd07-46cb-b8bf-7c61704f06dc event_type=home_view"
186.84.32.10 - synthetic.customer.0031 [22/Apr/2026:16:47:35 +0000] "GET /books/9781492078005 HTTP/1.1" 200 3879 "https://bookstore.example.com/books" "Mozilla/5.0 (Macintosh; Intel Mac OS X 10_15_7) AppleWebKit/537.36 (KHTML, like Gecko) Chrome/124.0 Safari/537.36" "session_id=c28018f6-2fb2-403b-b2a7-76d5dba70c5c event_type=book_view"
172.16.1.104 - synthetic.customer.0078 [22/Apr/2026:16:47:42 +0000] "GET /home HTTP/1.1" 200 10621 "https://bookstore.example.com/home" "Mozilla/5.0 (Android 14; Mobile) AppleWebKit/537.36 (KHTML, like Gecko) Chrome/124.0 Mobile Safari/537.36" "session_id=19ad0f03-defd-44cd-a567-1bad60e8564b event_type=home_view"
172.16.1.102 - synthetic.customer.0058 [22/Apr/2026:16:47:55 +0000] "GET /books HTTP/1.1" 200 14303 "https://bookstore.example.com/search?q=mlops" "Mozilla/5.0 (Windows NT 10.0; Win64; x64) AppleWebKit/537.36 (KHTML, like Gecko) Chrome/124.0 Safari/537.36" "session_id=87aa768a-d575-44b2-8452-74a22bba07b6 event_type=book_list_view"
152.200.45.18 - synthetic.customer.0078 [22/Apr/2026:16:48:05 +0000] "GET /books/9780132350884 HTTP/1.1" 200 15765 "https://bookstore.example.com/books/9781491950357" "Mozilla/5.0 (iPhone; CPU iPhone OS 17_4 like Mac OS X) AppleWebKit/605.1.15 (KHTML, like Gecko) Version/17.4 Mobile/15E148 Safari/604.1" "session_id=4b1ec88e-dd5b-4f8a-8c6b-ee3ce2d1ddf5 event_type=book_view"
152.200.45.18 - synthetic.customer.0078 [22/Apr/2026:16:48:49 +0000] "GET /books/9781491950357 HTTP/1.1" 200 6907 "https://bookstore.example.com/books/9780132350884" "Mozilla/5.0 (iPhone; CPU iPhone OS 17_4 like Mac OS X) AppleWebKit/605.1.15 (KHTML, like Gecko) Version/17.4 Mobile/15E148 Safari/604.1" "session_id=4b1ec88e-dd5b-4f8a-8c6b-ee3ce2d1ddf5 event_type=book_view"
172.16.1.103 - synthetic.customer.0036 [22/Apr/2026:16:49:00 +0000] "GET /books/9781492078005 HTTP/1.1" 200 8007 "https://bookstore.example.com/books/9781491950357" "Mozilla/5.0 (X11; Linux x86_64) AppleWebKit/537.36 (KHTML, like Gecko) Chrome/124.0 Safari/537.36" "session_id=33f10ced-0a8e-415a-9c13-b5c24cb2a83d event_type=book_view"
152.200.45.18 - synthetic.customer.0013 [22/Apr/2026:16:49:15 +0000] "POST /api/orders HTTP/1.1" 200 7511 "https://bookstore.example.com/checkout" "Mozilla/5.0 (Windows NT 10.0; Win64; x64) AppleWebKit/537.36 (KHTML, like Gecko) Chrome/124.0 Safari/537.36" "session_id=4514e695-6803-4c26-807e-778da24fc19c event_type=order_created"
172.16.1.102 - synthetic.customer.0058 [22/Apr/2026:16:49:26 +0000] "GET /books/9781491950357 HTTP/1.1" 404 6275 "https://bookstore.example.com/books" "Mozilla/5.0 (Windows NT 10.0; Win64; x64) AppleWebKit/537.36 (KHTML, like Gecko) Chrome/124.0 Safari/537.36" "session_id=87aa768a-d575-44b2-8452-74a22bba07b6 event_type=book_view"
172.16.1.102 - synthetic.customer.0058 [22/Apr/2026:16:49:35 +0000] "GET /books/9781617294433 HTTP/1.1" 200 15670 "https://bookstore.example.com/books/9781491950357" "Mozilla/5.0 (Windows NT 10.0; Win64; x64) AppleWebKit/537.36 (KHTML, like Gecko) Chrome/124.0 Safari/537.36" "session_id=87aa768a-d575-44b2-8452-74a22bba07b6 event_type=book_view"
172.16.1.103 - synthetic.customer.0036 [22/Apr/2026:16:49:44 +0000] "GET /books/9781617294433 HTTP/1.1" 200 11112 "https://bookstore.example.com/books/9781492078005" "Mozilla/5.0 (X11; Linux x86_64) AppleWebKit/537.36 (KHTML, like Gecko) Chrome/124.0 Safari/537.36" "session_id=33f10ced-0a8e-415a-9c13-b5c24cb2a83d event_type=book_view"
190.144.10.25 - synthetic.customer.0052 [22/Apr/2026:16:50:51 +0000] "GET /books HTTP/1.1" 200 4671 "https://bookstore.example.com/home" "Mozilla/5.0 (iPhone; CPU iPhone OS 17_4 like Mac OS X) AppleWebKit/605.1.15 (KHTML, like Gecko) Version/17.4 Mobile/15E148 Safari/604.1" "session_id=9d7b09c8-dd07-46cb-b8bf-7c61704f06dc event_type=book_list_view"
172.16.1.102 - synthetic.customer.0058 [22/Apr/2026:16:50:51 +0000] "GET /books/9781491950357 HTTP/1.1" 200 14307 "https://bookstore.example.com/books/9781617294433" "Mozilla/5.0 (Windows NT 10.0; Win64; x64) AppleWebKit/537.36 (KHTML, like Gecko) Chrome/124.0 Safari/537.36" "session_id=87aa768a-d575-44b2-8452-74a22bba07b6 event_type=book_view"
172.16.1.104 - synthetic.customer.0078 [22/Apr/2026:16:51:15 +0000] "GET /books HTTP/1.1" 200 13575 "https://bookstore.example.com/home" "Mozilla/5.0 (Android 14; Mobile) AppleWebKit/537.36 (KHTML, like Gecko) Chrome/124.0 Mobile Safari/537.36" "session_id=19ad0f03-defd-44cd-a567-1bad60e8564b event_type=book_list_view"
190.144.10.25 - synthetic.customer.0052 [22/Apr/2026:16:52:32 +0000] "GET /books/9781789801817 HTTP/1.1" 200 15404 "https://bookstore.example.com/books" "Mozilla/5.0 (iPhone; CPU iPhone OS 17_4 like Mac OS X) AppleWebKit/605.1.15 (KHTML, like Gecko) Version/17.4 Mobile/15E148 Safari/604.1" "session_id=9d7b09c8-dd07-46cb-b8bf-7c61704f06dc event_type=book_view"
172.16.1.102 - synthetic.customer.0058 [22/Apr/2026:16:52:58 +0000] "GET /books/9781098104030 HTTP/1.1" 200 4427 "https://bookstore.example.com/books/9781491950357" "Mozilla/5.0 (Windows NT 10.0; Win64; x64) AppleWebKit/537.36 (KHTML, like Gecko) Chrome/124.0 Safari/537.36" "session_id=87aa768a-d575-44b2-8452-74a22bba07b6 event_type=book_view"
172.16.1.104 - synthetic.customer.0031 [22/Apr/2026:16:53:33 +0000] "GET /home HTTP/1.1" 200 423 "https://bookstore.example.com/home" "Mozilla/5.0 (Macintosh; Intel Mac OS X 10_15_7) AppleWebKit/537.36 (KHTML, like Gecko) Chrome/124.0 Safari/537.36" "session_id=d523ec7a-561b-4566-9ae9-c720ce6490a2 event_type=home_view"
190.144.10.25 - synthetic.customer.0052 [22/Apr/2026:16:55:08 +0000] "GET /books/9780132350884 HTTP/1.1" 200 15274 "https://bookstore.example.com/books/9781789801817" "Mozilla/5.0 (iPhone; CPU iPhone OS 17_4 like Mac OS X) AppleWebKit/605.1.15 (KHTML, like Gecko) Version/17.4 Mobile/15E148 Safari/604.1" "session_id=9d7b09c8-dd07-46cb-b8bf-7c61704f06dc event_type=book_view"
172.16.1.104 - synthetic.customer.0078 [22/Apr/2026:16:55:35 +0000] "GET /books/9781617294433 HTTP/1.1" 200 10445 "https://bookstore.example.com/books" "Mozilla/5.0 (Android 14; Mobile) AppleWebKit/537.36 (KHTML, like Gecko) Chrome/124.0 Mobile Safari/537.36" "session_id=19ad0f03-defd-44cd-a567-1bad60e8564b event_type=book_view"
172.16.1.104 - synthetic.customer.0031 [22/Apr/2026:16:55:52 +0000] "GET /books HTTP/1.1" 200 4027 "https://bookstore.example.com/home" "Mozilla/5.0 (Macintosh; Intel Mac OS X 10_15_7) AppleWebKit/537.36 (KHTML, like Gecko) Chrome/124.0 Safari/537.36" "session_id=d523ec7a-561b-4566-9ae9-c720ce6490a2 event_type=book_list_view"
172.16.1.102 - synthetic.customer.0058 [22/Apr/2026:16:56:29 +0000] "POST /cart/add?book_id=9781789801817 HTTP/1.1" 200 3181 "https://bookstore.example.com/books/9781098104030" "Mozilla/5.0 (Windows NT 10.0; Win64; x64) AppleWebKit/537.36 (KHTML, like Gecko) Chrome/124.0 Safari/537.36" "session_id=87aa768a-d575-44b2-8452-74a22bba07b6 event_type=add_to_cart"
186.84.32.10 - synthetic.customer.0016 [22/Apr/2026:16:57:15 +0000] "GET /home HTTP/1.1" 200 9936 "https://bookstore.example.com/books" "Mozilla/5.0 (Macintosh; Intel Mac OS X 10_15_7) AppleWebKit/537.36 (KHTML, like Gecko) Chrome/124.0 Safari/537.36" "session_id=5c171f59-7199-4a03-ba35-04f0f0c137b8 event_type=home_view"
172.16.1.104 - synthetic.customer.0031 [22/Apr/2026:16:58:40 +0000] "GET /books/9781098104030 HTTP/1.1" 200 7767 "https://bookstore.example.com/books" "Mozilla/5.0 (Macintosh; Intel Mac OS X 10_15_7) AppleWebKit/537.36 (KHTML, like Gecko) Chrome/124.0 Safari/537.36" "session_id=d523ec7a-561b-4566-9ae9-c720ce6490a2 event_type=book_view"
190.144.10.25 - synthetic.customer.0052 [22/Apr/2026:16:58:51 +0000] "GET /books/9781617294433 HTTP/1.1" 200 9616 "https://bookstore.example.com/books/9780132350884" "Mozilla/5.0 (iPhone; CPU iPhone OS 17_4 like Mac OS X) AppleWebKit/605.1.15 (KHTML, like Gecko) Version/17.4 Mobile/15E148 Safari/604.1" "session_id=9d7b09c8-dd07-46cb-b8bf-7c61704f06dc event_type=book_view"
186.84.32.10 - synthetic.customer.0016 [22/Apr/2026:16:58:57 +0000] "GET /search?q=mlops HTTP/1.1" 200 5479 "https://bookstore.example.com/home" "Mozilla/5.0 (Macintosh; Intel Mac OS X 10_15_7) AppleWebKit/537.36 (KHTML, like Gecko) Chrome/124.0 Safari/537.36" "session_id=5c171f59-7199-4a03-ba35-04f0f0c137b8 event_type=search"
190.144.10.25 - synthetic.customer.0052 [22/Apr/2026:16:59:22 +0000] "GET /books/9781617294433 HTTP/1.1" 200 15797 "https://bookstore.example.com/books/9781617294433" "Mozilla/5.0 (iPhone; CPU iPhone OS 17_4 like Mac OS X) AppleWebKit/605.1.15 (KHTML, like Gecko) Version/17.4 Mobile/15E148 Safari/604.1" "session_id=9d7b09c8-dd07-46cb-b8bf-7c61704f06dc event_type=book_view"
172.16.1.102 - synthetic.customer.0058 [22/Apr/2026:16:59:33 +0000] "GET /cart HTTP/1.1" 500 13464 "https://bookstore.example.com/cart/add?book_id=9781789801817" "Mozilla/5.0 (Windows NT 10.0; Win64; x64) AppleWebKit/537.36 (KHTML, like Gecko) Chrome/124.0 Safari/537.36" "session_id=87aa768a-d575-44b2-8452-74a22bba07b6 event_type=cart_view"
172.16.1.102 - synthetic.customer.0058 [22/Apr/2026:16:59:44 +0000] "POST /checkout HTTP/1.1" 200 2096 "https://bookstore.example.com/cart" "Mozilla/5.0 (Windows NT 10.0; Win64; x64) AppleWebKit/537.36 (KHTML, like Gecko) Chrome/124.0 Safari/537.36" "session_id=87aa768a-d575-44b2-8452-74a22bba07b6 event_type=checkout"
172.16.1.104 - synthetic.customer.0078 [22/Apr/2026:16:59:47 +0000] "GET /books/9781617294433 HTTP/1.1" 200 7026 "https://bookstore.example.com/books/9781617294433" "Mozilla/5.0 (Android 14; Mobile) AppleWebKit/537.36 (KHTML, like Gecko) Chrome/124.0 Mobile Safari/537.36" "session_id=19ad0f03-defd-44cd-a567-1bad60e8564b event_type=book_view"
190.144.10.25 - synthetic.customer.0058 [22/Apr/2026:17:00:16 +0000] "GET /home HTTP/1.1" 200 5551 "https://bookstore.example.com/books" "Mozilla/5.0 (Android 14; Mobile) AppleWebKit/537.36 (KHTML, like Gecko) Chrome/124.0 Mobile Safari/537.36" "session_id=cf857393-c240-4a6d-92ef-90d1148e0de2 event_type=home_view"
172.16.1.104 - synthetic.customer.0078 [22/Apr/2026:17:01:05 +0000] "GET /books/9780262046305 HTTP/1.1" 200 7469 "https://bookstore.example.com/books/9781617294433" "Mozilla/5.0 (Android 14; Mobile) AppleWebKit/537.36 (KHTML, like Gecko) Chrome/124.0 Mobile Safari/537.36" "session_id=19ad0f03-defd-44cd-a567-1bad60e8564b event_type=book_view"
186.84.32.10 - synthetic.customer.0016 [22/Apr/2026:17:01:15 +0000] "GET /books HTTP/1.1" 200 10990 "https://bookstore.example.com/search?q=mlops" "Mozilla/5.0 (Macintosh; Intel Mac OS X 10_15_7) AppleWebKit/537.36 (KHTML, like Gecko) Chrome/124.0 Safari/537.36" "session_id=5c171f59-7199-4a03-ba35-04f0f0c137b8 event_type=book_list_view"
172.16.1.104 - synthetic.customer.0031 [22/Apr/2026:17:01:49 +0000] "GET /home HTTP/1.1" 200 13433 "-" "Mozilla/5.0 (Windows NT 10.0; Win64; x64) AppleWebKit/537.36 (KHTML, like Gecko) Chrome/124.0 Safari/537.36" "session_id=7ae17c5f-3b71-48d3-9f8d-04b0f56709eb event_type=home_view"
186.84.32.10 - synthetic.customer.0016 [22/Apr/2026:17:02:09 +0000] "GET /books/9781617294433 HTTP/1.1" 200 3573 "https://bookstore.example.com/books" "Mozilla/5.0 (Macintosh; Intel Mac OS X 10_15_7) AppleWebKit/537.36 (KHTML, like Gecko) Chrome/124.0 Safari/537.36" "session_id=5c171f59-7199-4a03-ba35-04f0f0c137b8 event_type=book_view"
172.16.1.104 - synthetic.customer.0031 [22/Apr/2026:17:02:26 +0000] "GET /books/9781492078005 HTTP/1.1" 200 4657 "https://bookstore.example.com/books/9781098104030" "Mozilla/5.0 (Macintosh; Intel Mac OS X 10_15_7) AppleWebKit/537.36 (KHTML, like Gecko) Chrome/124.0 Safari/537.36" "session_id=d523ec7a-561b-4566-9ae9-c720ce6490a2 event_type=book_view"
172.16.1.104 - synthetic.customer.0031 [22/Apr/2026:17:02:38 +0000] "GET /search?q=mlops HTTP/1.1" 200 15810 "https://bookstore.example.com/home" "Mozilla/5.0 (Windows NT 10.0; Win64; x64) AppleWebKit/537.36 (KHTML, like Gecko) Chrome/124.0 Safari/537.36" "session_id=7ae17c5f-3b71-48d3-9f8d-04b0f56709eb event_type=search"
190.144.10.25 - synthetic.customer.0058 [22/Apr/2026:17:02:52 +0000] "GET /search?q=mlops HTTP/1.1" 200 8877 "https://bookstore.example.com/home" "Mozilla/5.0 (Android 14; Mobile) AppleWebKit/537.36 (KHTML, like Gecko) Chrome/124.0 Mobile Safari/537.36" "session_id=cf857393-c240-4a6d-92ef-90d1148e0de2 event_type=search"
172.16.1.102 - synthetic.customer.0058 [22/Apr/2026:17:02:54 +0000] "POST /api/orders HTTP/1.1" 201 7735 "https://bookstore.example.com/checkout" "Mozilla/5.0 (Windows NT 10.0; Win64; x64) AppleWebKit/537.36 (KHTML, like Gecko) Chrome/124.0 Safari/537.36" "session_id=87aa768a-d575-44b2-8452-74a22bba07b6 event_type=order_created"
190.144.10.25 - synthetic.customer.0058 [22/Apr/2026:17:03:18 +0000] "GET /books HTTP/1.1" 200 7801 "https://bookstore.example.com/search?q=mlops" "Mozilla/5.0 (Android 14; Mobile) AppleWebKit/537.36 (KHTML, like Gecko) Chrome/124.0 Mobile Safari/537.36" "session_id=cf857393-c240-4a6d-92ef-90d1148e0de2 event_type=book_list_view"
172.16.1.104 - synthetic.customer.0031 [22/Apr/2026:17:04:52 +0000] "GET /books HTTP/1.1" 200 13575 "https://bookstore.example.com/search?q=mlops" "Mozilla/5.0 (Windows NT 10.0; Win64; x64) AppleWebKit/537.36 (KHTML, like Gecko) Chrome/124.0 Safari/537.36" "session_id=7ae17c5f-3b71-48d3-9f8d-04b0f56709eb event_type=book_list_view"
172.16.1.102 - anonymous [22/Apr/2026:17:05:17 +0000] "GET /home HTTP/1.1" 200 5973 "https://www.google.com/" "Mozilla/5.0 (X11; Linux x86_64) AppleWebKit/537.36 (KHTML, like Gecko) Chrome/124.0 Safari/537.36" "session_id=5009850f-2400-4aa2-896f-6637492cefd6 event_type=home_view"
190.144.10.25 - synthetic.customer.0058 [22/Apr/2026:17:06:02 +0000] "GET /books/9780132350884 HTTP/1.1" 200 6148 "https://bookstore.example.com/books" "Mozilla/5.0 (Android 14; Mobile) AppleWebKit/537.36 (KHTML, like Gecko) Chrome/124.0 Mobile Safari/537.36" "session_id=cf857393-c240-4a6d-92ef-90d1148e0de2 event_type=book_view"
172.16.1.104 - synthetic.customer.0031 [22/Apr/2026:17:06:29 +0000] "GET /books/9781098104030 HTTP/1.1" 200 181 "https://bookstore.example.com/books/9781492078005" "Mozilla/5.0 (Macintosh; Intel Mac OS X 10_15_7) AppleWebKit/537.36 (KHTML, like Gecko) Chrome/124.0 Safari/537.36" "session_id=d523ec7a-561b-4566-9ae9-c720ce6490a2 event_type=book_view"
172.16.1.104 - synthetic.customer.0031 [22/Apr/2026:17:08:20 +0000] "GET /books/9781789801817 HTTP/1.1" 404 5403 "https://bookstore.example.com/books" "Mozilla/5.0 (Windows NT 10.0; Win64; x64) AppleWebKit/537.36 (KHTML, like Gecko) Chrome/124.0 Safari/537.36" "session_id=7ae17c5f-3b71-48d3-9f8d-04b0f56709eb event_type=book_view"
