186.84.32.10 - synthetic.customer.0007 [22/Apr/2026:13:08:53 +0000] "GET /books/9780262046305 HTTP/1.1" 200 8874 "https://bookstore.example.com/books/9780132350884" "Mozilla/5.0 (iPhone; CPU iPhone OS 17_4 like Mac OS X) AppleWebKit/605.1.15 (KHTML, like Gecko) Version/17.4 Mobile/15E148 Safari/604.1" "session_id=e63e03a8-941e-43d1-96e1-e9cb3ec7066e event_type=book_view"
172.16.1.102 - synthetic.customer.0073 [22/Apr/2026:13:10:23 +0000] "GET /books/9781491950357 HTTP/1.1" 200 2804 "https://bookstore.example.com/books" "Mozilla/5.0 (iPhone; CPU iPhone OS 17_4 like Mac OS X) AppleWebKit/605.1.15 (KHTML, like Gecko) Version/17.4 Mobile/15E148 Safari/604.1" "session_id=dbe40462-679f-47e2-88b2-5aadc5a9d4dd event_type=book_view"
172.16.1.103 - synthetic.customer.0059 [22/Apr/2026:13:10:34 +0000] "GET /books/9781491950357 HTTP/1.1" 200 11146 "https://bookstore.example.com/books" "Mozilla/5.0 (Android 14; Mobile) AppleWebKit/537.36 (KHTML, like Gecko) Chrome/124.0 Mobile Safari/537.36" "session_id=736bc0b1-41d3-430f-abe7-6a4d0383aa7a event_type=book_view"
172.16.1.102 - synthetic.customer.0073 [22/Apr/2026:13:10:38 +0000] "GET /books/9781491950357 HTTP/1.1" 200 7908 "https://bookstore.example.com/books/9781491950357" "Mozilla/5.0 (iPhone; CPU iPhone OS 17_4 like Mac OS X) AppleWebKit/605.1.15 (KHTML, like Gecko) Version/17.4 Mobile/15E148 Safari/604.1" "session_id=dbe40462-679f-47e2-88b2-5aadc5a9d4dd event_type=book_view"
152.200.45.18 - synthetic.customer.0064 [22/Apr/2026:13:10:55 +0000] "GET /books/9781617294433 HTTP/1.1" 200 9956 "https://bookstore.example.com/books" "Mozilla/5.0 (Macintosh; Intel Mac OS X 10_15_7) AppleWebKit/537.36 (KHTML, like Gecko) Chrome/124.0 Safari/537.36" "session_id=90d079b4-a48f-4b44-960c-b06386063973 event_type=book_view"
152.200.45.18 - synthetic.customer.0064 [22/Apr/2026:13:12:44 +0000] "GET /books/9781617294433 HTTP/1.1" 200 11385 "https://bookstore.example.com/books/9781617294433" "Mozilla/5.0 (Macintosh; Intel Mac OS X 10_15_7) AppleWebKit/537.36 (KHTML, like Gecko) Chrome/124.0 Safari/537.36" "session_id=90d079b4-a48f-4b44-960c-b06386063973 event_type=book_view"
186.84.32.10 - synthetic.customer.0050 [22/Apr/2026:13:12:45 +0000] "GET /home HTTP/1.1" 200 6179 "https://bookstore.example.com/search?q=data+engineering" "Mozilla/5.0 (Macintosh; Intel Mac OS X 10_15_7) AppleWebKit/537.36 (KHTML, like Gecko) Chrome/124.0 Safari/537.36" "session_id=7de05383-6b31-4621-a1f0-252e637a81b9 event_type=home_view"
190.144.10.25 - anonymous [22/Apr/2026:13:13:01 +0000] "GET /books/9781491950357 HTTP/1.1" 200 1988 "https://bookstore.example.com/books/9780262046305" "Mozilla/5.0 (Macintosh; Intel Mac OS X 10_15_7) AppleWebKit/537.36 (KHTML, like Gecko) Chrome/124.0 Safari/537.36" "session_id=d767aa58-9871-4b93-ba44-19fcebb08b60 event_type=book_view"
152.200.45.18 - synthetic.customer.0064 [22/Apr/2026:13:13:04 +0000] "GET /books/9781491950357 HTTP/1.1" 200 7833 "https://bookstore.example.com/books/9781617294433" "Mozilla/5.0 (Macintosh; Intel Mac OS X 10_15_7) AppleWebKit/537.36 (KHTML, like Gecko) Chrome/124.0 Safari/537.36" "session_id=90d079b4-a48f-4b44-960c-b06386063973 event_type=book_view"
190.144.10.25 - anonymous [22/Apr/2026:13:13:29 +0000] "GET /books/9781617294433 HTTP/1.1" 200 8228 "https://bookstore.example.com/books/9781491950357" "Mozilla/5.0 (Macintosh; Intel Mac OS X 10_15_7) AppleWebKit/537.36 (KHTML, like Gecko) Chrome/124.0 Safari/537.36" "session_id=d767aa58-9871-4b93-ba44-19fcebb08b60 event_type=book_view"
190.144.10.25 - synthetic.customer.0058 [22/Apr/2026:13:13:30 +0000] "GET /home HTTP/1.1" 200 10460 "https://www.google.com/" "Mozilla/5.0 (iPhone; CPU iPhone OS 17_4 like Mac OS X) AppleWebKit/605.1.15 (KHTML, like Gecko) Version/17.4 Mobile/15E148 Safari/604.1" "session_id=9d9215a2-6de3-45fe-aff3-4bdd9ffe0db7 event_type=home_view"
152.200.45.18 - synthetic.customer.0064 [22/Apr/2026:13:13:56 +0000] "POST /cart/add?book_id=9781491950357 HTTP/1.1" 200 5210 "https://bookstore.example.com/books/9781491950357" "Mozilla/5.0 (Macintosh; Intel Mac OS X 10_15_7) AppleWebKit/537.36 (KHTML, like Gecko) Chrome/124.0 Safari/537.36" "session_id=90d079b4-a48f-4b44-960c-b06386063973 event_type=add_to_cart"
186.84.32.10 - synthetic.customer.0050 [22/Apr/2026:13:14:30 +0000] "GET /search?q=distributed+systems HTTP/1.1" 404 7740 "https://bookstore.example.com/home" "Mozilla/5.0 (Macintosh; Intel Mac OS X 10_15_7) AppleWebKit/537.36 (KHTML, like Gecko) Chrome/124.0 Safari/537.36" "session_id=7de05383-6b31-4621-a1f0-252e637a81b9 event_type=search"
186.84.32.10 - synthetic.customer.0050 [22/Apr/2026:13:16:24 +0000] "GET /books HTTP/1.1" 200 15037 "https://bookstore.example.com/search?q=distributed+systems" "Mozilla/5.0 (Macintosh; Intel Mac OS X 10_15_7) AppleWebKit/537.36 (KHTML, like Gecko) Chrome/124.0 Safari/537.36" "session_id=7de05383-6b31-4621-a1f0-252e637a81b9 event_type=book_list_view"
186.84.32.10 - synthetic.customer.0050 [22/Apr/2026:13:16:40 +0000] "GET /books/9781491950357 HTTP/1.1" 200 7807 "https://bookstore.example.com/books" "Mozilla/5.0 (Macintosh; Intel Mac OS X 10_15_7) AppleWebKit/537.36 (KHTML, like Gecko) Chrome/124.0 Safari/537.36" "session_id=7de05383-6b31-4621-a1f0-252e637a81b9 event_type=book_view"
181.143.56.11 - synthetic.customer.0068 [22/Apr/2026:13:16:43 +0000] "GET /home HTTP/1.1" 200 9173 "-" "Mozilla/5.0 (X11; Linux x86_64) AppleWebKit/537.36 (KHTML, like Gecko) Chrome/124.0 Safari/537.36" "session_id=8df87cd1-1bd6-4523-9f1d-c8d960a45f06 event_type=home_view"
190.144.10.25 - anonymous [22/Apr/2026:13:16:44 +0000] "GET /books/9780262046305 HTTP/1.1" 200 9005 "https://bookstore.example.com/books/9781617294433" "Mozilla/5.0 (Macintosh; Intel Mac OS X 10_15_7) AppleWebKit/537.36 (KHTML, like Gecko) Chrome/124.0 Safari/537.36" "session_id=d767aa58-9871-4b93-ba44-19fcebb08b60 event_type=book_view"
190.144.10.25 - synthetic.customer.0058 [22/Apr/2026:13:17:30 +0000] "GET /books HTTP/1.1" 200 764 "https://bookstore.example.com/home" "Mozilla/5.0 (iPhone; CPU iPhone OS 17_4 like Mac OS X) AppleWebKit/605.1.15 (KHTML, like Gecko) Version/17.4 Mobile/15E148 Safari/604.1" "session_id=9d9215a2-6de3-45fe-aff3-4bdd9ffe0db7 event_type=book_list_view"
152.200.45.18 - synthetic.customer.0064 [22/Apr/2026:13:17:34 +0000] "GET /cart HTTP/1.1" 200 14282 "https://bookstore.example.com/cart/add?book_id=9781491950357" "Mozilla/5.0 (Macintosh; Intel Mac OS X 10_15_7) AppleWebKit/537.36 (KHTML, like Gecko) Chrome/124.0 Safari/537.36" "session_id=90d079b4-a48f-4b44-960c-b06386063973 event_type=cart_view"
181.143.56.11 - synthetic.customer.0068 [22/Apr/2026:13:17:47 +0000] "GET /books HTTP/1.1" 200 8920 "https://bookstore.example.com/home" "Mozilla/5.0 (X11; Linux x86_64) AppleWebKit/537.36 (KHTML, like Gecko) Chrome/124.0 Safari/537.36" "session_id=8df87cd1-1bd6-4523-9f1d-c8d960a45f06 event_type=book_list_view"
190.144.10.25 - synthetic.customer.0058 [22/Apr/2026:13:18:16 +0000] "GET /books/9780131103627 HTTP/1.1" 200 931 "https://bookstore.example.com/books" "Mozilla/5.0 (iPhone; CPU iPhone OS 17_4 like Mac OS X) AppleWebKit/605.1.15 (KHTML, like Gecko) Version/17.4 Mobile/15E148 Safari/604.1" "session_id=9d9215a2-6de3-45fe-aff3-4bdd9ffe0db7 event_type=book_view"
186.84.32.10 - synthetic.customer.0050 [22/Apr/2026:13:19:33 +0000] "GET /books/9781098104030 HTTP/1.1" 200 1771 "https://bookstore.example.com/books/9781491950357" "Mozilla/5.0 (Macintosh; Intel Mac OS X 10_15_7) AppleWebKit/537.36 (KHTML, like Gecko) Chrome/124.0 Safari/537.36" "session_id=7de05383-6b31-4621-a1f0-252e637a81b9 event_type=book_view"
181.143.56.11 - synthetic.customer.0068 [22/Apr/2026:13:20:41 +0000] "GET /books/9781492078005 HTTP/1.1" 200 13080 "https://bookstore.example.com/books" "Mozilla/5.0 (X11; Linux x86_64) AppleWebKit/537.36 (KHTML, like Gecko) Chrome/124.0 Safari/537.36" "session_id=8df87cd1-1bd6-4523-9f1d-c8d960a45f06 event_type=book_view"
190.144.10.25 - synthetic.customer.0058 [22/Apr/2026:13:21:45 +0000] "GET /books/9780131103627 HTTP/1.1" 200 13722 "https://bookstore.example.com/books/9780131103627" "Mozilla/5.0 (iPhone; CPU iPhone OS 17_4 like Mac OS X) AppleWebKit/605.1.15 (KHTML, like Gecko) Version/17.4 Mobile/15E148 Safari/604.1" "session_id=9d9215a2-6de3-45fe-aff3-4bdd9ffe0db7 event_type=book_view"
152.200.45.18 - synthetic.customer.0059 [22/Apr/2026:13:22:20 +0000] "GET /home HTTP/1.1" 200 13546 "https://bookstore.example.com/books" "Mozilla/5.0 (Windows NT 10.0; Win64; x64) AppleWebKit/537.36 (KHTML, like Gecko) Chrome/124.0 Safari/537.36" "session_id=86263346-9404-4ee0-a902-c9aa1714a119 event_type=home_view"
190.144.10.25 - synthetic.customer.0027 [22/Apr/2026:13:22:46 +0000] "GET /home HTTP/1.1" 200 1414 "https://bookstore.example.com/books" "Mozilla/5.0 (iPhone; CPU iPhone OS 17_4 like Mac OS X) AppleWebKit/605.1.15 (KHTML, like Gecko) Version/17.4 Mobile/15E148 Safari/604.1" "session_id=93540abf-3b8e-48fe-8f11-506665614a75 event_type=home_view"
181.143.56.11 - synthetic.customer.0068 [22/Apr/2026:13:22:59 +0000] "GET /books/9781098104030 HTTP/1.1" 200 3171 "https://bookstore.example.com/books/9781492078005" "Mozilla/5.0 (X11; Linux x86_64) AppleWebKit/537.36 (KHTML, like Gecko) Chrome/124.0 Safari/537.36" "session_id=8df87cd1-1bd6-4523-9f1d-c8d960a45f06 event_type=book_view"
181.57.90.44 - synthetic.customer.0050 [22/Apr/2026:13:23:42 +0000] "GET /home HTTP/1.1" 200 15254 "https://bookstore.example.com/search?q=data+engineering" "Mozilla/5.0 (Macintosh; Intel Mac OS X 10_15_7) AppleWebKit/537.36 (KHTML, like Gecko) Chrome/124.0 Safari/537.36" "session_id=5879a4bb-3bde-4014-b462-b8e616cee6d0 event_type=home_view"
186.84.32.10 - synthetic.customer.0050 [22/Apr/2026:13:23:51 +0000] "POST /cart/add?book_id=9781098104030 HTTP/1.1" 200 5076 "https://bookstore.example.com/books/9781098104030" "Mozilla/5.0 (Macintosh; Intel Mac OS X 10_15_7) AppleWebKit/537.36 (KHTML, like Gecko) Chrome/124.0 Safari/537.36" "session_id=7de05383-6b31-4621-a1f0-252e637a81b9 event_type=add_to_cart"
190.144.10.25 - synthetic.customer.0058 [22/Apr/2026:13:24:16 +0000] "GET /books/9781491950357 HTTP/1.1" 200 5660 "https://bookstore.example.com/books/9780131103627" "Mozilla/5.0 (iPhone; CPU iPhone OS 17_4 like Mac OS X) AppleWebKit/605.1.15 (KHTML, like Gecko) Version/17.4 Mobile/15E148 Safari/604.1" "session_id=9d9215a2-6de3-45fe-aff3-4bdd9ffe0db7 event_type=book_view"
172.16.1.104 - synthetic.customer.0023 [22/Apr/2026:13:24:23 +0000] "GET /home HTTP/1.1" 200 15717 "https://www.linkedin.com/" "Mozilla/5.0 (Android 14; Mobile) AppleWebKit/537.36 (KHTML, like Gecko) Chrome/124.0 Mobile Safari/537.36" "session_id=c7136e05-c400-4e6d-95d7-5a498dd1066f event_type=home_view"
152.200.45.18 - synthetic.customer.0059 [22/Apr/2026:13:26:07 +0000] "GET /search?q=mlops HTTP/1.1" 200 15544 "https://bookstore.example.com/home" "Mozilla/5.0 (Windows NT 10.0; Win64; x64) AppleWebKit/537.36 (KHTML, like Gecko) Chrome/124.0 Safari/537.36" "session_id=86263346-9404-4ee0-a902-c9aa1714a119 event_type=search"
190.144.10.25 - synthetic.customer.0027 [22/Apr/2026:13:26:46 +0000] "GET /search?q=clean+code HTTP/1.1" 200 8572 "https://bookstore.example.com/home" "Mozilla/5.0 (iPhone; CPU iPhone OS 17_4 like Mac OS X) AppleWebKit/605.1.15 (KHTML, like Gecko) Version/17.4 Mobile/15E148 Safari/604.1" "session_id=93540abf-3b8e-48fe-8f11-506665614a75 event_type=search"
181.57.90.44 - synthetic.customer.0050 [22/Apr/2026:13:26:51 +0000] "GET /search?q=mlops HTTP/1.1" 200 8537 "https://bookstore.example.com/home" "Mozilla/5.0 (Macintosh; Intel Mac OS X 10_15_7) AppleWebKit/537.36 (KHTML, like Gecko) Chrome/124.0 Safari/537.36" "session_id=5879a4bb-3bde-4014-b462-b8e616cee6d0 event_type=search"
172.16.1.101 - synthetic.customer.0073 [22/Apr/2026:13:27:24 +0000] "GET /home HTTP/1.1" 200 11238 "https://bookstore.example.com/home" "Mozilla/5.0 (iPhone; CPU iPhone OS 17_4 like Mac OS X) AppleWebKit/605.1.15 (KHTML, like Gecko) Version/17.4 Mobile/15E148 Safari/604.1" "session_id=25e43a42-7818-4260-bc65-d5325386eed5 event_type=home_view"
172.16.1.104 - synthetic.customer.0023 [22/Apr/2026:13:27:32 +0000] "GET /search?q=mlops HTTP/1.1" 200 6836 "https://bookstore.example.com/home" "Mozilla/5.0 (Android 14; Mobile) AppleWebKit/537.36 (KHTML, like Gecko) Chrome/124.0 Mobile Safari/537.36" "session_id=c7136e05-c400-4e6d-95d7-5a498dd1066f event_type=search"
186.84.32.10 - synthetic.customer.0050 [22/Apr/2026:13:27:53 +0000] "GET /cart HTTP/1.1" 200 8669 "https://bookstore.example.com/cart/add?book_id=9781098104030" "Mozilla/5.0 (Macintosh; Intel Mac OS X 10_15_7) AppleWebKit/537.36 (KHTML, like Gecko) Chrome/124.0 Safari/537.36" "session_id=7de05383-6b31-4621-a1f0-252e637a81b9 event_type=cart_view"
152.200.45.18 - synthetic.customer.0059 [22/Apr/2026:13:28:21 +0000] "GET /books HTTP/1.1" 200 5928 "https://bookstore.example.com/search?q=mlops" "Mozilla/5.0 (Windows NT 10.0; Win64; x64) AppleWebKit/537.36 (KHTML, like Gecko) Chrome/124.0 Safari/537.36" "session_id=86263346-9404-4ee0-a902-c9aa1714a119 event_type=book_list_view"
181.57.90.44 - synthetic.customer.0023 [22/Apr/2026:13:28:26 +0000] "GET /home HTTP/1.1" 200 13521 "https://bookstore.example.com/home" "Mozilla/5.0 (Android 14; Mobile) AppleWebKit/537.36 (KHTML, like Gecko) Chrome/124.0 Mobile Safari/537.36" "session_id=a4071630-1215-42eb-b60f-fdc26e9efd41 event_type=home_view"
181.57.90.44 - synthetic.customer.0050 [22/Apr/2026:13:28:28 +0000] "GET /books HTTP/1.1" 200 10377 "https://bookstore.example.com/search?q=mlops" "Mozilla/5.0 (Macintosh; Intel Mac OS X 10_15_7) AppleWebKit/537.36 (KHTML, like Gecko) Chrome/124.0 Safari/537.36" "session_id=5879a4bb-3bde-4014-b462-b8e616cee6d0 event_type=book_list_view"
172.16.1.104 - synthetic.customer.0023 [22/Apr/2026:13:28:55 +0000] "GET /books HTTP/1.1" 200 9801 "https://bookstore.example.com/search?q=mlops" "Mozilla/5.0 (Android 14; Mobile) AppleWebKit/537.36 (KHTML, like Gecko) Chrome/124.0 Mobile Safari/537.36" "session_id=c7136e05-c400-4e6d-95d7-5a498dd1066f event_type=book_list_view"
152.200.45.18 - synthetic.customer.0059 [22/Apr/2026:13:30:15 +0000] "GET /books/9781491950357 HTTP/1.1" 200 13537 "https://bookstore.example.com/books" "Mozilla/5.0 (Windows NT 10.0; Win64; x64) AppleWebKit/537.36 (KHTML, like Gecko) Chrome/124.0 Safari/537.36" "session_id=86263346-9404-4ee0-a902-c9aa1714a119 event_type=book_view"
172.16.1.104 - synthetic.customer.0023 [22/Apr/2026:13:30:23 +0000] "GET /books/9781617294433 HTTP/1.1" 200 13338 "https://bookstore.example.com/books" "Mozilla/5.0 (Android 14; Mobile) AppleWebKit/537.36 (KHTML, like Gecko) Chrome/124.0 Mobile Safari/537.36" "session_id=c7136e05-c400-4e6d-95d7-5a498dd1066f event_type=book_view"
181.57.90.44 - synthetic.customer.0023 [22/Apr/2026:13:30:33 +0000] "GET /books HTTP/1.1" 200 5429 "https://bookstore.example.com/home" "Mozilla/5.0 (Android 14; Mobile) AppleWebKit/537.36 (KHTML, like Gecko) Chrome/124.0 Mobile Safari/537.36" "session_id=a4071630-1215-42eb-b60f-fdc26e9efd41 event_type=book_list_view"
190.144.10.25 - synthetic.customer.0027 [22/Apr/2026:13:30:48 +0000] "GET /books HTTP/1.1" 200 13903 "https://bookstore.example.com/search?q=clean+code" "Mozilla/5.0 (iPhone; CPU iPhone OS 17_4 like Mac OS X) AppleWebKit/605.1.15 (KHTML, like Gecko) Version/17.4 Mobile/15E148 Safari/604.1" "session_id=93540abf-3b8e-48fe-8f11-506665614a75 event_type=book_list_view"
172.16.1.101 - synthetic.customer.0073 [22/Apr/2026:13:31:12 +0000] "GET /search?q=data+engineering HTTP/1.1" 404 - "https://bookstore.example.com/home" "Mozilla/5.0 (iPhone; CPU iPhone OS 17_4 like Mac OS X) AppleWebKit/605.1.15 (KHTML, like Gecko) Version/17.4 Mobile/15E148 Safari/604.1" "session_id=25e43a42-7818-4260-bc65-d5325386eed5 event_type=search"
181.57.90.44 - synthetic.customer.0050 [22/Apr/2026:13:31:25 +0000] "GET /books/9780131103627 HTTP/1.1" 200 5655 "https://bookstore.example.com/books" "Mozilla/5.0 (Macintosh; Intel Mac OS X 10_15_7) AppleWebKit/537.36 (KHTML, like Gecko) Chrome/124.0 Safari/537.36" "session_id=5879a4bb-3bde-4014-b462-b8e616cee6d0 event_type=book_view"
186.84.32.10 - synthetic.customer.0050 [22/Apr/2026:13:31:58 +0000] "POST /checkout HTTP/1.1" 400 10108 "https://bookstore.example.com/cart" "Mozilla/5.0 (Macintosh; Intel Mac OS X 10_15_7) AppleWebKit/537.36 (KHTML, like Gecko) Chrome/124.0 Safari/537.36" "session_id=7de05383-6b31-4621-a1f0-252e637a81b9 event_type=checkout"
190.144.10.25 - synthetic.customer.0027 [22/Apr/2026:13:31:59 +0000] "GET /books/9780131103627 HTTP/1.1" 200 4150 "https://bookstore.example.com/books" "Mozilla/5.0 (iPhone; CPU iPhone OS 17_4 like Mac OS X) AppleWebKit/605.1.15 (KHTML, like Gecko) Version/17.4 Mobile/15E148 Safari/604.1" "session_id=93540abf-3b8e-48fe-8f11-506665614a75 event_type=book_view"
172.16.1.103 - synthetic.customer.0038 [22/Apr/2026:13:32:09 +0000] "GET /home HTTP/1.1" 200 9582 "https://bookstore.example.com/search?q=data+engineering" "Mozilla/5.0 (X11; Linux x86_64) AppleWebKit/537.36 (KHTML, like Gecko) Chrome/124.0 Safari/537.36" "session_id=19334066-d768-44f0-8848-eda464e06fdb event_type=home_view"
172.16.1.101 - synthetic.customer.0065 [22/Apr/2026:13:32:17 +0000] "GET /home HTTP/1.1" 200 3729 "https://www.linkedin.com/" "Mozilla/5.0 (Windows NT 10.0; Win64; x64) AppleWebKit/537.36 (KHTML, like Gecko) Chrome/124.0 Safari/537.36" "session_id=4cf68021-d2a9-41cb-8536-6d0cc8bffc3a event_type=home_view"
190.144.10.25 - synthetic.customer.0027 [22/Apr/2026:13:32:31 +0000] "GET /books/9780131103627 HTTP/1.1" 200 3268 "https://bookstore.example.com/books/9780131103627" "Mozilla/5.0 (iPhone; CPU iPhone OS 17_4 like Mac OS X) AppleWebKit/605.1.15 (KHTML, like Gecko) Version/17.4 Mobile/15E148 Safari/604.1" "session_id=93540abf-3b8e-48fe-8f11-506665614a75 event_type=book_view"
172.16.1.103 - synthetic.customer.0038 [22/Apr/2026:13:32:32 +0000] "GET /search?q=data+engineering HTTP/1.1" 200 3825 "https://bookstore.example.com/home" "Mozilla/5.0 (X11; Linux x86_64) AppleWebKit/537.36 (KHTML, like Gecko) Chrome/124.0 Safari/537.36" "session_id=19334066-d768-44f0-8848-eda464e06fdb event_type=search"
172.16.1.103 - synthetic.customer.0038 [22/Apr/2026:13:32:47 +0000] "GET /books HTTP/1.1" 200 9284 "https://bookstore.example.com/search?q=data+engineering" "Mozilla/5.0 (X11; Linux x86_64) AppleWebKit/537.36 (KHTML, like Gecko) Chrome/124.0 Safari/537.36" "session_id=19334066-d768-44f0-8848-eda464e06fdb event_type=book_list_view"
172.16.1.103 - synthetic.customer.0038 [22/Apr/2026:13:33:26 +0000] "GET /books/9781492078005 HTTP/1.1" 200 15853 "https://bookstore.example.com/books" "Mozilla/5.0 (X11; Linux x86_64) AppleWebKit/537.36 (KHTML, like Gecko) Chrome/124.0 Safari/537.36" "session_id=19334066-d768-44f0-8848-eda464e06fdb event_type=book_view"
172.16.1.101 - synthetic.customer.0065 [22/Apr/2026:13:33:30 +0000] "GET /books HTTP/1.1" 200 1346 "https://bookstore.example.com/home" "Mozilla/5.0 (Windows NT 10.0; Win64; x64) AppleWebKit/537.36 (KHTML, like Gecko) Chrome/124.0 Safari/537.36" "session_id=4cf68021-d2a9-41cb-8536-6d0cc8bffc3a event_type=book_list_view"
181.57.90.44 - synthetic.customer.0050 [22/Apr/2026:13:33:36 +0000] "GET /books/9781617294433 HTTP/1.1" 200 4395 "https://bookstore.example.com/books/9780131103627" "Mozilla/5.0 (Macintosh; Intel Mac OS X 10_15_7) AppleWebKit/537.36 (KHTML, like Gecko) Chrome/124.0 Safari/537.36" "session_id=5879a4bb-3bde-4014-b462-b8e616cee6d0 event_type=book_view"
181.57.90.44 - synthetic.customer.0023 [22/Apr/2026:13:34:00 +0000] "GET /books/9780131103627 HTTP/1.1" 200 13511 "https://bookstore.example.com/books" "Mozilla/5.0 (Android 14; Mobile) AppleWebKit/537.36 (KHTML, like Gecko) Chrome/124.0 Mobile Safari/537.36" "session_id=a4071630-1215-42eb-b60f-fdc26e9efd41 event_type=book_view"
152.200.45.18 - synthetic.customer.0059 [22/Apr/2026:13:34:12 +0000] "POST /cart/add?book_id=9781491950357 HTTP/1.1" 404 1715 "https://bookstore.example.com/books/9781491950357" "Mozilla/5.0 (Windows NT 10.0; Win64; x64) AppleWebKit/537.36 (KHTML, like Gecko) Chrome/124.0 Safari/537.36" "session_id=86263346-9404-4ee0-a902-c9aa1714a119 event_type=add_to_cart"
181.57.90.44 - synthetic.customer.0050 [22/Apr/2026:13:34:17 +0000] "GET /books/9780131103627 HTTP/1.1" 200 14648 "https://bookstore.example.com/books/9781617294433" "Mozilla/5.0 (Macintosh; Intel Mac OS X 10_15_7) AppleWebKit/537.36 (KHTML, like Gecko) Chrome/124.0 Safari/537.36" "session_id=5879a4bb-3bde-4014-b462-b8e616cee6d0 event_type=book_view"
186.84.32.10 - synthetic.customer.0050 [22/Apr/2026:13:34:27 +0000] "POST /api/orders HTTP/1.1" 200 9228 "https://bookstore.example.com/checkout" "Mozilla/5.0 (Macintosh; Intel Mac OS X 10_15_7) AppleWebKit/537.36 (KHTML, like Gecko) Chrome/124.0 Safari/537.36" "session_id=7de05383-6b31-4621-a1f0-252e637a81b9 event_type=order_created"
172.16.1.104 - synthetic.customer.0023 [22/Apr/2026:13:34:30 +0000] "GET /books/9781617294433 HTTP/1.1" 200 5099 "https://bookstore.example.com/books/9781617294433" "Mozilla/5.0 (Android 14; Mobile) AppleWebKit/537.36 (KHTML, like Gecko) Chrome/124.0 Mobile Safari/537.36" "session_id=c7136e05-c400-4e6d-95d7-5a498dd1066f event_type=book_view"
172.16.1.101 - synthetic.customer.0073 [22/Apr/2026:13:35:07 +0000] "GET /books HTTP/1.1" 200 3765 "https://bookstore.example.com/search?q=data+engineering" "Mozilla/5.0 (iPhone; CPU iPhone OS 17_4 like Mac OS X) AppleWebKit/605.1.15 (KHTML, like Gecko) Version/17.4 Mobile/15E148 Safari/604.1" "session_id=25e43a42-7818-4260-bc65-d5325386eed5 event_type=book_list_view"
172.16.1.101 - synthetic.customer.0065 [22/Apr/2026:13:36:36 +0000] "GET /books/9781491950357 HTTP/1.1" 200 4636 "https://bookstore.example.com/books" "Mozilla/5.0 (Windows NT 10.0; Win64; x64) AppleWebKit/537.36 (KHTML, like Gecko) Chrome/124.0 Safari/537.36" "session_id=4cf68021-d2a9-41cb-8536-6d0cc8bffc3a event_type=book_view"
181.57.90.44 - synthetic.customer.0050 [22/Apr/2026:13:38:05 +0000] "GET /books/9781617294433 HTTP/1.1" 200 9172 "https://bookstore.example.com/books/9780131103627" "Mozilla/5.0 (Macintosh; Intel Mac OS X 10_15_7) AppleWebKit/537.36 (KHTML, like Gecko) Chrome/124.0 Safari/537.36" "session_id=5879a4bb-3bde-4014-b462-b8e616cee6d0 event_type=book_view"
152.200.45.18 - synthetic.customer.0059 [22/Apr/2026:13:38:06 +0000] "GET /cart HTTP/1.1" 200 15433 "https://bookstore.example.com/cart/add?book_id=9781491950357" "Mozilla/5.0 (Windows NT 10.0; Win64; x64) AppleWebKit/537.36 (KHTML, like Gecko) Chrome/124.0 Safari/537.36" "session_id=86263346-9404-4ee0-a902-c9aa1714a119 event_type=cart_view"
172.16.1.101 - synthetic.customer.0073 [22/Apr/2026:13:39:12 +0000] "GET /books/9781492078005 HTTP/1.1" 200 15371 "https://bookstore.example.com/books" "Mozilla/5.0 (iPhone; CPU iPhone OS 17_4 like Mac OS X) AppleWebKit/605.1.15 (KHTML, like Gecko) Version/17.4 Mobile/15E148 Safari/604.1" "session_id=25e43a42-7818-4260-bc65-d5325386eed5 event_type=book_view"
152.200.45.18 - anonymous [22/Apr/2026:13:40:52 +0000] "GET /home HTTP/1.1" 301 7558 "https://bookstore.example.com/home" "Mozilla/5.0 (Macintosh; Intel Mac OS X 10_15_7) AppleWebKit/537.36 (KHTML, like Gecko) Chrome/124.0 Safari/537.36" "session_id=939eb695-856e-4fb7-87c2-98a26a9a03c4 event_type=home_view"
172.16.1.101 - synthetic.customer.0065 [22/Apr/2026:13:40:54 +0000] "GET /books/9780132350884 HTTP/1.1" 200 6742 "https://bookstore.example.com/books/9781491950357" "Mozilla/5.0 (Windows NT 10.0; Win64; x64) AppleWebKit/537.36 (KHTML, like Gecko) Chrome/124.0 Safari/537.36" "session_id=4cf68021-d2a9-41cb-8536-6d0cc8bffc3a event_type=book_view"
152.200.45.18 - anonymous [22/Apr/2026:13:41:22 +0000] "GET /search?q=distributed+systems HTTP/1.1" 200 11664 "https://bookstore.example.com/home" "Mozilla/5.0 (Macintosh; Intel Mac OS X 10_15_7) AppleWebKit/537.36 (KHTML, like Gecko) Chrome/124.0 Safari/537.36" "session_id=939eb695-856e-4fb7-87c2-98a26a9a03c4 event_type=search"
172.16.1.101 - synthetic.customer.0065 [22/Apr/2026:13:41:44 +0000] "GET /books/9780262046305 HTTP/1.1" 200 13331 "https://bookstore.example.com/books/9780132350884" "Mozilla/5.0 (Windows NT 10.0; Win64; x64) AppleWebKit/537.36 (KHTML, like Gecko) Chrome/124.0 Safari/537.36" "session_id=4cf68021-d2a9-41cb-8536-6d0cc8bffc3a event_type=book_view"
172.16.1.101 - synthetic.customer.0073 [22/Apr/2026:13:41:48 +0000] "GET /books/9780262046305 HTTP/1.1" 200 7830 "https://bookstore.example.com/books/9781492078005" "Mozilla/5.0 (iPhone; CPU iPhone OS 17_4 like Mac OS X) AppleWebKit/605.1.15 (KHTML, like Gecko) Version/17.4 Mobile/15E148 Safari/604.1" "session_id=25e43a42-7818-4260-bc65-d5325386eed5 event_type=book_view"
172.16.1.101 - synthetic.customer.0073 [22/Apr/2026:13:43:22 +0000] "POST /cart/add?book_id=9781492078005 HTTP/1.1" 200 9559 "https://bookstore.example.com/books/9780262046305" "Mozilla/5.0 (iPhone; CPU iPhone OS 17_4 like Mac OS X) AppleWebKit/605.1.15 (KHTML, like Gecko) Version/17.4 Mobile/15E148 Safari/604.1" "session_id=25e43a42-7818-4260-bc65-d5325386eed5 event_type=add_to_cart"
152.200.45.18 - anonymous [22/Apr/2026:13:45:02 +0000] "GET /books HTTP/1.1" 404 1678 "https://bookstore.example.com/search?q=distributed+systems" "Mozilla/5.0 (Macintosh; Intel Mac OS X 10_15_7) AppleWebKit/537.36 (KHTML, like Gecko) Chrome/124.0 Safari/537.36" "session_id=939eb695-856e-4fb7-87c2-98a26a9a03c4 event_type=book_list_view"
172.16.1.101 - synthetic.customer.0073 [22/Apr/2026:13:46:21 +0000] "GET /cart HTTP/1.1" 200 2892 "https://bookstore.example.com/cart/add?book_id=9781492078005" "Mozilla/5.0 (iPhone; CPU iPhone OS 17_4 like Mac OS X) AppleWebKit/605.1.15 (KHTML, like Gecko) Version/17.4 Mobile/15E148 Safari/604.1" "session_id=25e43a42-7818-4260-bc65-d5325386eed5 event_type=cart_view"
152.200.45.18 - anonymous [22/Apr/2026:13:49:02 +0000] "GET /books/9780132350884 HTTP/1.1" 200 12502 "https://bookstore.example.com/books" "Mozilla/5.0 (Macintosh; Intel Mac OS X 10_15_7) AppleWebKit/537.36 (KHTML, like Gecko) Chrome/124.0 Safari/537.36" "session_id=939eb695-856e-4fb7-87c2-98a26a9a03c4 event_type=book_view"
186.84.32.10 - synthetic.customer.0040 [22/Apr/2026:13:49:30 +0000] "GET /home HTTP/1.1" 200 1863 "https://www.linkedin.com/" "Mozilla/5.0 (Android 14; Mobile) AppleWebKit/537.36 (KHTML, like Gecko) Chrome/124.0 Mobile Safari/537.36" "session_id=a000ad94-a94a-4640-907b-3aca704b6a74 event_type=home_view"
152.200.45.18 - synthetic.customer.0031 [22/Apr/2026:13:49:43 +0000] "GET /home HTTP/1.1" 200 6369 "https://bookstore.example.com/home" "Mozilla/5.0 (Macintosh; Intel Mac OS X 10_15_7) AppleWebKit/537.36 (KHTML, like Gecko) Chrome/124.0 Safari/537.36" "session_id=29e2057f-3f0c-4c5d-8c97-dab8fd661e98 event_type=home_view"
186.84.32.10 - synthetic.customer.0040 [22/Apr/2026:13:50:01 +0000] "GET /search?q=distributed+systems HTTP/1.1" 200 9437 "https://bookstore.example.com/home" "Mozilla/5.0 (Android 14; Mobile) AppleWebKit/537.36 (KHTML, like Gecko) Chrome/124.0 Mobile Safari/537.36" "session_id=a000ad94-a94a-4640-907b-3aca704b6a74 event_type=search"
172.16.1.101 - synthetic.customer.0017 [22/Apr/2026:13:50:38 +0000] "GET /home HTTP/1.1" 200 11432 "https://bookstore.example.com/home" "Mozilla/5.0 (Android 14; Mobile) AppleWebKit/537.36 (KHTML, like Gecko) Chrome/124.0 Mobile Safari/537.36" "session_id=f540745a-2d8f-4c5b-aa9c-ae63ad95bf4e event_type=home_view"
152.200.45.18 - anonymous [22/Apr/2026:13:51:34 +0000] "GET /books/9780132350884 HTTP/1.1" 200 10102 "https://bookstore.example.com/books/9780132350884" "Mozilla/5.0 (Macintosh; Intel Mac OS X 10_15_7) AppleWebKit/537.36 (KHTML, like Gecko) Chrome/124.0 Safari/537.36" "session_id=939eb695-856e-4fb7-87c2-98a26a9a03c4 event_type=book_view"
152.200.45.18 - synthetic.customer.0031 [22/Apr/2026:13:52:56 +0000] "GET /search?q=data+engineering HTTP/1.1" 200 4641 "https://bookstore.example.com/home" "Mozilla/5.0 (Macintosh; Intel Mac OS X 10_15_7) AppleWebKit/537.36 (KHTML, like Gecko) Chrome/124.0 Safari/537.36" "session_id=29e2057f-3f0c-4c5d-8c97-dab8fd661e98 event_type=search"
186.84.32.10 - synthetic.customer.0040 [22/Apr/2026:13:54:10 +0000] "GET /books HTTP/1.1" 404 1889 "https://bookstore.example.com/search?q=distributed+systems" "Mozilla/5.0 (Android 14; Mobile) AppleWebKit/537.36 (KHTML, like Gecko) Chrome/124.0 Mobile Safari/537.36" "session_id=a000ad94-a94a-4640-907b-3aca704b6a74 event_type=book_list_view"
200.13.45.90 - anonymous [22/Apr/2026:13:54:16 +0000] "GET /home HTTP/1.1" 301 11069 "https://bookstore.example.com/books" "Mozilla/5.0 (Android 14; Mobile) AppleWebKit/537.36 (KHTML, like Gecko) Chrome/124.0 Mobile Safari/537.36" "session_id=7228df45-3171-487a-ac56-e5623e40db78 event_type=home_view"
172.16.1.101 - synthetic.customer.0017 [22/Apr/2026:13:54:29 +0000] "GET /search?q=data+engineering HTTP/1.1" 200 754 "https://bookstore.example.com/home" "Mozilla/5.0 (Android 14; Mobile) AppleWebKit/537.36 (KHTML, like Gecko) Chrome/124.0 Mobile Safari/537.36" "session_id=f540745a-2d8f-4c5b-aa9c-ae63ad95bf4e event_type=search"
152.200.45.18 - synthetic.customer.0031 [22/Apr/2026:13:54:43 +0000] "GET /books HTTP/1.1" 200 13898 "https://bookstore.example.com/search?q=data+engineering" "Mozilla/5.0 (Macintosh; Intel Mac OS X 10_15_7) AppleWebKit/537.36 (KHTML, like Gecko) Chrome/124.0 Safari/537.36" "session_id=29e2057f-3f0c-4c5d-8c97-dab8fd661e98 event_type=book_list_view"
152.200.45.18 - anonymous [22/Apr/2026:13:54:45 +0000] "GET /books/9781098104030 HTTP/1.1" 200 12550 "https://bookstore.example.com/books/9780132350884" "Mozilla/5.0 (Macintosh; Intel Mac OS X 10_15_7) AppleWebKit/537.36 (KHTML, like Gecko) Chrome/124.0 Safari/537.36" "session_id=939eb695-856e-4fb7-87c2-98a26a9a03c4 event_type=book_view"
172.16.1.104 - anonymous [22/Apr/2026:13:55:01 +0000] "GET /home HTTP/1.1" 301 1803 "-" "Mozilla/5.0 (X11; Linux x86_64) AppleWebKit/537.36 (KHTML, like Gecko) Chrome/124.0 Safari/537.36" "session_id=1b140637-78eb-4419-87b3-84eb515879ae event_type=home_view"
172.16.1.104 - anonymous [22/Apr/2026:13:55:36 +0000] "GET /search?q=clean+code HTTP/1.1" 200 9210 "https://bookstore.example.com/home" "Mozilla/5.0 (X11; Linux x86_64) AppleWebKit/537.36 (KHTML, like Gecko) Chrome/124.0 Safari/537.36" "session_id=1b140637-78eb-4419-87b3-84eb515879ae event_type=search"
190.144.10.25 - synthetic.customer.0027 [22/Apr/2026:13:55:51 +0000] "GET /home HTTP/1.1" 200 11413 "https://bookstore.example.com/books" "Mozilla/5.0 (X11; Linux x86_64) AppleWebKit/537.36 (KHTML, like Gecko) Chrome/124.0 Safari/537.36" "session_id=ef510d61-d013-4090-9ed4-e92628fc5191 event_type=home_view"
186.84.32.10 - synthetic.customer.0040 [22/Apr/2026:13:55:54 +0000] "GET /books/9780262046305 HTTP/1.1" 200 1451 "https://bookstore.example.com/books" "Mozilla/5.0 (Android 14; Mobile) AppleWebKit/537.36 (KHTML, like Gecko) Chrome/124.0 Mobile Safari/537.36" "session_id=a000ad94-a94a-4640-907b-3aca704b6a74 event_type=book_view"
152.200.45.18 - synthetic.customer.0031 [22/Apr/2026:13:56:19 +0000] "GET /books/9780132350884 HTTP/1.1" 200 748 "https://bookstore.example.com/books" "Mozilla/5.0 (Macintosh; Intel Mac OS X 10_15_7) AppleWebKit/537.36 (KHTML, like Gecko) Chrome/124.0 Safari/537.36" "session_id=29e2057f-3f0c-4c5d-8c97-dab8fd661e98 event_type=book_view"
190.144.10.25 - synthetic.customer.0027 [22/Apr/2026:13:56:43 +0000] "GET /search?q=clean+code HTTP/1.1" 200 14313 "https://bookstore.example.com/home" "Mozilla/5.0 (X11; Linux x86_64) AppleWebKit/537.36 (KHTML, like Gecko) Chrome/124.0 Safari/537.36" "session_id=ef510d61-d013-4090-9ed4-e92628fc5191 event_type=search"
200.13.45.90 - anonymous [22/Apr/2026:13:57:18 +0000] "GET /books HTTP/1.1" 200 10934 "https://bookstore.example.com/home" "Mozilla/5.0 (Android 14; Mobile) AppleWebKit/537.36 (KHTML, like Gecko) Chrome/124.0 Mobile Safari/537.36" "session_id=7228df45-3171-487a-ac56-e5623e40db78 event_type=book_list_view"
186.84.32.10 - synthetic.customer.0040 [22/Apr/2026:13:57:53 +0000] "POST /cart/add?book_id=9780262046305 HTTP/1.1" 200 14958 "https://bookstore.example.com/books/9780262046305" "Mozilla/5.0 (Android 14; Mobile) AppleWebKit/537.36 (KHTML, like Gecko) Chrome/124.0 Mobile Safari/537.36" "session_id=a000ad94-a94a-4640-907b-3aca704b6a74 event_type=add_to_cart"
190.144.10.25 - anonymous [22/Apr/2026:13:57:56 +0000] "GET /home HTTP/1.1" 301 5560 "https://bookstore.example.com/search?q=data+engineering" "Mozilla/5.0 (Macintosh; Intel Mac OS X 10_15_7) AppleWebKit/537.36 (KHTML, like Gecko) Chrome/124.0 Safari/537.36" "session_id=0cf1023b-7c4b-4ba2-81f7-1d2796085371 event_type=home_view"
172.16.1.101 - synthetic.customer.0017 [22/Apr/2026:13:58:15 +0000] "GET /books HTTP/1.1" 404 - "https://bookstore.example.com/search?q=data+engineering" "Mozilla/5.0 (Android 14; Mobile) AppleWebKit/537.36 (KHTML, like Gecko) Chrome/124.0 Mobile Safari/537.36" "session_id=f540745a-2d8f-4c5b-aa9c-ae63ad95bf4e event_type=book_list_view"
152.200.45.18 - synthetic.customer.0031 [22/Apr/2026:13:58:22 +0000] "POST /cart/add?book_id=9780132350884 HTTP/1.1" 200 12913 "https://bookstore.example.com/books/9780132350884" "Mozilla/5.0 (Macintosh; Intel Mac OS X 10_15_7) AppleWebKit/537.36 (KHTML, like Gecko) Chrome/124.0 Safari/537.36" "session_id=29e2057f-3f0c-4c5d-8c97-dab8fd661e98 event_type=add_to_cart"
172.16.1.103 - synthetic.customer.0002 [22/Apr/2026:13:58:27 +0000] "GET /home HTTP/1.1" 200 2726 "https://www.google.com/" "Mozilla/5.0 (Windows NT 10.0; Win64; x64) AppleWebKit/537.36 (KHTML, like Gecko) Chrome/124.0 Safari/537.36" "session_id=a0946f72-9fde-4ef7-ab76-efc11f895d17 event_type=home_view"
172.16.1.104 - anonymous [22/Apr/2026:13:58:33 +0000] "GET /books HTTP/1.1" 200 5973 "https://bookstore.example.com/search?q=clean+code" "Mozilla/5.0 (X11; Linux x86_64) AppleWebKit/537.36 (KHTML, like Gecko) Chrome/124.0 Safari/537.36" "session_id=1b140637-78eb-4419-87b3-84eb515879ae event_type=book_list_view"
186.84.32.10 - synthetic.customer.0040 [22/Apr/2026:13:58:45 +0000] "GET /cart HTTP/1.1" 200 14501 "https://bookstore.example.com/cart/add?book_id=9780262046305" "Mozilla/5.0 (Android 14; Mobile) AppleWebKit/537.36 (KHTML, like Gecko) Chrome/124.0 Mobile Safari/537.36" "session_id=a000ad94-a94a-4640-907b-3aca704b6a74 event_type=cart_view"
152.200.45.18 - anonymous [22/Apr/2026:13:58:47 +0000] "GET /books/9781789801817 HTTP/1.1" 200 3728 "https://bookstore.example.com/books/9781098104030" "Mozilla/5.0 (Macintosh; Intel Mac OS X 10_15_7) AppleWebKit/537.36 (KHTML, like Gecko) Chrome/124.0 Safari/537.36" "session_id=939eb695-856e-4fb7-87c2-98a26a9a03c4 event_type=book_view"
200.13.45.90 - anonymous [22/Apr/2026:13:58:57 +0000] "GET /books/9781789801817 HTTP/1.1" 200 8176 "https://bookstore.example.com/books" "Mozilla/5.0 (Android 14; Mobile) AppleWebKit/537.36 (KHTML, like Gecko) Chrome/124.0 Mobile Safari/537.36" "session_id=7228df45-3171-487a-ac56-e5623e40db78 event_type=book_view"
190.144.10.25 - anonymous [22/Apr/2026:13:59:01 +0000] "GET /books HTTP/1.1" 200 13072 "https://bookstore.example.com/home" "Mozilla/5.0 (Macintosh; Intel Mac OS X 10_15_7) AppleWebKit/537.36 (KHTML, like Gecko) Chrome/124.0 Safari/537.36" "session_id=0cf1023b-7c4b-4ba2-81f7-1d2796085371 event_type=book_list_view"
172.16.1.103 - synthetic.customer.0002 [22/Apr/2026:13:59:07 +0000] "GET /search?q=distributed+systems HTTP/1.1" 200 9471 "https://bookstore.example.com/home" "Mozilla/5.0 (Windows NT 10.0; Win64; x64) AppleWebKit/537.36 (KHTML, like Gecko) Chrome/124.0 Safari/537.36" "session_id=a0946f72-9fde-4ef7-ab76-efc11f895d17 event_type=search"
181.57.90.44 - synthetic.customer.0044 [22/Apr/2026:13:59:25 +0000] "GET /home HTTP/1.1" 200 15364 "https://bookstore.example.com/search?q=data+engineering" "Mozilla/5.0 (Macintosh; Intel Mac OS X 10_15_7) AppleWebKit/537.36 (KHTML, like Gecko) Chrome/124.0 Safari/537.36" "session_id=32d30b00-c8cc-480a-b5b7-62ada0319e54 event_type=home_view"
172.16.1.104 - anonymous [22/Apr/2026:13:59:26 +0000] "GET /books/9780262046305 HTTP/1.1" 200 3104 "https://bookstore.example.com/books" "Mozilla/5.0 (X11; Linux x86_64) AppleWebKit/537.36 (KHTML, like Gecko) Chrome/124.0 Safari/537.36" "session_id=1b140637-78eb-4419-87b3-84eb515879ae event_type=book_view"
172.16.1.102 - synthetic.customer.0053 [22/Apr/2026:13:59:32 +0000] "GET /home HTTP/1.1" 200 7901 "-" "Mozilla/5.0 (iPhone; CPU iPhone OS 17_4 like Mac OS X) AppleWebKit/605.1.15 (KHTML, like Gecko) Version/17.4 Mobile/15E148 Safari/604.1" "session_id=f8e1b978-19c7-41ac-a627-62d46799b839 event_type=home_view"
200.13.45.90 - anonymous [22/Apr/2026:13:59:40 +0000] "GET /books/9781789801817 HTTP/1.1" 200 12486 "https://bookstore.example.com/books/9781789801817" "Mozilla/5.0 (Android 14; Mobile) AppleWebKit/537.36 (KHTML, like Gecko) Chrome/124.0 Mobile Safari/537.36" "session_id=7228df45-3171-487a-ac56-e5623e40db78 event_type=book_view"
152.200.45.18 - synthetic.customer.0031 [22/Apr/2026:13:59:56 +0000] "GET /cart HTTP/1.1" 200 7746 "https://bookstore.example.com/cart/add?book_id=9780132350884" "Mozilla/5.0 (Macintosh; Intel Mac OS X 10_15_7) AppleWebKit/537.36 (KHTML, like Gecko) Chrome/124.0 Safari/537.36" "session_id=29e2057f-3f0c-4c5d-8c97-dab8fd661e98 event_type=cart_view"
190.144.10.25 - anonymous [22/Apr/2026:14:00:04 +0000] "GET /books/9781492078005 HTTP/1.1" 200 15077 "https://bookstore.example.com/books" "Mozilla/5.0 (Macintosh; Intel Mac OS X 10_15_7) AppleWebKit/537.36 (KHTML, like Gecko) Chrome/124.0 Safari/537.36" "session_id=0cf1023b-7c4b-4ba2-81f7-1d2796085371 event_type=book_view"
190.144.10.25 - synthetic.customer.0027 [22/Apr/2026:14:00:08 +0000] "GET /books HTTP/1.1" 200 13282 "https://bookstore.example.com/search?q=clean+code" "Mozilla/5.0 (X11; Linux x86_64) AppleWebKit/537.36 (KHTML, like Gecko) Chrome/124.0 Safari/537.36" "session_id=ef510d61-d013-4090-9ed4-e92628fc5191 event_type=book_list_view"
172.16.1.102 - synthetic.customer.0053 [22/Apr/2026:14:00:22 +0000] "GET /books HTTP/1.1" 200 13109 "https://bookstore.example.com/home" "Mozilla/5.0 (iPhone; CPU iPhone OS 17_4 like Mac OS X) AppleWebKit/605.1.15 (KHTML, like Gecko) Version/17.4 Mobile/15E148 Safari/604.1" "session_id=f8e1b978-19c7-41ac-a627-62d46799b839 event_type=book_list_view"
172.16.1.102 - anonymous [22/Apr/2026:14:00:53 +0000] "GET /home HTTP/1.1" 200 7123 "https://bookstore.example.com/home" "Mozilla/5.0 (X11; Linux x86_64) AppleWebKit/537.36 (KHTML, like Gecko) Chrome/124.0 Safari/537.36" "session_id=7a8606c2-2468-481c-8660-9b0a92c7b5ce event_type=home_view"
172.16.1.101 - synthetic.customer.0017 [22/Apr/2026:14:00:53 +0000] "GET /books/9781491950357 HTTP/1.1" 404 12202 "https://bookstore.example.com/books" "Mozilla/5.0 (Android 14; Mobile) AppleWebKit/537.36 (KHTML, like Gecko) Chrome/124.0 Mobile Safari/537.36" "session_id=f540745a-2d8f-4c5b-aa9c-ae63ad95bf4e event_type=book_view"
181.57.90.44 - anonymous [22/Apr/2026:14:01:09 +0000] "GET /home HTTP/1.1" 200 5280 "https://bookstore.example.com/books" "Mozilla/5.0 (Macintosh; Intel Mac OS X 10_15_7) AppleWebKit/537.36 (KHTML, like Gecko) Chrome/124.0 Safari/537.36" "session_id=c0a451d0-582e-4219-b726-25a631a02f91 event_type=home_view"
190.144.10.25 - anonymous [22/Apr/2026:14:01:10 +0000] "GET /books/9781098104030 HTTP/1.1" 200 1809 "https://bookstore.example.com/books/9781492078005" "Mozilla/5.0 (Macintosh; Intel Mac OS X 10_15_7) AppleWebKit/537.36 (KHTML, like Gecko) Chrome/124.0 Safari/537.36" "session_id=0cf1023b-7c4b-4ba2-81f7-1d2796085371 event_type=book_view"
172.16.1.104 - anonymous [22/Apr/2026:14:01:16 +0000] "GET /books/9781491950357 HTTP/1.1" 200 15856 "https://bookstore.example.com/books/9780262046305" "Mozilla/5.0 (X11; Linux x86_64) AppleWebKit/537.36 (KHTML, like Gecko) Chrome/124.0 Safari/537.36" "session_id=1b140637-78eb-4419-87b3-84eb515879ae event_type=book_view"
172.16.1.103 - synthetic.customer.0002 [22/Apr/2026:14:01:18 +0000] "GET /books HTTP/1.1" 200 15709 "https://bookstore.example.com/search?q=distributed+systems" "Mozilla/5.0 (Windows NT 10.0; Win64; x64) AppleWebKit/537.36 (KHTML, like Gecko) Chrome/124.0 Safari/537.36" "session_id=a0946f72-9fde-4ef7-ab76-efc11f895d17 event_type=book_list_view"
172.16.1.101 - anonymous [22/Apr/2026:14:01:32 +0000] "GET /home HTTP/1.1" 200 1503 "https://bookstore.example.com/home" "Mozilla/5.0 (iPhone; CPU iPhone OS 17_4 like Mac OS X) AppleWebKit/605.1.15 (KHTML, like Gecko) Version/17.4 Mobile/15E148 Safari/604.1" "session_id=b6f7324a-009d-4a9a-bc7d-0b0b368a985e event_type=home_view"
152.200.45.18 - synthetic.customer.0031 [22/Apr/2026:14:01:48 +0000] "POST /checkout HTTP/1.1" 200 1576 "https://bookstore.example.com/cart" "Mozilla/5.0 (Macintosh; Intel Mac OS X 10_15_7) AppleWebKit/537.36 (KHTML, like Gecko) Chrome/124.0 Safari/537.36" "session_id=29e2057f-3f0c-4c5d-8c97-dab8fd661e98 event_type=checkout"
172.16.1.104 - anonymous [22/Apr/2026:14:02:09 +0000] "GET /books/9781491950357 HTTP/1.1" 200 914 "https://bookstore.example.com/books/9781491950357" "Mozilla/5.0 (X11; Linux x86_64) AppleWebKit/537.36 (KHTML, like Gecko) Chrome/124.0 Safari/537.36" "session_id=1b140637-78eb-4419-87b3-84eb515879ae event_type=book_view"
190.144.10.25 - synthetic.customer.0027 [22/Apr/2026:14:02:18 +0000] "GET /books/9781617294433 HTTP/1.1" 200 10549 "https://bookstore.example.com/books" "Mozilla/5.0 (X11; Linux x86_64) AppleWebKit/537.36 (KHTML, like Gecko) Chrome/124.0 Safari/537.36" "session_id=ef510d61-d013-4090-9ed4-e92628fc5191 event_type=book_view"
172.16.1.101 - synthetic.customer.0017 [22/Apr/2026:14:02:19 +0000] "GET /books/9780262046305 HTTP/1.1" 200 470 "https://bookstore.example.com/books/9781491950357" "Mozilla/5.0 (Android 14; Mobile) AppleWebKit/537.36 (KHTML, like Gecko) Chrome/124.0 Mobile Safari/537.36" "session_id=f540745a-2d8f-4c5b-aa9c-ae63ad95bf4e event_type=book_view"
181.57.90.44 - synthetic.customer.0044 [22/Apr/2026:14:02:50 +0000] "GET /search?q=clean+code HTTP/1.1" 200 15458 "https://bookstore.example.com/home" "Mozilla/5.0 (Macintosh; Intel Mac OS X 10_15_7) AppleWebKit/537.36 (KHTML, like Gecko) Chrome/124.0 Safari/537.36" "session_id=32d30b00-c8cc-480a-b5b7-62ada0319e54 event_type=search"
172.16.1.102 - anonymous [22/Apr/2026:14:02:59 +0000] "GET /search?q=distributed+systems HTTP/1.1" 200 4866 "https://bookstore.example.com/home" "Mozilla/5.0 (X11; Linux x86_64) AppleWebKit/537.36 (KHTML, like Gecko) Chrome/124.0 Safari/537.36" "session_id=7a8606c2-2468-481c-8660-9b0a92c7b5ce event_type=search"
200.13.45.90 - anonymous [22/Apr/2026:14:03:24 +0000] "GET /books/9781617294433 HTTP/1.1" 200 1602 "https://bookstore.example.com/books/9781789801817" "Mozilla/5.0 (Android 14; Mobile) AppleWebKit/537.36 (KHTML, like Gecko) Chrome/124.0 Mobile Safari/537.36" "session_id=7228df45-3171-487a-ac56-e5623e40db78 event_type=book_view"
181.57.90.44 - synthetic.customer.0044 [22/Apr/2026:14:03:36 +0000] "GET /books HTTP/1.1" 200 3873 "https://bookstore.example.com/search?q=clean+code" "Mozilla/5.0 (Macintosh; Intel Mac OS X 10_15_7) AppleWebKit/537.36 (KHTML, like Gecko) Chrome/124.0 Safari/537.36" "session_id=32d30b00-c8cc-480a-b5b7-62ada0319e54 event_type=book_list_view"
172.16.1.102 - synthetic.customer.0053 [22/Apr/2026:14:03:40 +0000] "GET /books/9780131103627 HTTP/1.1" 200 9638 "https://bookstore.example.com/books" "Mozilla/5.0 (iPhone; CPU iPhone OS 17_4 like Mac OS X) AppleWebKit/605.1.15 (KHTML, like Gecko) Version/17.4 Mobile/15E148 Safari/604.1" "session_id=f8e1b978-19c7-41ac-a627-62d46799b839 event_type=book_view"
181.57.90.44 - synthetic.customer.0044 [22/Apr/2026:14:03:44 +0000] "GET /books/9780262046305 HTTP/1.1" 200 13495 "https://bookstore.example.com/books" "Mozilla/5.0 (Macintosh; Intel Mac OS X 10_15_7) AppleWebKit/537.36 (KHTML, like Gecko) Chrome/124.0 Safari/537.36" "session_id=32d30b00-c8cc-480a-b5b7-62ada0319e54 event_type=book_view"
190.144.10.25 - synthetic.customer.0027 [22/Apr/2026:14:03:49 +0000] "GET /books/9781617294433 HTTP/1.1" 200 2999 "https://bookstore.example.com/books/9781617294433" "Mozilla/5.0 (X11; Linux x86_64) AppleWebKit/537.36 (KHTML, like Gecko) Chrome/124.0 Safari/537.36" "session_id=ef510d61-d013-4090-9ed4-e92628fc5191 event_type=book_view"
172.16.1.101 - synthetic.customer.0017 [22/Apr/2026:14:04:13 +0000] "GET /books/9780262046305 HTTP/1.1" 500 5511 "https://bookstore.example.com/books/9780262046305" "Mozilla/5.0 (Android 14; Mobile) AppleWebKit/537.36 (KHTML, like Gecko) Chrome/124.0 Mobile Safari/537.36" "session_id=f540745a-2d8f-4c5b-aa9c-ae63ad95bf4e event_type=book_view"
190.144.10.25 - anonymous [22/Apr/2026:14:04:31 +0000] "GET /books/9781098104030 HTTP/1.1" 200 1065 "https://bookstore.example.com/books/9781098104030" "Mozilla/5.0 (Macintosh; Intel Mac OS X 10_15_7) AppleWebKit/537.36 (KHTML, like Gecko) Chrome/124.0 Safari/537.36" "session_id=0cf1023b-7c4b-4ba2-81f7-1d2796085371 event_type=book_view"
172.16.1.101 - synthetic.customer.0017 [22/Apr/2026:14:04:53 +0000] "GET /books/9781491950357 HTTP/1.1" 200 11330 "https://bookstore.example.com/books/9780262046305" "Mozilla/5.0 (Android 14; Mobile) AppleWebKit/537.36 (KHTML, like Gecko) Chrome/124.0 Mobile Safari/537.36" "session_id=f540745a-2d8f-4c5b-aa9c-ae63ad95bf4e event_type=book_view"
172.16.1.103 - synthetic.customer.0002 [22/Apr/2026:14:05:12 +0000] "GET /books/9781492078005 HTTP/1.1" 200 12027 "https://bookstore.example.com/books" "Mozilla/5.0 (Windows NT 10.0; Win64; x64) AppleWebKit/537.36 (KHTML, like Gecko) Chrome/124.0 Safari/537.36" "session_id=a0946f72-9fde-4ef7-ab76-efc11f895d17 event_type=book_view"
152.200.45.18 - synthetic.customer.0031 [22/Apr/2026:14:05:22 +0000] "POST /api/orders HTTP/1.1" 200 5209 "https://bookstore.example.com/checkout" "Mozilla/5.0 (Macintosh; Intel Mac OS X 10_15_7) AppleWebKit/537.36 (KHTML, like Gecko) Chrome/124.0 Safari/537.36" "session_id=29e2057f-3f0c-4c5d-8c97-dab8fd661e98 event_type=order_created"
181.57.90.44 - synthetic.customer.0044 [22/Apr/2026:14:05:28 +0000] "GET /books/9780262046305 HTTP/1.1" 200 5955 "https://bookstore.example.com/books/9780262046305" "Mozilla/5.0 (Macintosh; Intel Mac OS X 10_15_7) AppleWebKit/537.36 (KHTML, like Gecko) Chrome/124.0 Safari/537.36" "session_id=32d30b00-c8cc-480a-b5b7-62ada0319e54 event_type=book_view"
181.57.90.44 - anonymous [22/Apr/2026:14:05:29 +0000] "GET /search?q=mlops HTTP/1.1" 200 3098 "https://bookstore.example.com/home" "Mozilla/5.0 (Macintosh; Intel Mac OS X 10_15_7) AppleWebKit/537.36 (KHTML, like Gecko) Chrome/124.0 Safari/537.36" "session_id=c0a451d0-582e-4219-b726-25a631a02f91 event_type=search"
172.16.1.101 - anonymous [22/Apr/2026:14:05:48 +0000] "GET /search?q=distributed+systems HTTP/1.1" 200 12550 "https://bookstore.example.com/home" "Mozilla/5.0 (iPhone; CPU iPhone OS 17_4 like Mac OS X) AppleWebKit/605.1.15 (KHTML, like Gecko) Version/17.4 Mobile/15E148 Safari/604.1" "session_id=b6f7324a-009d-4a9a-bc7d-0b0b368a985e event_type=search"
172.16.1.102 - anonymous [22/Apr/2026:14:06:11 +0000] "GET /books HTTP/1.1" 200 622 "https://bookstore.example.com/search?q=distributed+systems" "Mozilla/5.0 (X11; Linux x86_64) AppleWebKit/537.36 (KHTML, like Gecko) Chrome/124.0 Safari/537.36" "session_id=7a8606c2-2468-481c-8660-9b0a92c7b5ce event_type=book_list_view"
172.16.1.101 - anonymous [22/Apr/2026:14:06:20 +0000] "GET /books HTTP/1.1" 200 11916 "https://bookstore.example.com/search?q=distributed+systems" "Mozilla/5.0 (iPhone; CPU iPhone OS 17_4 like Mac OS X) AppleWebKit/605.1.15 (KHTML, like Gecko) Version/17.4 Mobile/15E148 Safari/604.1" "session_id=b6f7324a-009d-4a9a-bc7d-0b0b368a985e event_type=book_list_view"
172.16.1.102 - synthetic.customer.0053 [22/Apr/2026:14:06:22 +0000] "GET /books/9780132350884 HTTP/1.1" 200 3968 "https://bookstore.example.com/books/9780131103627" "Mozilla/5.0 (iPhone; CPU iPhone OS 17_4 like Mac OS X) AppleWebKit/605.1.15 (KHTML, like Gecko) Version/17.4 Mobile/15E148 Safari/604.1" "session_id=f8e1b978-19c7-41ac-a627-62d46799b839 event_type=book_view"
190.144.10.25 - anonymous [22/Apr/2026:14:07:22 +0000] "GET /books/9780132350884 HTTP/1.1" 200 11226 "https://bookstore.example.com/books/9781098104030" "Mozilla/5.0 (Macintosh; Intel Mac OS X 10_15_7) AppleWebKit/537.36 (KHTML, like Gecko) Chrome/124.0 Safari/537.36" "session_id=0cf1023b-7c4b-4ba2-81f7-1d2796085371 event_type=book_view"
181.57.90.44 - synthetic.customer.0044 [22/Apr/2026:14:07:42 +0000] "POST /cart/add?book_id=9780262046305 HTTP/1.1" 200 7800 "https://bookstore.example.com/books/9780262046305" "Mozilla/5.0 (Macintosh; Intel Mac OS X 10_15_7) AppleWebKit/537.36 (KHTML, like Gecko) Chrome/124.0 Safari/537.36" "session_id=32d30b00-c8cc-480a-b5b7-62ada0319e54 event_type=add_to_cart"
172.16.1.102 - anonymous [22/Apr/2026:14:08:01 +0000] "GET /books/9781491950357 HTTP/1.1" 200 2155 "https://bookstore.example.com/books" "Mozilla/5.0 (X11; Linux x86_64) AppleWebKit/537.36 (KHTML, like Gecko) Chrome/124.0 Safari/537.36" "session_id=7a8606c2-2468-481c-8660-9b0a92c7b5ce event_type=book_view"
172.16.1.101 - anonymous [22/Apr/2026:14:08:44 +0000] "GET /books/9780262046305 HTTP/1.1" 200 530 "https://bookstore.example.com/books" "Mozilla/5.0 (iPhone; CPU iPhone OS 17_4 like Mac OS X) AppleWebKit/605.1.15 (KHTML, like Gecko) Version/17.4 Mobile/15E148 Safari/604.1" "session_id=b6f7324a-009d-4a9a-bc7d-0b0b368a985e event_type=book_view"
172.16.1.103 - synthetic.customer.0002 [22/Apr/2026:14:09:10 +0000] "GET /books/9780131103627 HTTP/1.1" 200 7114 "https://bookstore.example.com/books/9781492078005" "Mozilla/5.0 (Windows NT 10.0; Win64; x64) AppleWebKit/537.36 (KHTML, like Gecko) Chrome/124.0 Safari/537.36" "session_id=a0946f72-9fde-4ef7-ab76-efc11f895d17 event_type=book_view"
186.84.32.10 - synthetic.customer.0037 [22/Apr/2026:14:09:15 +0000] "GET /home HTTP/1.1" 200 3057 "-" "Mozilla/5.0 (Windows NT 10.0; Win64; x64) AppleWebKit/537.36 (KHTML, like Gecko) Chrome/124.0 Safari/537.36" "session_id=b6738d18-e96c-47bd-862d-2fd09646664a event_type=home_view"
